******************************************************************************
                  TI ARM Linker PC v5.1.7                      
******************************************************************************
>> Linked Thu Oct 30 20:25:16 2014

OUTPUT FILE NAME:   <FreeRTOS_Timer.out>
ENTRY POINT SYMBOL: "_c_int00"  address: 00002545


MEMORY CONFIGURATION

         name            origin    length      used     unused   attr    fill
----------------------  --------  ---------  --------  --------  ----  --------
  FLASH                 00000000   00040000  00002b2e  0003d4d2  R  X
  SRAM                  20000000   00010000  000029dc  0000d624  RW X


SEGMENT ALLOCATION MAP

run origin  load origin   length   init length attrs members
----------  ----------- ---------- ----------- ----- -------
00000000    00000000    00002b30   00002b30    r-x
  00000000    00000000    000000f0   000000f0    r-- .intvecs
  000000f0    000000f0    0000260a   0000260a    r-x .text
  000026fc    000026fc    000003ec   000003ec    r-- .const
  00002ae8    00002ae8    00000048   00000048    r-- .cinit
20000000    20000000    000029dc   00000000    rw-
  20000000    20000000    00002188   00000000    rw- .bss
  20002188    20002188    00000800   00000000    rw- .stack
  20002988    20002988    00000054   00000000    rw- .data


SECTION ALLOCATION MAP

 output                                  attributes/
section   page    origin      length       input sections
--------  ----  ----------  ----------   ----------------
.intvecs   0    00000000    000000f0     
                  00000000    000000f0     startup_ccs.obj (.intvecs)

.text      0    000000f0    0000260a     
                  000000f0    00000794     tasks.obj (.text)
                  00000884    00000754     rtsv7M3_T_le_eabi.lib : _printfi_nf.obj (.text)
                  00000fd8    00000510     rit128x96x4.obj (.text)
                  000014e8    000001f4     rtsv7M3_T_le_eabi.lib : ull_div_t2.obj (.text)
                  000016dc    000001bc     Timer_Main.obj (.text)
                  00001898    000001b4     heap_2.obj (.text)
                  00001a4c    00000198     driverlib-cm3.lib : sysctl.obj (.text:SysCtlClockGet)
                  00001be4    00000144                       : sysctl.obj (.text:SysCtlClockSet)
                  00001d28    00000132     list.obj (.text)
                  00001e5a    00000002     --HOLE-- [fill = 0]
                  00001e5c    000000e8     port.obj (.text)
                  00001f44    000000c8     driverlib-cm3.lib : gpio.obj (.text:GPIOPadConfigSet)
                  0000200c    0000009c     rtsv7M3_T_le_eabi.lib : memcpy_t2.obj (.text)
                  000020a8    00000094                           : auto_init.obj (.text)
                  0000213c    00000088     driverlib-cm3.lib : sysctl.obj (.text:SysCtlPeripheralReset)
                  000021c4    00000080     portasm.obj (.text)
                  00002244    00000078     rtsv7M3_T_le_eabi.lib : memset_t2.obj (.text)
                  000022bc    00000060                           : sprintf.obj (.text)
                  0000231c    0000005e                           : copy_decompress_rle.obj (.text)
                  0000237a    00000002     --HOLE-- [fill = 0]
                  0000237c    00000058     driverlib-cm3.lib : sysctl.obj (.text:SysCtlPeripheralDisable)
                  000023d4    00000058                       : sysctl.obj (.text:SysCtlPeripheralEnable)
                  0000242c    0000004c     rtsv7M3_T_le_eabi.lib : atoi.obj (.text)
                  00002478    00000044     driverlib-cm3.lib : ssi.obj (.text:SSIConfigSetExpClk)
                  000024bc    00000044     rtsv7M3_T_le_eabi.lib : cpy_tbl.obj (.text)
                  00002500    00000044                           : exit.obj (.text)
                  00002544    00000034                           : boot.obj (.text)
                  00002578    00000030                           : strncpy.obj (.text)
                  000025a8    0000002e     driverlib-cm3.lib : gpio.obj (.text:GPIODirModeSet)
                  000025d6    0000001a     rtsv7M3_T_le_eabi.lib : memccpy.obj (.text)
                  000025f0    00000018                           : args_main.obj (.text)
                  00002608    00000018                           : ll_mul_t2.obj (.text)
                  00002620    00000014                           : _lock.obj (.text)
                  00002634    00000014                           : strlen.obj (.text)
                  00002648    00000012     driverlib-cm3.lib : gpio.obj (.text:GPIOPinTypeGPIOInput)
                  0000265a    00000012                       : gpio.obj (.text:GPIOPinTypeGPIOOutput)
                  0000266c    00000012                       : gpio.obj (.text:GPIOPinTypeSSI)
                  0000267e    00000012                       : ssi.obj (.text:SSIDataGetNonBlocking)
                  00002690    00000012     rtsv7M3_T_le_eabi.lib : copy_zero_init.obj (.text:decompress:ZI)
                  000026a2    0000000e                           : copy_decompress_none.obj (.text:decompress:none)
                  000026b0    0000000c     startup_ccs.obj (.text)
                  000026bc    0000000a     driverlib-cm3.lib : ssi.obj (.text:SSIDataPut)
                  000026c6    0000000a                       : ssi.obj (.text:SSIDisable)
                  000026d0    0000000a                       : ssi.obj (.text:SSIEnable)
                  000026da    00000008                       : ssi.obj (.text:SSIBusy)
                  000026e2    00000006                       : gpio.obj (.text:GPIOPinRead)
                  000026e8    00000006                       : gpio.obj (.text:GPIOPinWrite)
                  000026ee    00000006                       : sysctl.obj (.text:SysCtlDelay)
                  000026f4    00000006     rtsv7M3_T_le_eabi.lib : copy_decompress_rle.obj (.text:decompress:rle24)

.const     0    000026fc    000003ec     
                  000026fc    000001e0     rit128x96x4.obj (.const:g_pucFont)
                  000028dc    00000102     rtsv7M3_T_le_eabi.lib : ctype.obj (.const:.string:_ctypes_)
                  000029de    00000002     heap_2.obj (.const)
                  000029e0    0000006c     driverlib-cm3.lib : sysctl.obj (.const:g_pulXtals)
                  00002a4c    0000004f     rit128x96x4.obj (.const:.string:g_pucRIT128x96x4Init)
                  00002a9b    00000001     --HOLE-- [fill = 0]
                  00002a9c    00000040     driverlib-cm3.lib : sysctl.obj (.const)
                  00002adc    0000000c     rit128x96x4.obj (.const:.string)

.cinit     0    00002ae8    00000048     
                  00002ae8    00000020     (.cinit..data.load) [load image, compression = rle]
                  00002b08    0000000c     (__TI_handler_table)
                  00002b14    00000004     --HOLE-- [fill = 0]
                  00002b18    00000008     (.cinit..bss.load) [load image, compression = zero_init]
                  00002b20    00000010     (__TI_cinit_table)

.bss       0    20000000    00002188     UNINITIALIZED
                  20000000    00002000     heap_2.obj (.bss:xHeap)
                  20002000    00000100     startup_ccs.obj (.bss:pulStack)
                  20002100    00000028     tasks.obj (.bss:pxReadyTasksLists)
                  20002128    00000014     (.common:xDelayedTaskList1)
                  2000213c    00000014     (.common:xDelayedTaskList2)
                  20002150    00000014     (.common:xPendingReadyList)
                  20002164    00000008     (.common:g_pucBuffer)
                  2000216c    00000008     (.common:xEnd)
                  20002174    00000008     (.common:xStart)
                  2000217c    00000004     (.common:g_ulSSIFlags)
                  20002180    00000004     (.common:pxDelayedTaskList)
                  20002184    00000004     (.common:pxOverflowDelayedTaskList)

.stack     0    20002188    00000800     UNINITIALIZED
                  20002188    00000800     --HOLE--

.data      0    20002988    00000054     UNINITIALIZED
                  20002988    00000030     tasks.obj (.data)
                  200029b8    00000008     heap_2.obj (.data)
                  200029c0    00000008     port.obj (.data)
                  200029c8    00000008     rtsv7M3_T_le_eabi.lib : _lock.obj (.data)
                  200029d0    00000008                           : exit.obj (.data)
                  200029d8    00000004                           : stkdepth_vars.obj (.data)


LINKER GENERATED COPY TABLES

__TI_cinit_table @ 00002b20 records: 2, size/record: 8, table size: 16
	.data: load addr=00002ae8, load size=00000020 bytes, run addr=20002988, run size=00000054 bytes, compression=rle
	.bss: load addr=00002b18, load size=00000008 bytes, run addr=20000000, run size=00002188 bytes, compression=zero_init


LINKER GENERATED HANDLER TABLE

__TI_handler_table @ 00002b08 records: 3, size/record: 4, table size: 12
	index: 0, handler: __TI_decompress_rle24
	index: 1, handler: __TI_decompress_none
	index: 2, handler: __TI_zero_init


GLOBAL SYMBOLS: SORTED ALPHABETICALLY BY Name 

address    name
--------   ----
0000173d   BlinkLED
00002501   C$$EXIT
00001785   Display
000025a9   GPIODirModeSet
00001f45   GPIOPadConfigSet
000026e3   GPIOPinRead
00002649   GPIOPinTypeGPIOInput
0000265b   GPIOPinTypeGPIOOutput
0000266d   GPIOPinTypeSSI
000026e9   GPIOPinWrite
000016dd   PrintInit
000010e1   RIT128x96x4Clear
0000135f   RIT128x96x4Disable
000014b1   RIT128x96x4DisplayOff
0000147d   RIT128x96x4DisplayOn
00001305   RIT128x96x4Enable
0000127d   RIT128x96x4ImageDraw
000013d9   RIT128x96x4Init
0000113d   RIT128x96x4StringDraw
000026b1   ResetISR
UNDEFED    SHT$$INIT_ARRAY$$Base
UNDEFED    SHT$$INIT_ARRAY$$Limit
000026db   SSIBusy
00002479   SSIConfigSetExpClk
0000267f   SSIDataGetNonBlocking
000026bd   SSIDataPut
000026c7   SSIDisable
000026d1   SSIEnable
00001a4d   SysCtlClockGet
00001be5   SysCtlClockSet
000026ef   SysCtlDelay
0000237d   SysCtlPeripheralDisable
000023d5   SysCtlPeripheralEnable
0000213d   SysCtlPeripheralReset
20002988   __STACK_END
00000800   __STACK_SIZE
20002288   __STACK_TOP
00002b20   __TI_CINIT_Base
00002b30   __TI_CINIT_Limit
00002b08   __TI_Handler_Table_Base
00002b14   __TI_Handler_Table_Limit
00000001   __TI_args_main
000020a9   __TI_auto_init
200029d0   __TI_cleanup_ptr
000026a3   __TI_decompress_none
000026f5   __TI_decompress_rle24
200029d4   __TI_dtors_ptr
00000cd1   __TI_printfi_nofloat
00000000   __TI_static_base__
00002691   __TI_zero_init
00002609   __aeabi_lmul
00002245   __aeabi_memclr
00002245   __aeabi_memclr4
00002245   __aeabi_memclr8
0000200d   __aeabi_memcpy
0000200d   __aeabi_memcpy4
0000200d   __aeabi_memcpy8
00002247   __aeabi_memset
00002247   __aeabi_memset4
00002247   __aeabi_memset8
000014e9   __aeabi_uldivmod
ffffffff   __binit__
ffffffff   __c_args__
20002188   __stack
000025f1   _args_main
00002545   _c_int00
000028dc   _ctypes_
200029c8   _lock
0000262f   _nop
00002627   _register_lock
00002621   _register_unlock
200029cc   _unlock
00002505   abort
0000242d   atoi
ffffffff   binit
000024bd   copy_in
0000250d   exit
00000000   g_pfnVectors
000017c7   main
200029d8   main_func_sp
000025d7   memccpy
0000200d   memcpy
0000224d   memset
00001899   pvPortMalloc
20002988   pxCurrentTCB
00001e5d   pxPortInitialiseStack
000022bd   sprintf
00002635   strlen
00002579   strncpy
00002201   ulPortSetInterruptMask
00001e13   uxListRemove
00000425   uxTaskGetNumberOfTasks
00001d29   vListInitialise
00001d59   vListInitialiseItem
00001dad   vListInsert
00001d69   vListInsertEnd
0000220f   vPortClearInterruptMask
00001ecd   vPortEndScheduler
00001ed9   vPortEnterCritical
00001ee9   vPortExitCritical
000019c1   vPortFree
00001a29   vPortInitialiseBlocks
00002215   vPortSVCHandler
00001f1b   vPortSetupTimerInterrupt
00002233   vPortStartFirstTask
00001ecf   vPortYieldFromISR
00000291   vTaskDelay
0000020b   vTaskDelayUntil
00000311   vTaskEndScheduler
0000043d   vTaskIncrementTick
000006e9   vTaskMissedYield
000005b1   vTaskPlaceOnEventList
00000661   vTaskSetTimeOutState
000002cb   vTaskStartScheduler
00000323   vTaskSuspendAll
00000541   vTaskSwitchContext
00001a23   xPortGetFreeHeapSize
000021c5   xPortPendSVHandler
00001ea5   xPortStartScheduler
200029c4   xPortSysTickCount
00001f01   xPortSysTickHandler
00000685   xTaskCheckForTimeOut
000000f1   xTaskGenericCreate
000003f5   xTaskGetTickCount
0000040d   xTaskGetTickCountFromISR
000005ed   xTaskRemoveFromEventList
0000032d   xTaskResumeAll


GLOBAL SYMBOLS: SORTED BY Symbol Address 

address    name
--------   ----
00000000   __TI_static_base__
00000000   g_pfnVectors
00000001   __TI_args_main
000000f1   xTaskGenericCreate
0000020b   vTaskDelayUntil
00000291   vTaskDelay
000002cb   vTaskStartScheduler
00000311   vTaskEndScheduler
00000323   vTaskSuspendAll
0000032d   xTaskResumeAll
000003f5   xTaskGetTickCount
0000040d   xTaskGetTickCountFromISR
00000425   uxTaskGetNumberOfTasks
0000043d   vTaskIncrementTick
00000541   vTaskSwitchContext
000005b1   vTaskPlaceOnEventList
000005ed   xTaskRemoveFromEventList
00000661   vTaskSetTimeOutState
00000685   xTaskCheckForTimeOut
000006e9   vTaskMissedYield
00000800   __STACK_SIZE
00000cd1   __TI_printfi_nofloat
000010e1   RIT128x96x4Clear
0000113d   RIT128x96x4StringDraw
0000127d   RIT128x96x4ImageDraw
00001305   RIT128x96x4Enable
0000135f   RIT128x96x4Disable
000013d9   RIT128x96x4Init
0000147d   RIT128x96x4DisplayOn
000014b1   RIT128x96x4DisplayOff
000014e9   __aeabi_uldivmod
000016dd   PrintInit
0000173d   BlinkLED
00001785   Display
000017c7   main
00001899   pvPortMalloc
000019c1   vPortFree
00001a23   xPortGetFreeHeapSize
00001a29   vPortInitialiseBlocks
00001a4d   SysCtlClockGet
00001be5   SysCtlClockSet
00001d29   vListInitialise
00001d59   vListInitialiseItem
00001d69   vListInsertEnd
00001dad   vListInsert
00001e13   uxListRemove
00001e5d   pxPortInitialiseStack
00001ea5   xPortStartScheduler
00001ecd   vPortEndScheduler
00001ecf   vPortYieldFromISR
00001ed9   vPortEnterCritical
00001ee9   vPortExitCritical
00001f01   xPortSysTickHandler
00001f1b   vPortSetupTimerInterrupt
00001f45   GPIOPadConfigSet
0000200d   __aeabi_memcpy
0000200d   __aeabi_memcpy4
0000200d   __aeabi_memcpy8
0000200d   memcpy
000020a9   __TI_auto_init
0000213d   SysCtlPeripheralReset
000021c5   xPortPendSVHandler
00002201   ulPortSetInterruptMask
0000220f   vPortClearInterruptMask
00002215   vPortSVCHandler
00002233   vPortStartFirstTask
00002245   __aeabi_memclr
00002245   __aeabi_memclr4
00002245   __aeabi_memclr8
00002247   __aeabi_memset
00002247   __aeabi_memset4
00002247   __aeabi_memset8
0000224d   memset
000022bd   sprintf
0000237d   SysCtlPeripheralDisable
000023d5   SysCtlPeripheralEnable
0000242d   atoi
00002479   SSIConfigSetExpClk
000024bd   copy_in
00002501   C$$EXIT
00002505   abort
0000250d   exit
00002545   _c_int00
00002579   strncpy
000025a9   GPIODirModeSet
000025d7   memccpy
000025f1   _args_main
00002609   __aeabi_lmul
00002621   _register_unlock
00002627   _register_lock
0000262f   _nop
00002635   strlen
00002649   GPIOPinTypeGPIOInput
0000265b   GPIOPinTypeGPIOOutput
0000266d   GPIOPinTypeSSI
0000267f   SSIDataGetNonBlocking
00002691   __TI_zero_init
000026a3   __TI_decompress_none
000026b1   ResetISR
000026bd   SSIDataPut
000026c7   SSIDisable
000026d1   SSIEnable
000026db   SSIBusy
000026e3   GPIOPinRead
000026e9   GPIOPinWrite
000026ef   SysCtlDelay
000026f5   __TI_decompress_rle24
000028dc   _ctypes_
00002b08   __TI_Handler_Table_Base
00002b14   __TI_Handler_Table_Limit
00002b20   __TI_CINIT_Base
00002b30   __TI_CINIT_Limit
20002188   __stack
20002288   __STACK_TOP
20002988   __STACK_END
20002988   pxCurrentTCB
200029c4   xPortSysTickCount
200029c8   _lock
200029cc   _unlock
200029d0   __TI_cleanup_ptr
200029d4   __TI_dtors_ptr
200029d8   main_func_sp
ffffffff   __binit__
ffffffff   __c_args__
ffffffff   binit
UNDEFED    SHT$$INIT_ARRAY$$Base
UNDEFED    SHT$$INIT_ARRAY$$Limit

[127 symbols]
