******************************************************************************
                  TI ARM Linker PC v5.1.7                      
******************************************************************************
>> Linked Thu Dec 11 09:25:25 2014

OUTPUT FILE NAME:   <Project_1.out>
ENTRY POINT SYMBOL: "_c_int00"  address: 00002e41


MEMORY CONFIGURATION

         name            origin    length      used     unused   attr    fill
----------------------  --------  ---------  --------  --------  ----  --------
  FLASH                 00000000   00040000  000034fa  0003cb06  R  X
  SRAM                  20000000   00010000  000029fc  0000d604  RW X


SEGMENT ALLOCATION MAP

run origin  load origin   length   init length attrs members
----------  ----------- ---------- ----------- ----- -------
00000000    00000000    00003500   00003500    r-x
  00000000    00000000    000000f0   000000f0    r-- .intvecs
  000000f0    000000f0    00002f98   00002f98    r-x .text
  00003088    00003088    0000041a   0000041a    r-- .const
  000034a8    000034a8    00000058   00000058    r-- .cinit
20000000    20000000    000029fc   00000000    rw-
  20000000    20000000    0000218c   00000000    rw- .bss
  2000218c    2000218c    00000800   00000000    rw- .stack
  2000298c    2000298c    00000070   00000000    rw- .data


SECTION ALLOCATION MAP

 output                                  attributes/
section   page    origin      length       input sections
--------  ----  ----------  ----------   ----------------
.intvecs   0    00000000    000000f0     
                  00000000    000000f0     startup_ccs.obj (.intvecs)

.text      0    000000f0    00002f98     
                  000000f0    00000794     tasks.obj (.text)
                  00000884    00000754     rtsv7M3_T_le_eabi.lib : _printfi_nf.obj (.text)
                  00000fd8    00000510     rit128x96x4.obj (.text)
                  000014e8    000004c8     Main_ADC.obj (.text)
                  000019b0    000004a8     uartstdio.obj (.text)
                  00001e58    000001f4     rtsv7M3_T_le_eabi.lib : ull_div_t2.obj (.text)
                  0000204c    000001b4     heap_2.obj (.text)
                  00002200    00000198     driverlib-cm3.lib : sysctl.obj (.text:SysCtlClockGet)
                  00002398    00000144                       : sysctl.obj (.text:SysCtlClockSet)
                  000024dc    00000132     list.obj (.text)
                  0000260e    00000002     --HOLE-- [fill = 0]
                  00002610    000000e8     port.obj (.text)
                  000026f8    000000c8     driverlib-cm3.lib : gpio.obj (.text:GPIOPadConfigSet)
                  000027c0    0000009c     rtsv7M3_T_le_eabi.lib : memcpy_t2.obj (.text)
                  0000285c    00000094                           : auto_init.obj (.text)
                  000028f0    00000088     driverlib-cm3.lib : sysctl.obj (.text:SysCtlPeripheralReset)
                  00002978    00000080     portasm.obj (.text)
                  000029f8    00000078     driverlib-cm3.lib : sysctl.obj (.text:SysCtlPeripheralPresent)
                  00002a70    00000078     rtsv7M3_T_le_eabi.lib : memset_t2.obj (.text)
                  00002ae8    00000060                           : sprintf.obj (.text)
                  00002b48    0000005e                           : copy_decompress_rle.obj (.text)
                  00002ba6    00000002     --HOLE-- [fill = 0]
                  00002ba8    00000058     driverlib-cm3.lib : sysctl.obj (.text:SysCtlPeripheralDisable)
                  00002c00    00000058                       : sysctl.obj (.text:SysCtlPeripheralEnable)
                  00002c58    0000004c     rtsv7M3_T_le_eabi.lib : atoi.obj (.text)
                  00002ca4    0000004c                           : rand.obj (.text)
                  00002cf0    00000044     driverlib-cm3.lib : ssi.obj (.text:SSIConfigSetExpClk)
                  00002d34    00000044     rtsv7M3_T_le_eabi.lib : cpy_tbl.obj (.text)
                  00002d78    00000044                           : exit.obj (.text)
                  00002dbc    00000042     driverlib-cm3.lib : uart.obj (.text:UARTConfigSetExpClk)
                  00002dfe    00000042     rtsv7M3_T_le_eabi.lib : u_divt2.obj (.text)
                  00002e40    00000034                           : boot.obj (.text)
                  00002e74    00000030                           : strncpy.obj (.text)
                  00002ea4    0000002e     driverlib-cm3.lib : gpio.obj (.text:GPIODirModeSet)
                  00002ed2    00000002     --HOLE-- [fill = 0]
                  00002ed4    0000001c                       : uart.obj (.text:UARTDisable)
                  00002ef0    0000001a     rtsv7M3_T_le_eabi.lib : memccpy.obj (.text)
                  00002f0a    00000002     --HOLE-- [fill = 0]
                  00002f0c    00000018                           : args_main.obj (.text)
                  00002f24    00000018                           : ll_mul_t2.obj (.text)
                  00002f3c    00000014     driverlib-cm3.lib : systick.obj (.text:SysTickEnable)
                  00002f50    00000014                       : systick.obj (.text:SysTickIntEnable)
                  00002f64    00000014                       : uart.obj (.text:UARTEnable)
                  00002f78    00000014     rtsv7M3_T_le_eabi.lib : _lock.obj (.text)
                  00002f8c    00000014                           : strlen.obj (.text)
                  00002fa0    00000012     driverlib-cm3.lib : gpio.obj (.text:GPIOPinTypeGPIOInput)
                  00002fb2    00000012                       : gpio.obj (.text:GPIOPinTypeGPIOOutput)
                  00002fc4    00000012                       : gpio.obj (.text:GPIOPinTypeSSI)
                  00002fd6    00000012                       : gpio.obj (.text:GPIOPinTypeUART)
                  00002fe8    00000012                       : ssi.obj (.text:SSIDataGetNonBlocking)
                  00002ffa    00000012     rtsv7M3_T_le_eabi.lib : copy_zero_init.obj (.text:decompress:ZI)
                  0000300c    00000010     driverlib-cm3.lib : systick.obj (.text:SysTickPeriodSet)
                  0000301c    0000000e     rtsv7M3_T_le_eabi.lib : copy_decompress_none.obj (.text:decompress:none)
                  0000302a    0000000c     startup_ccs.obj (.text)
                  00003036    0000000a     driverlib-cm3.lib : ssi.obj (.text:SSIDataPut)
                  00003040    0000000a                       : ssi.obj (.text:SSIDisable)
                  0000304a    0000000a                       : ssi.obj (.text:SSIEnable)
                  00003054    0000000a                       : uart.obj (.text:UARTCharGet)
                  0000305e    0000000a                       : uart.obj (.text:UARTCharPut)
                  00003068    00000008                       : ssi.obj (.text:SSIBusy)
                  00003070    00000006                       : gpio.obj (.text:GPIOPinRead)
                  00003076    00000006                       : gpio.obj (.text:GPIOPinWrite)
                  0000307c    00000006                       : sysctl.obj (.text:SysCtlDelay)
                  00003082    00000006     rtsv7M3_T_le_eabi.lib : copy_decompress_rle.obj (.text:decompress:rle24)

.const     0    00003088    0000041a     
                  00003088    000001e0     rit128x96x4.obj (.const:g_pucFont)
                  00003268    00000102     rtsv7M3_T_le_eabi.lib : ctype.obj (.const:.string:_ctypes_)
                  0000336a    00000002     heap_2.obj (.const)
                  0000336c    0000006c     driverlib-cm3.lib : sysctl.obj (.const:g_pulXtals)
                  000033d8    0000004f     rit128x96x4.obj (.const:.string:g_pucRIT128x96x4Init)
                  00003427    00000001     --HOLE-- [fill = 0]
                  00003428    00000040     driverlib-cm3.lib : sysctl.obj (.const)
                  00003468    0000001c     uartstdio.obj (.const)
                  00003484    00000012     uartstdio.obj (.const:.string)
                  00003496    0000000c     rit128x96x4.obj (.const:.string)

.cinit     0    000034a8    00000058     
                  000034a8    00000031     (.cinit..data.load) [load image, compression = rle]
                  000034d9    00000003     --HOLE-- [fill = 0]
                  000034dc    0000000c     (__TI_handler_table)
                  000034e8    00000008     (.cinit..bss.load) [load image, compression = zero_init]
                  000034f0    00000010     (__TI_cinit_table)

.bss       0    20000000    0000218c     UNINITIALIZED
                  20000000    00002000     heap_2.obj (.bss:xHeap)
                  20002000    00000100     startup_ccs.obj (.bss:pulStack)
                  20002100    00000028     tasks.obj (.bss:pxReadyTasksLists)
                  20002128    00000014     (.common:xDelayedTaskList1)
                  2000213c    00000014     (.common:xDelayedTaskList2)
                  20002150    00000014     (.common:xPendingReadyList)
                  20002164    00000008     (.common:g_pucBuffer)
                  2000216c    00000008     (.common:xEnd)
                  20002174    00000008     (.common:xStart)
                  2000217c    00000004     (.common:g_ulSSIFlags)
                  20002180    00000004     (.common:pxDelayedTaskList)
                  20002184    00000004     (.common:pxOverflowDelayedTaskList)
                  20002188    00000004     (.common:systemClock)

.stack     0    2000218c    00000800     UNINITIALIZED
                  2000218c    00000800     --HOLE--

.data      0    2000298c    00000070     UNINITIALIZED
                  2000298c    00000030     tasks.obj (.data)
                  200029bc    00000010     Main_ADC.obj (.data)
                  200029cc    00000008     heap_2.obj (.data)
                  200029d4    00000008     port.obj (.data)
                  200029dc    00000008     rtsv7M3_T_le_eabi.lib : _lock.obj (.data)
                  200029e4    00000008                           : exit.obj (.data)
                  200029ec    00000005     uartstdio.obj (.data)
                  200029f1    00000003     --HOLE--
                  200029f4    00000004     rtsv7M3_T_le_eabi.lib : rand.obj (.data)
                  200029f8    00000004                           : stkdepth_vars.obj (.data)


LINKER GENERATED COPY TABLES

__TI_cinit_table @ 000034f0 records: 2, size/record: 8, table size: 16
	.data: load addr=000034a8, load size=00000031 bytes, run addr=2000298c, run size=00000070 bytes, compression=rle
	.bss: load addr=000034e8, load size=00000008 bytes, run addr=20000000, run size=0000218c bytes, compression=zero_init


LINKER GENERATED HANDLER TABLE

__TI_handler_table @ 000034dc records: 3, size/record: 4, table size: 12
	index: 0, handler: __TI_decompress_rle24
	index: 1, handler: __TI_decompress_none
	index: 2, handler: __TI_zero_init


GLOBAL SYMBOLS: SORTED ALPHABETICALLY BY Name 

address    name
--------   ----
000015bd   BlinkExecute
00001591   BlinkInit
00002d79   C$$EXIT
00002ea5   GPIODirModeSet
000026f9   GPIOPadConfigSet
00003071   GPIOPinRead
00002fa1   GPIOPinTypeGPIOInput
00002fb3   GPIOPinTypeGPIOOutput
00002fc5   GPIOPinTypeSSI
00002fd7   GPIOPinTypeUART
00003077   GPIOPinWrite
000014f3   PrintInit
000010e1   RIT128x96x4Clear
0000135f   RIT128x96x4Disable
000014b1   RIT128x96x4DisplayOff
0000147d   RIT128x96x4DisplayOn
00001305   RIT128x96x4Enable
0000127d   RIT128x96x4ImageDraw
000013d9   RIT128x96x4Init
0000113d   RIT128x96x4StringDraw
0000302b   ResetISR
UNDEFED    SHT$$INIT_ARRAY$$Base
UNDEFED    SHT$$INIT_ARRAY$$Limit
00003069   SSIBusy
00002cf1   SSIConfigSetExpClk
00002fe9   SSIDataGetNonBlocking
00003037   SSIDataPut
00003041   SSIDisable
0000304b   SSIEnable
00002201   SysCtlClockGet
00002399   SysCtlClockSet
0000307d   SysCtlDelay
00002ba9   SysCtlPeripheralDisable
00002c01   SysCtlPeripheralEnable
000029f9   SysCtlPeripheralPresent
000028f1   SysCtlPeripheralReset
00002f3d   SysTickEnable
00002f51   SysTickIntEnable
000014e9   SysTickIntHandler
0000300d   SysTickPeriodSet
00003055   UARTCharGet
0000305f   UARTCharPut
00002dbd   UARTConfigSetExpClk
00002ed5   UARTDisable
00002f65   UARTEnable
000019b1   UARTStdioConfig
000019f7   UARTStdioInit
00001a0d   UARTStdioInitExpClk
00001b21   UARTgetc
00001a69   UARTgets
00001b49   UARTprintf
00001a23   UARTwrite
2000298c   __STACK_END
00000800   __STACK_SIZE
2000228c   __STACK_TOP
000034f0   __TI_CINIT_Base
00003500   __TI_CINIT_Limit
000034dc   __TI_Handler_Table_Base
000034e8   __TI_Handler_Table_Limit
00000001   __TI_args_main
0000285d   __TI_auto_init
200029e4   __TI_cleanup_ptr
0000301d   __TI_decompress_none
00003083   __TI_decompress_rle24
200029e8   __TI_dtors_ptr
00000cd1   __TI_printfi_nofloat
00000000   __TI_static_base__
00002ffb   __TI_zero_init
00002f25   __aeabi_lmul
00002a71   __aeabi_memclr
00002a71   __aeabi_memclr4
00002a71   __aeabi_memclr8
000027c1   __aeabi_memcpy
000027c1   __aeabi_memcpy4
000027c1   __aeabi_memcpy8
00002a73   __aeabi_memset
00002a73   __aeabi_memset4
00002a73   __aeabi_memset8
00002dff   __aeabi_uidivmod
00001e59   __aeabi_uldivmod
ffffffff   __binit__
ffffffff   __c_args__
2000218c   __stack
00002f0d   _args_main
00002e41   _c_int00
00003268   _ctypes_
200029dc   _lock
00002f87   _nop
00002f7f   _register_lock
00002f79   _register_unlock
200029e0   _unlock
00002d7d   abort
00002c59   atoi
ffffffff   binit
00002d35   copy_in
00002d85   exit
00000000   g_pfnVectors
00001671   game
00001925   main
200029f8   main_func_sp
00002ef1   memccpy
000027c1   memcpy
00002a79   memset
0000204d   pvPortMalloc
2000298c   pxCurrentTCB
00002611   pxPortInitialiseStack
00002cbb   rand
00002ae9   sprintf
00002ca5   srand
00002f8d   strlen
00002e75   strncpy
20002188   systemClock
000029b5   ulPortSetInterruptMask
000025c7   uxListRemove
00000425   uxTaskGetNumberOfTasks
000024dd   vListInitialise
0000250d   vListInitialiseItem
00002561   vListInsert
0000251d   vListInsertEnd
000029c3   vPortClearInterruptMask
00002681   vPortEndScheduler
0000268d   vPortEnterCritical
0000269d   vPortExitCritical
00002175   vPortFree
000021dd   vPortInitialiseBlocks
000029c9   vPortSVCHandler
000026cf   vPortSetupTimerInterrupt
000029e7   vPortStartFirstTask
00002683   vPortYieldFromISR
00000291   vTaskDelay
0000020b   vTaskDelayUntil
00000311   vTaskEndScheduler
0000043d   vTaskIncrementTick
000006e9   vTaskMissedYield
000005b1   vTaskPlaceOnEventList
00000661   vTaskSetTimeOutState
000002cb   vTaskStartScheduler
00000323   vTaskSuspendAll
00000541   vTaskSwitchContext
000021d7   xPortGetFreeHeapSize
00002979   xPortPendSVHandler
00002659   xPortStartScheduler
200029d8   xPortSysTickCount
000026b5   xPortSysTickHandler
00000685   xTaskCheckForTimeOut
000000f1   xTaskGenericCreate
000003f5   xTaskGetTickCount
0000040d   xTaskGetTickCountFromISR
000005ed   xTaskRemoveFromEventList
0000032d   xTaskResumeAll


GLOBAL SYMBOLS: SORTED BY Symbol Address 

address    name
--------   ----
00000000   __TI_static_base__
00000000   g_pfnVectors
00000001   __TI_args_main
000000f1   xTaskGenericCreate
0000020b   vTaskDelayUntil
00000291   vTaskDelay
000002cb   vTaskStartScheduler
00000311   vTaskEndScheduler
00000323   vTaskSuspendAll
0000032d   xTaskResumeAll
000003f5   xTaskGetTickCount
0000040d   xTaskGetTickCountFromISR
00000425   uxTaskGetNumberOfTasks
0000043d   vTaskIncrementTick
00000541   vTaskSwitchContext
000005b1   vTaskPlaceOnEventList
000005ed   xTaskRemoveFromEventList
00000661   vTaskSetTimeOutState
00000685   xTaskCheckForTimeOut
000006e9   vTaskMissedYield
00000800   __STACK_SIZE
00000cd1   __TI_printfi_nofloat
000010e1   RIT128x96x4Clear
0000113d   RIT128x96x4StringDraw
0000127d   RIT128x96x4ImageDraw
00001305   RIT128x96x4Enable
0000135f   RIT128x96x4Disable
000013d9   RIT128x96x4Init
0000147d   RIT128x96x4DisplayOn
000014b1   RIT128x96x4DisplayOff
000014e9   SysTickIntHandler
000014f3   PrintInit
00001591   BlinkInit
000015bd   BlinkExecute
00001671   game
00001925   main
000019b1   UARTStdioConfig
000019f7   UARTStdioInit
00001a0d   UARTStdioInitExpClk
00001a23   UARTwrite
00001a69   UARTgets
00001b21   UARTgetc
00001b49   UARTprintf
00001e59   __aeabi_uldivmod
0000204d   pvPortMalloc
00002175   vPortFree
000021d7   xPortGetFreeHeapSize
000021dd   vPortInitialiseBlocks
00002201   SysCtlClockGet
00002399   SysCtlClockSet
000024dd   vListInitialise
0000250d   vListInitialiseItem
0000251d   vListInsertEnd
00002561   vListInsert
000025c7   uxListRemove
00002611   pxPortInitialiseStack
00002659   xPortStartScheduler
00002681   vPortEndScheduler
00002683   vPortYieldFromISR
0000268d   vPortEnterCritical
0000269d   vPortExitCritical
000026b5   xPortSysTickHandler
000026cf   vPortSetupTimerInterrupt
000026f9   GPIOPadConfigSet
000027c1   __aeabi_memcpy
000027c1   __aeabi_memcpy4
000027c1   __aeabi_memcpy8
000027c1   memcpy
0000285d   __TI_auto_init
000028f1   SysCtlPeripheralReset
00002979   xPortPendSVHandler
000029b5   ulPortSetInterruptMask
000029c3   vPortClearInterruptMask
000029c9   vPortSVCHandler
000029e7   vPortStartFirstTask
000029f9   SysCtlPeripheralPresent
00002a71   __aeabi_memclr
00002a71   __aeabi_memclr4
00002a71   __aeabi_memclr8
00002a73   __aeabi_memset
00002a73   __aeabi_memset4
00002a73   __aeabi_memset8
00002a79   memset
00002ae9   sprintf
00002ba9   SysCtlPeripheralDisable
00002c01   SysCtlPeripheralEnable
00002c59   atoi
00002ca5   srand
00002cbb   rand
00002cf1   SSIConfigSetExpClk
00002d35   copy_in
00002d79   C$$EXIT
00002d7d   abort
00002d85   exit
00002dbd   UARTConfigSetExpClk
00002dff   __aeabi_uidivmod
00002e41   _c_int00
00002e75   strncpy
00002ea5   GPIODirModeSet
00002ed5   UARTDisable
00002ef1   memccpy
00002f0d   _args_main
00002f25   __aeabi_lmul
00002f3d   SysTickEnable
00002f51   SysTickIntEnable
00002f65   UARTEnable
00002f79   _register_unlock
00002f7f   _register_lock
00002f87   _nop
00002f8d   strlen
00002fa1   GPIOPinTypeGPIOInput
00002fb3   GPIOPinTypeGPIOOutput
00002fc5   GPIOPinTypeSSI
00002fd7   GPIOPinTypeUART
00002fe9   SSIDataGetNonBlocking
00002ffb   __TI_zero_init
0000300d   SysTickPeriodSet
0000301d   __TI_decompress_none
0000302b   ResetISR
00003037   SSIDataPut
00003041   SSIDisable
0000304b   SSIEnable
00003055   UARTCharGet
0000305f   UARTCharPut
00003069   SSIBusy
00003071   GPIOPinRead
00003077   GPIOPinWrite
0000307d   SysCtlDelay
00003083   __TI_decompress_rle24
00003268   _ctypes_
000034dc   __TI_Handler_Table_Base
000034e8   __TI_Handler_Table_Limit
000034f0   __TI_CINIT_Base
00003500   __TI_CINIT_Limit
20002188   systemClock
2000218c   __stack
2000228c   __STACK_TOP
2000298c   __STACK_END
2000298c   pxCurrentTCB
200029d8   xPortSysTickCount
200029dc   _lock
200029e0   _unlock
200029e4   __TI_cleanup_ptr
200029e8   __TI_dtors_ptr
200029f8   main_func_sp
ffffffff   __binit__
ffffffff   __c_args__
ffffffff   binit
UNDEFED    SHT$$INIT_ARRAY$$Base
UNDEFED    SHT$$INIT_ARRAY$$Limit

[150 symbols]
