******************************************************************************
                  TI ARM Linker PC v5.1.7                      
******************************************************************************
>> Linked Thu Dec 11 11:32:56 2014

OUTPUT FILE NAME:   <Task_Blinky.out>
ENTRY POINT SYMBOL: "_c_int00"  address: 00001a19


MEMORY CONFIGURATION

         name            origin    length      used     unused   attr    fill
----------------------  --------  ---------  --------  --------  ----  --------
  FLASH                 00000000   00040000  0000204e  0003dfb2  R  X
  SRAM                  20000000   00010000  00000960  0000f6a0  RW X


SEGMENT ALLOCATION MAP

run origin  load origin   length   init length attrs members
----------  ----------- ---------- ----------- ----- -------
00000000    00000000    00002050   00002050    r-x
  00000000    00000000    000000f0   000000f0    r-- .intvecs
  000000f0    000000f0    00001b22   00001b22    r-x .text
  00001c14    00001c14    000003ec   000003ec    r-- .const
  00002000    00002000    00000050   00000050    r-- .cinit
20000000    20000000    00000960   00000000    rw-
  20000000    20000000    00000800   00000000    rw- .stack
  20000800    20000800    00000120   00000000    rw- .bss
  20000920    20000920    00000040   00000000    rw- .data


SECTION ALLOCATION MAP

 output                                  attributes/
section   page    origin      length       input sections
--------  ----  ----------  ----------   ----------------
.intvecs   0    00000000    000000f0     
                  00000000    000000f0     new_startup_ccs.obj (.intvecs)

.init_array 
*          0    00000000    00000000     UNINITIALIZED

.text      0    000000f0    00001b22     
                  000000f0    00000754     rtsv7M3_T_le_eabi.lib : _printfi_nf.obj (.text)
                  00000844    000001f4                           : ull_div_t2.obj (.text)
                  00000a38    000001cc     Project_Main.obj (.text:gameScreen)
                  00000c04    00000198     driverlib-cm3.lib : sysctl.obj (.text:SysCtlClockGet)
                  00000d9c    00000188     Project_Main.obj (.text:sensorExec)
                  00000f24    00000144     driverlib-cm3.lib : sysctl.obj (.text:SysCtlClockSet)
                  00001068    000000d4     rit128x96x4.obj (.text:RIT128x96x4StringDraw)
                  0000113c    000000c8     driverlib-cm3.lib : gpio.obj (.text:GPIOPadConfigSet)
                  00001204    000000c0     Project_Main.obj (.text:SysTickInit)
                  000012c4    000000a4     rit128x96x4.obj (.text:RIT128x96x4Init)
                  00001368    0000009c     rtsv7M3_T_le_eabi.lib : memcpy_t2.obj (.text)
                  00001404    00000094                           : auto_init.obj (.text)
                  00001498    00000088     driverlib-cm3.lib : sysctl.obj (.text:SysCtlPeripheralReset)
                  00001520    00000078     rtsv7M3_T_le_eabi.lib : memset_t2.obj (.text)
                  00001598    00000060     rit128x96x4.obj (.text:RIT128x96x4Enable)
                  000015f8    00000060     rit128x96x4.obj (.text:RITWriteCommand)
                  00001658    00000060     rit128x96x4.obj (.text:RITWriteData)
                  000016b8    00000060     rtsv7M3_T_le_eabi.lib : sprintf.obj (.text)
                  00001718    0000005e                           : copy_decompress_rle.obj (.text)
                  00001776    00000002     new_startup_ccs.obj (.text:FaultISR)
                  00001778    00000058     driverlib-cm3.lib : sysctl.obj (.text:SysCtlPeripheralDisable)
                  000017d0    00000058                       : sysctl.obj (.text:SysCtlPeripheralEnable)
                  00001828    0000004c     rtsv7M3_T_le_eabi.lib : atoi.obj (.text)
                  00001874    0000004c                           : rand.obj (.text)
                  000018c0    00000048     rit128x96x4.obj (.text:RIT128x96x4Clear)
                  00001908    00000044     driverlib-cm3.lib : ssi.obj (.text:SSIConfigSetExpClk)
                  0000194c    00000044     rtsv7M3_T_le_eabi.lib : cpy_tbl.obj (.text)
                  00001990    00000044                           : exit.obj (.text)
                  000019d4    00000044     Project_Main.obj (.text:sensorInit)
                  00001a18    00000034     rtsv7M3_T_le_eabi.lib : boot.obj (.text)
                  00001a4c    0000002e     driverlib-cm3.lib : gpio.obj (.text:GPIODirModeSet)
                  00001a7a    00000002     new_startup_ccs.obj (.text:IntDefaultHandler)
                  00001a7c    00000028     Project_Main.obj (.text:gameScreenInit)
                  00001aa4    0000001a     rtsv7M3_T_le_eabi.lib : memccpy.obj (.text)
                  00001abe    00000018     Project_Main.obj (.text:main)
                  00001ad6    00000002     new_startup_ccs.obj (.text:NmiSR)
                  00001ad8    00000018     rtsv7M3_T_le_eabi.lib : args_main.obj (.text)
                  00001af0    00000018                           : ll_mul_t2.obj (.text)
                  00001b08    00000014     driverlib-cm3.lib : systick.obj (.text:SysTickEnable)
                  00001b1c    00000014                       : systick.obj (.text:SysTickIntEnable)
                  00001b30    00000014     rtsv7M3_T_le_eabi.lib : _lock.obj (.text)
                  00001b44    00000014                           : strlen.obj (.text)
                  00001b58    00000012     driverlib-cm3.lib : gpio.obj (.text:GPIOPinTypeGPIOInput)
                  00001b6a    00000012                       : gpio.obj (.text:GPIOPinTypeGPIOOutput)
                  00001b7c    00000012                       : gpio.obj (.text:GPIOPinTypeSSI)
                  00001b8e    00000012     rtsv7M3_T_le_eabi.lib : copy_zero_init.obj (.text:decompress:ZI)
                  00001ba0    00000010     Project_Main.obj (.text:SysTickIntHandler)
                  00001bb0    00000010     driverlib-cm3.lib : systick.obj (.text:SysTickPeriodSet)
                  00001bc0    0000000e     rtsv7M3_T_le_eabi.lib : copy_decompress_none.obj (.text:decompress:none)
                  00001bce    0000000a     driverlib-cm3.lib : ssi.obj (.text:SSIDataPut)
                  00001bd8    0000000a                       : ssi.obj (.text:SSIDisable)
                  00001be2    0000000a                       : ssi.obj (.text:SSIEnable)
                  00001bec    00000008                       : ssi.obj (.text:SSIBusy)
                  00001bf4    00000006                       : gpio.obj (.text:GPIOPinRead)
                  00001bfa    00000006                       : gpio.obj (.text:GPIOPinWrite)
                  00001c00    00000006     new_startup_ccs.obj (.text:ResetISR)
                  00001c06    00000006     driverlib-cm3.lib : sysctl.obj (.text:SysCtlDelay)
                  00001c0c    00000006     rtsv7M3_T_le_eabi.lib : copy_decompress_rle.obj (.text:decompress:rle24)

.const     0    00001c14    000003ec     
                  00001c14    000001e0     rit128x96x4.obj (.const:g_pucFont)
                  00001df4    00000102     rtsv7M3_T_le_eabi.lib : ctype.obj (.const:.string:_ctypes_)
                  00001ef6    00000002     --HOLE-- [fill = 0]
                  00001ef8    0000006c     driverlib-cm3.lib : sysctl.obj (.const:g_pulXtals)
                  00001f64    0000004f     rit128x96x4.obj (.const:.string:g_pucRIT128x96x4Init)
                  00001fb3    00000001     --HOLE-- [fill = 0]
                  00001fb4    00000040     driverlib-cm3.lib : sysctl.obj (.const)
                  00001ff4    0000000c     rit128x96x4.obj (.const:.string)

.cinit     0    00002000    00000050     
                  00002000    00000025     (.cinit..data.load) [load image, compression = rle]
                  00002025    00000003     --HOLE-- [fill = 0]
                  00002028    0000000c     (__TI_handler_table)
                  00002034    00000004     --HOLE-- [fill = 0]
                  00002038    00000008     (.cinit..bss.load) [load image, compression = zero_init]
                  00002040    00000010     (__TI_cinit_table)

.stack     0    20000000    00000800     UNINITIALIZED
                  20000000    00000800     --HOLE--

.bss       0    20000800    00000120     UNINITIALIZED
                  20000800    00000100     Project_Main.obj (.bss:screen_disp)
                  20000900    00000008     (.common:g_pucBuffer)
                  20000908    00000004     (.common:g_ulSSIFlags)
                  2000090c    00000004     (.common:res)
                  20000910    00000004     (.common:systemClock)
                  20000914    00000004     (.common:true_false)
                  20000918    00000004     (.common:val1)
                  2000091c    00000004     (.common:val2)

.data      0    20000920    00000040     UNINITIALIZED
                  20000920    00000028     Project_Main.obj (.data)
                  20000948    00000008     rtsv7M3_T_le_eabi.lib : _lock.obj (.data)
                  20000950    00000008                           : exit.obj (.data)
                  20000958    00000004                           : rand.obj (.data)
                  2000095c    00000004                           : stkdepth_vars.obj (.data)


LINKER GENERATED COPY TABLES

__TI_cinit_table @ 00002040 records: 2, size/record: 8, table size: 16
	.data: load addr=00002000, load size=00000025 bytes, run addr=20000920, run size=00000040 bytes, compression=rle
	.bss: load addr=00002038, load size=00000008 bytes, run addr=20000800, run size=00000120 bytes, compression=zero_init


LINKER GENERATED HANDLER TABLE

__TI_handler_table @ 00002028 records: 3, size/record: 4, table size: 12
	index: 0, handler: __TI_decompress_rle24
	index: 1, handler: __TI_decompress_none
	index: 2, handler: __TI_zero_init


GLOBAL SYMBOLS: SORTED ALPHABETICALLY BY Name 

address    name
--------   ----
00001991   C$$EXIT
00001a4d   GPIODirModeSet
0000113d   GPIOPadConfigSet
00001bf5   GPIOPinRead
00001b59   GPIOPinTypeGPIOInput
00001b6b   GPIOPinTypeGPIOOutput
00001b7d   GPIOPinTypeSSI
00001bfb   GPIOPinWrite
000018c1   RIT128x96x4Clear
00001599   RIT128x96x4Enable
000012c5   RIT128x96x4Init
00001069   RIT128x96x4StringDraw
00001c01   ResetISR
UNDEFED    SHT$$INIT_ARRAY$$Base
UNDEFED    SHT$$INIT_ARRAY$$Limit
00001bed   SSIBusy
00001909   SSIConfigSetExpClk
00001bcf   SSIDataPut
00001bd9   SSIDisable
00001be3   SSIEnable
00000c05   SysCtlClockGet
00000f25   SysCtlClockSet
00001c07   SysCtlDelay
00001779   SysCtlPeripheralDisable
000017d1   SysCtlPeripheralEnable
00001499   SysCtlPeripheralReset
00001b09   SysTickEnable
00001205   SysTickInit
00001b1d   SysTickIntEnable
00001ba1   SysTickIntHandler
00001bb1   SysTickPeriodSet
20000800   __STACK_END
00000800   __STACK_SIZE
20000100   __STACK_TOP
00002040   __TI_CINIT_Base
00002050   __TI_CINIT_Limit
00002028   __TI_Handler_Table_Base
00002034   __TI_Handler_Table_Limit
00000001   __TI_args_main
00001405   __TI_auto_init
20000950   __TI_cleanup_ptr
00001bc1   __TI_decompress_none
00001c0d   __TI_decompress_rle24
20000954   __TI_dtors_ptr
0000053d   __TI_printfi_nofloat
00000000   __TI_static_base__
00001b8f   __TI_zero_init
00001af1   __aeabi_lmul
00001521   __aeabi_memclr
00001521   __aeabi_memclr4
00001521   __aeabi_memclr8
00001369   __aeabi_memcpy
00001369   __aeabi_memcpy4
00001369   __aeabi_memcpy8
00001523   __aeabi_memset
00001523   __aeabi_memset4
00001523   __aeabi_memset8
00000845   __aeabi_uldivmod
ffffffff   __binit__
ffffffff   __c_args__
20000000   __stack
00001ad9   _args_main
00001a19   _c_int00
00001df4   _ctypes_
20000948   _lock
00001b3f   _nop
00001b37   _register_lock
00001b31   _register_unlock
2000094c   _unlock
00001995   abort
00001829   atoi
ffffffff   binit
0000194d   copy_in
0000199d   exit
20000928   flag
00000000   g_pfnVectors
00000a39   gameScreen
00001a7d   gameScreenInit
00001abf   main
2000095c   main_func_sp
00001aa5   memccpy
00001369   memcpy
00001529   memset
20000924   origState
20000934   pass_flag
20000925   prevState
0000188b   rand
2000090c   res
20000930   score
20000800   screen_disp
00000d9d   sensorExec
000019d5   sensorInit
000016b9   sprintf
00001875   srand
00001b45   strlen
20000910   systemClock
20000914   true_false
2000092c   turn
20000918   val1
2000091c   val2


GLOBAL SYMBOLS: SORTED BY Symbol Address 

address    name
--------   ----
00000000   __TI_static_base__
00000000   g_pfnVectors
00000001   __TI_args_main
0000053d   __TI_printfi_nofloat
00000800   __STACK_SIZE
00000845   __aeabi_uldivmod
00000a39   gameScreen
00000c05   SysCtlClockGet
00000d9d   sensorExec
00000f25   SysCtlClockSet
00001069   RIT128x96x4StringDraw
0000113d   GPIOPadConfigSet
00001205   SysTickInit
000012c5   RIT128x96x4Init
00001369   __aeabi_memcpy
00001369   __aeabi_memcpy4
00001369   __aeabi_memcpy8
00001369   memcpy
00001405   __TI_auto_init
00001499   SysCtlPeripheralReset
00001521   __aeabi_memclr
00001521   __aeabi_memclr4
00001521   __aeabi_memclr8
00001523   __aeabi_memset
00001523   __aeabi_memset4
00001523   __aeabi_memset8
00001529   memset
00001599   RIT128x96x4Enable
000016b9   sprintf
00001779   SysCtlPeripheralDisable
000017d1   SysCtlPeripheralEnable
00001829   atoi
00001875   srand
0000188b   rand
000018c1   RIT128x96x4Clear
00001909   SSIConfigSetExpClk
0000194d   copy_in
00001991   C$$EXIT
00001995   abort
0000199d   exit
000019d5   sensorInit
00001a19   _c_int00
00001a4d   GPIODirModeSet
00001a7d   gameScreenInit
00001aa5   memccpy
00001abf   main
00001ad9   _args_main
00001af1   __aeabi_lmul
00001b09   SysTickEnable
00001b1d   SysTickIntEnable
00001b31   _register_unlock
00001b37   _register_lock
00001b3f   _nop
00001b45   strlen
00001b59   GPIOPinTypeGPIOInput
00001b6b   GPIOPinTypeGPIOOutput
00001b7d   GPIOPinTypeSSI
00001b8f   __TI_zero_init
00001ba1   SysTickIntHandler
00001bb1   SysTickPeriodSet
00001bc1   __TI_decompress_none
00001bcf   SSIDataPut
00001bd9   SSIDisable
00001be3   SSIEnable
00001bed   SSIBusy
00001bf5   GPIOPinRead
00001bfb   GPIOPinWrite
00001c01   ResetISR
00001c07   SysCtlDelay
00001c0d   __TI_decompress_rle24
00001df4   _ctypes_
00002028   __TI_Handler_Table_Base
00002034   __TI_Handler_Table_Limit
00002040   __TI_CINIT_Base
00002050   __TI_CINIT_Limit
20000000   __stack
20000100   __STACK_TOP
20000800   __STACK_END
20000800   screen_disp
2000090c   res
20000910   systemClock
20000914   true_false
20000918   val1
2000091c   val2
20000924   origState
20000925   prevState
20000928   flag
2000092c   turn
20000930   score
20000934   pass_flag
20000948   _lock
2000094c   _unlock
20000950   __TI_cleanup_ptr
20000954   __TI_dtors_ptr
2000095c   main_func_sp
ffffffff   __binit__
ffffffff   __c_args__
ffffffff   binit
UNDEFED    SHT$$INIT_ARRAY$$Base
UNDEFED    SHT$$INIT_ARRAY$$Limit

[100 symbols]
