******************************************************************************
                  TI ARM Linker PC v5.1.7                      
******************************************************************************
>> Linked Tue Oct 07 07:56:50 2014

OUTPUT FILE NAME:   <FreeRTOS_LM3S1968.out>
ENTRY POINT SYMBOL: "_c_int00"  address: 000026ad


MEMORY CONFIGURATION

         name            origin    length      used     unused   attr    fill
----------------------  --------  ---------  --------  --------  ----  --------
  FLASH                 00000000   00040000  00002cb6  0003d34a  R  X
  SRAM                  20000000   00010000  000029e0  0000d620  RW X


SEGMENT ALLOCATION MAP

run origin  load origin   length   init length attrs members
----------  ----------- ---------- ----------- ----- -------
00000000    00000000    00002cb8   00002cb8    r-x
  00000000    00000000    000000f0   000000f0    r-- .intvecs
  000000f0    000000f0    00002792   00002792    r-x .text
  00002884    00002884    000003ec   000003ec    r-- .const
  00002c70    00002c70    00000048   00000048    r-- .cinit
20000000    20000000    000029e0   00000000    rw-
  20000000    20000000    00002188   00000000    rw- .bss
  20002188    20002188    00000800   00000000    rw- .stack
  20002988    20002988    00000058   00000000    rw- .data


SECTION ALLOCATION MAP

 output                                  attributes/
section   page    origin      length       input sections
--------  ----  ----------  ----------   ----------------
.intvecs   0    00000000    000000f0     
                  00000000    000000f0     startup_ccs.obj (.intvecs)

.text      0    000000f0    00002792     
                  000000f0    00000794     tasks.obj (.text)
                  00000884    00000754     rtsv7M3_T_le_eabi.lib : _printfi_nf.obj (.text)
                  00000fd8    00000510     rit128x96x4.obj (.text)
                  000014e8    0000029c     main.obj (.text)
                  00001784    000001f4     rtsv7M3_T_le_eabi.lib : ull_div_t2.obj (.text)
                  00001978    000001b4     heap_2.obj (.text)
                  00001b2c    00000198     driverlib-cm3.lib : sysctl.obj (.text:SysCtlClockGet)
                  00001cc4    00000144                       : sysctl.obj (.text:SysCtlClockSet)
                  00001e08    00000132     list.obj (.text)
                  00001f3a    00000002     --HOLE-- [fill = 0]
                  00001f3c    000000e8     port.obj (.text)
                  00002024    000000c8     driverlib-cm3.lib : gpio.obj (.text:GPIOPadConfigSet)
                  000020ec    0000009c     rtsv7M3_T_le_eabi.lib : memcpy_t2.obj (.text)
                  00002188    00000094                           : auto_init.obj (.text)
                  0000221c    00000088     driverlib-cm3.lib : sysctl.obj (.text:SysCtlPeripheralReset)
                  000022a4    00000086     rtsv7M3_T_le_eabi.lib : fd_cmp_t2.obj (.text:__aeabi_cdcmple)
                  0000232a    00000002     --HOLE-- [fill = 0]
                  0000232c    00000080     portasm.obj (.text)
                  000023ac    00000078     rtsv7M3_T_le_eabi.lib : memset_t2.obj (.text)
                  00002424    00000060                           : sprintf.obj (.text)
                  00002484    0000005e                           : copy_decompress_rle.obj (.text)
                  000024e2    00000002     --HOLE-- [fill = 0]
                  000024e4    00000058     driverlib-cm3.lib : sysctl.obj (.text:SysCtlPeripheralDisable)
                  0000253c    00000058                       : sysctl.obj (.text:SysCtlPeripheralEnable)
                  00002594    0000004c     rtsv7M3_T_le_eabi.lib : atoi.obj (.text)
                  000025e0    00000044     driverlib-cm3.lib : ssi.obj (.text:SSIConfigSetExpClk)
                  00002624    00000044     rtsv7M3_T_le_eabi.lib : cpy_tbl.obj (.text)
                  00002668    00000044                           : exit.obj (.text)
                  000026ac    00000034                           : boot.obj (.text)
                  000026e0    00000030                           : strncpy.obj (.text)
                  00002710    0000002e     driverlib-cm3.lib : gpio.obj (.text:GPIODirModeSet)
                  0000273e    00000020     rtsv7M3_T_le_eabi.lib : u_tofd_t2.obj (.text)
                  0000275e    0000001a                           : memccpy.obj (.text)
                  00002778    00000018                           : args_main.obj (.text)
                  00002790    00000018                           : ll_mul_t2.obj (.text)
                  000027a8    00000014                           : _lock.obj (.text)
                  000027bc    00000014                           : strlen.obj (.text)
                  000027d0    00000012     driverlib-cm3.lib : gpio.obj (.text:GPIOPinTypeGPIOInput)
                  000027e2    00000012                       : gpio.obj (.text:GPIOPinTypeGPIOOutput)
                  000027f4    00000012                       : gpio.obj (.text:GPIOPinTypeSSI)
                  00002806    00000012                       : ssi.obj (.text:SSIDataGetNonBlocking)
                  00002818    00000012     rtsv7M3_T_le_eabi.lib : copy_zero_init.obj (.text:decompress:ZI)
                  0000282a    0000000e                           : copy_decompress_none.obj (.text:decompress:none)
                  00002838    0000000c     startup_ccs.obj (.text)
                  00002844    0000000a     driverlib-cm3.lib : ssi.obj (.text:SSIDataPut)
                  0000284e    0000000a                       : ssi.obj (.text:SSIDisable)
                  00002858    0000000a                       : ssi.obj (.text:SSIEnable)
                  00002862    00000008                       : ssi.obj (.text:SSIBusy)
                  0000286a    00000006                       : gpio.obj (.text:GPIOPinRead)
                  00002870    00000006                       : gpio.obj (.text:GPIOPinWrite)
                  00002876    00000006                       : sysctl.obj (.text:SysCtlDelay)
                  0000287c    00000006     rtsv7M3_T_le_eabi.lib : copy_decompress_rle.obj (.text:decompress:rle24)

.const     0    00002884    000003ec     
                  00002884    000001e0     rit128x96x4.obj (.const:g_pucFont)
                  00002a64    00000102     rtsv7M3_T_le_eabi.lib : ctype.obj (.const:.string:_ctypes_)
                  00002b66    00000002     heap_2.obj (.const)
                  00002b68    0000006c     driverlib-cm3.lib : sysctl.obj (.const:g_pulXtals)
                  00002bd4    0000004f     rit128x96x4.obj (.const:.string:g_pucRIT128x96x4Init)
                  00002c23    00000001     --HOLE-- [fill = 0]
                  00002c24    00000040     driverlib-cm3.lib : sysctl.obj (.const)
                  00002c64    0000000c     rit128x96x4.obj (.const:.string)

.cinit     0    00002c70    00000048     
                  00002c70    00000024     (.cinit..data.load) [load image, compression = rle]
                  00002c94    0000000c     (__TI_handler_table)
                  00002ca0    00000008     (.cinit..bss.load) [load image, compression = zero_init]
                  00002ca8    00000010     (__TI_cinit_table)

.bss       0    20000000    00002188     UNINITIALIZED
                  20000000    00002000     heap_2.obj (.bss:xHeap)
                  20002000    00000100     startup_ccs.obj (.bss:pulStack)
                  20002100    00000028     tasks.obj (.bss:pxReadyTasksLists)
                  20002128    00000014     (.common:xDelayedTaskList1)
                  2000213c    00000014     (.common:xDelayedTaskList2)
                  20002150    00000014     (.common:xPendingReadyList)
                  20002164    00000008     (.common:g_pucBuffer)
                  2000216c    00000008     (.common:xEnd)
                  20002174    00000008     (.common:xStart)
                  2000217c    00000004     (.common:g_ulSSIFlags)
                  20002180    00000004     (.common:pxDelayedTaskList)
                  20002184    00000004     (.common:pxOverflowDelayedTaskList)

.stack     0    20002188    00000800     UNINITIALIZED
                  20002188    00000800     --HOLE--

.data      0    20002988    00000058     UNINITIALIZED
                  20002988    00000030     tasks.obj (.data)
                  200029b8    00000008     heap_2.obj (.data)
                  200029c0    00000008     port.obj (.data)
                  200029c8    00000008     rtsv7M3_T_le_eabi.lib : _lock.obj (.data)
                  200029d0    00000008                           : exit.obj (.data)
                  200029d8    00000004     main.obj (.data)
                  200029dc    00000004     rtsv7M3_T_le_eabi.lib : stkdepth_vars.obj (.data)


LINKER GENERATED COPY TABLES

__TI_cinit_table @ 00002ca8 records: 2, size/record: 8, table size: 16
	.data: load addr=00002c70, load size=00000024 bytes, run addr=20002988, run size=00000058 bytes, compression=rle
	.bss: load addr=00002ca0, load size=00000008 bytes, run addr=20000000, run size=00002188 bytes, compression=zero_init


LINKER GENERATED HANDLER TABLE

__TI_handler_table @ 00002c94 records: 3, size/record: 4, table size: 12
	index: 0, handler: __TI_decompress_rle24
	index: 1, handler: __TI_decompress_none
	index: 2, handler: __TI_zero_init


GLOBAL SYMBOLS: SORTED ALPHABETICALLY BY Name 

address    name
--------   ----
00001549   BlinkLED
00002669   C$$EXIT
00001591   Display
00002711   GPIODirModeSet
00002025   GPIOPadConfigSet
0000286b   GPIOPinRead
000027d1   GPIOPinTypeGPIOInput
000027e3   GPIOPinTypeGPIOOutput
000027f5   GPIOPinTypeSSI
00002871   GPIOPinWrite
000014e9   PrintInit
000010e1   RIT128x96x4Clear
0000135f   RIT128x96x4Disable
000014b1   RIT128x96x4DisplayOff
0000147d   RIT128x96x4DisplayOn
00001305   RIT128x96x4Enable
0000127d   RIT128x96x4ImageDraw
000013d9   RIT128x96x4Init
0000113d   RIT128x96x4StringDraw
00002839   ResetISR
UNDEFED    SHT$$INIT_ARRAY$$Base
UNDEFED    SHT$$INIT_ARRAY$$Limit
00002863   SSIBusy
000025e1   SSIConfigSetExpClk
00002807   SSIDataGetNonBlocking
00002845   SSIDataPut
0000284f   SSIDisable
00002859   SSIEnable
000015d3   SpeakerBuzz
00001b2d   SysCtlClockGet
00001cc5   SysCtlClockSet
00002877   SysCtlDelay
000024e5   SysCtlPeripheralDisable
0000253d   SysCtlPeripheralEnable
0000221d   SysCtlPeripheralReset
00001627   ToggleFreq
20002988   __STACK_END
00000800   __STACK_SIZE
20002288   __STACK_TOP
00002ca8   __TI_CINIT_Base
00002cb8   __TI_CINIT_Limit
00002c94   __TI_Handler_Table_Base
00002ca0   __TI_Handler_Table_Limit
00000001   __TI_args_main
00002189   __TI_auto_init
200029d0   __TI_cleanup_ptr
0000282b   __TI_decompress_none
0000287d   __TI_decompress_rle24
200029d4   __TI_dtors_ptr
00000cd1   __TI_printfi_nofloat
00000000   __TI_static_base__
00002819   __TI_zero_init
000022a5   __aeabi_cdcmpeq
000022a5   __aeabi_cdcmple
00002791   __aeabi_lmul
000023ad   __aeabi_memclr
000023ad   __aeabi_memclr4
000023ad   __aeabi_memclr8
000020ed   __aeabi_memcpy
000020ed   __aeabi_memcpy4
000020ed   __aeabi_memcpy8
000023af   __aeabi_memset
000023af   __aeabi_memset4
000023af   __aeabi_memset8
0000273f   __aeabi_ui2d
00001785   __aeabi_uldivmod
ffffffff   __binit__
ffffffff   __c_args__
20002188   __stack
00002779   _args_main
000026ad   _c_int00
00002a64   _ctypes_
200029c8   _lock
000027b7   _nop
000027af   _register_lock
000027a9   _register_unlock
200029cc   _unlock
0000266d   abort
00002595   atoi
ffffffff   binit
00002625   copy_in
00002675   exit
200029d8   freq
00000000   g_pfnVectors
00001655   main
200029dc   main_func_sp
0000275f   memccpy
000020ed   memcpy
000023b5   memset
00001979   pvPortMalloc
20002988   pxCurrentTCB
00001f3d   pxPortInitialiseStack
00002425   sprintf
000027bd   strlen
000026e1   strncpy
00002369   ulPortSetInterruptMask
00001ef3   uxListRemove
00000425   uxTaskGetNumberOfTasks
00001e09   vListInitialise
00001e39   vListInitialiseItem
00001e8d   vListInsert
00001e49   vListInsertEnd
00002377   vPortClearInterruptMask
00001fad   vPortEndScheduler
00001fb9   vPortEnterCritical
00001fc9   vPortExitCritical
00001aa1   vPortFree
00001b09   vPortInitialiseBlocks
0000237d   vPortSVCHandler
00001ffb   vPortSetupTimerInterrupt
0000239b   vPortStartFirstTask
00001faf   vPortYieldFromISR
00000291   vTaskDelay
0000020b   vTaskDelayUntil
00000311   vTaskEndScheduler
0000043d   vTaskIncrementTick
000006e9   vTaskMissedYield
000005b1   vTaskPlaceOnEventList
00000661   vTaskSetTimeOutState
000002cb   vTaskStartScheduler
00000323   vTaskSuspendAll
00000541   vTaskSwitchContext
00001b03   xPortGetFreeHeapSize
0000232d   xPortPendSVHandler
00001f85   xPortStartScheduler
200029c4   xPortSysTickCount
00001fe1   xPortSysTickHandler
00000685   xTaskCheckForTimeOut
000000f1   xTaskGenericCreate
000003f5   xTaskGetTickCount
0000040d   xTaskGetTickCountFromISR
000005ed   xTaskRemoveFromEventList
0000032d   xTaskResumeAll


GLOBAL SYMBOLS: SORTED BY Symbol Address 

address    name
--------   ----
00000000   __TI_static_base__
00000000   g_pfnVectors
00000001   __TI_args_main
000000f1   xTaskGenericCreate
0000020b   vTaskDelayUntil
00000291   vTaskDelay
000002cb   vTaskStartScheduler
00000311   vTaskEndScheduler
00000323   vTaskSuspendAll
0000032d   xTaskResumeAll
000003f5   xTaskGetTickCount
0000040d   xTaskGetTickCountFromISR
00000425   uxTaskGetNumberOfTasks
0000043d   vTaskIncrementTick
00000541   vTaskSwitchContext
000005b1   vTaskPlaceOnEventList
000005ed   xTaskRemoveFromEventList
00000661   vTaskSetTimeOutState
00000685   xTaskCheckForTimeOut
000006e9   vTaskMissedYield
00000800   __STACK_SIZE
00000cd1   __TI_printfi_nofloat
000010e1   RIT128x96x4Clear
0000113d   RIT128x96x4StringDraw
0000127d   RIT128x96x4ImageDraw
00001305   RIT128x96x4Enable
0000135f   RIT128x96x4Disable
000013d9   RIT128x96x4Init
0000147d   RIT128x96x4DisplayOn
000014b1   RIT128x96x4DisplayOff
000014e9   PrintInit
00001549   BlinkLED
00001591   Display
000015d3   SpeakerBuzz
00001627   ToggleFreq
00001655   main
00001785   __aeabi_uldivmod
00001979   pvPortMalloc
00001aa1   vPortFree
00001b03   xPortGetFreeHeapSize
00001b09   vPortInitialiseBlocks
00001b2d   SysCtlClockGet
00001cc5   SysCtlClockSet
00001e09   vListInitialise
00001e39   vListInitialiseItem
00001e49   vListInsertEnd
00001e8d   vListInsert
00001ef3   uxListRemove
00001f3d   pxPortInitialiseStack
00001f85   xPortStartScheduler
00001fad   vPortEndScheduler
00001faf   vPortYieldFromISR
00001fb9   vPortEnterCritical
00001fc9   vPortExitCritical
00001fe1   xPortSysTickHandler
00001ffb   vPortSetupTimerInterrupt
00002025   GPIOPadConfigSet
000020ed   __aeabi_memcpy
000020ed   __aeabi_memcpy4
000020ed   __aeabi_memcpy8
000020ed   memcpy
00002189   __TI_auto_init
0000221d   SysCtlPeripheralReset
000022a5   __aeabi_cdcmpeq
000022a5   __aeabi_cdcmple
0000232d   xPortPendSVHandler
00002369   ulPortSetInterruptMask
00002377   vPortClearInterruptMask
0000237d   vPortSVCHandler
0000239b   vPortStartFirstTask
000023ad   __aeabi_memclr
000023ad   __aeabi_memclr4
000023ad   __aeabi_memclr8
000023af   __aeabi_memset
000023af   __aeabi_memset4
000023af   __aeabi_memset8
000023b5   memset
00002425   sprintf
000024e5   SysCtlPeripheralDisable
0000253d   SysCtlPeripheralEnable
00002595   atoi
000025e1   SSIConfigSetExpClk
00002625   copy_in
00002669   C$$EXIT
0000266d   abort
00002675   exit
000026ad   _c_int00
000026e1   strncpy
00002711   GPIODirModeSet
0000273f   __aeabi_ui2d
0000275f   memccpy
00002779   _args_main
00002791   __aeabi_lmul
000027a9   _register_unlock
000027af   _register_lock
000027b7   _nop
000027bd   strlen
000027d1   GPIOPinTypeGPIOInput
000027e3   GPIOPinTypeGPIOOutput
000027f5   GPIOPinTypeSSI
00002807   SSIDataGetNonBlocking
00002819   __TI_zero_init
0000282b   __TI_decompress_none
00002839   ResetISR
00002845   SSIDataPut
0000284f   SSIDisable
00002859   SSIEnable
00002863   SSIBusy
0000286b   GPIOPinRead
00002871   GPIOPinWrite
00002877   SysCtlDelay
0000287d   __TI_decompress_rle24
00002a64   _ctypes_
00002c94   __TI_Handler_Table_Base
00002ca0   __TI_Handler_Table_Limit
00002ca8   __TI_CINIT_Base
00002cb8   __TI_CINIT_Limit
20002188   __stack
20002288   __STACK_TOP
20002988   __STACK_END
20002988   pxCurrentTCB
200029c4   xPortSysTickCount
200029c8   _lock
200029cc   _unlock
200029d0   __TI_cleanup_ptr
200029d4   __TI_dtors_ptr
200029d8   freq
200029dc   main_func_sp
ffffffff   __binit__
ffffffff   __c_args__
ffffffff   binit
UNDEFED    SHT$$INIT_ARRAY$$Base
UNDEFED    SHT$$INIT_ARRAY$$Limit

[133 symbols]
