******************************************************************************
                  TI ARM Linker PC v5.1.7                      
******************************************************************************
>> Linked Tue Oct 07 08:40:42 2014

OUTPUT FILE NAME:   <FreeRTOS_LM3S1968.out>
ENTRY POINT SYMBOL: "_c_int00"  address: 00002625


MEMORY CONFIGURATION

         name            origin    length      used     unused   attr    fill
----------------------  --------  ---------  --------  --------  ----  --------
  FLASH                 00000000   00040000  00002c0e  0003d3f2  R  X
  SRAM                  20000000   00010000  000029e0  0000d620  RW X


SEGMENT ALLOCATION MAP

run origin  load origin   length   init length attrs members
----------  ----------- ---------- ----------- ----- -------
00000000    00000000    00002c10   00002c10    r-x
  00000000    00000000    000000f0   000000f0    r-- .intvecs
  000000f0    000000f0    000026ea   000026ea    r-x .text
  000027dc    000027dc    000003ec   000003ec    r-- .const
  00002bc8    00002bc8    00000048   00000048    r-- .cinit
20000000    20000000    000029e0   00000000    rw-
  20000000    20000000    00002188   00000000    rw- .bss
  20002188    20002188    00000800   00000000    rw- .stack
  20002988    20002988    00000058   00000000    rw- .data


SECTION ALLOCATION MAP

 output                                  attributes/
section   page    origin      length       input sections
--------  ----  ----------  ----------   ----------------
.intvecs   0    00000000    000000f0     
                  00000000    000000f0     startup_ccs.obj (.intvecs)

.text      0    000000f0    000026ea     
                  000000f0    00000794     tasks.obj (.text)
                  00000884    00000754     rtsv7M3_T_le_eabi.lib : _printfi_nf.obj (.text)
                  00000fd8    00000510     rit128x96x4.obj (.text)
                  000014e8    0000029c     main.obj (.text)
                  00001784    000001f4     rtsv7M3_T_le_eabi.lib : ull_div_t2.obj (.text)
                  00001978    000001b4     heap_2.obj (.text)
                  00001b2c    00000198     driverlib-cm3.lib : sysctl.obj (.text:SysCtlClockGet)
                  00001cc4    00000144                       : sysctl.obj (.text:SysCtlClockSet)
                  00001e08    00000132     list.obj (.text)
                  00001f3a    00000002     --HOLE-- [fill = 0]
                  00001f3c    000000e8     port.obj (.text)
                  00002024    000000c8     driverlib-cm3.lib : gpio.obj (.text:GPIOPadConfigSet)
                  000020ec    0000009c     rtsv7M3_T_le_eabi.lib : memcpy_t2.obj (.text)
                  00002188    00000094                           : auto_init.obj (.text)
                  0000221c    00000088     driverlib-cm3.lib : sysctl.obj (.text:SysCtlPeripheralReset)
                  000022a4    00000080     portasm.obj (.text)
                  00002324    00000078     rtsv7M3_T_le_eabi.lib : memset_t2.obj (.text)
                  0000239c    00000060                           : sprintf.obj (.text)
                  000023fc    0000005e                           : copy_decompress_rle.obj (.text)
                  0000245a    00000002     --HOLE-- [fill = 0]
                  0000245c    00000058     driverlib-cm3.lib : sysctl.obj (.text:SysCtlPeripheralDisable)
                  000024b4    00000058                       : sysctl.obj (.text:SysCtlPeripheralEnable)
                  0000250c    0000004c     rtsv7M3_T_le_eabi.lib : atoi.obj (.text)
                  00002558    00000044     driverlib-cm3.lib : ssi.obj (.text:SSIConfigSetExpClk)
                  0000259c    00000044     rtsv7M3_T_le_eabi.lib : cpy_tbl.obj (.text)
                  000025e0    00000044                           : exit.obj (.text)
                  00002624    00000034                           : boot.obj (.text)
                  00002658    00000030                           : strncpy.obj (.text)
                  00002688    0000002e     driverlib-cm3.lib : gpio.obj (.text:GPIODirModeSet)
                  000026b6    0000001a     rtsv7M3_T_le_eabi.lib : memccpy.obj (.text)
                  000026d0    00000018                           : args_main.obj (.text)
                  000026e8    00000018                           : ll_mul_t2.obj (.text)
                  00002700    00000014                           : _lock.obj (.text)
                  00002714    00000014                           : strlen.obj (.text)
                  00002728    00000012     driverlib-cm3.lib : gpio.obj (.text:GPIOPinTypeGPIOInput)
                  0000273a    00000012                       : gpio.obj (.text:GPIOPinTypeGPIOOutput)
                  0000274c    00000012                       : gpio.obj (.text:GPIOPinTypeSSI)
                  0000275e    00000012                       : ssi.obj (.text:SSIDataGetNonBlocking)
                  00002770    00000012     rtsv7M3_T_le_eabi.lib : copy_zero_init.obj (.text:decompress:ZI)
                  00002782    0000000e                           : copy_decompress_none.obj (.text:decompress:none)
                  00002790    0000000c     startup_ccs.obj (.text)
                  0000279c    0000000a     driverlib-cm3.lib : ssi.obj (.text:SSIDataPut)
                  000027a6    0000000a                       : ssi.obj (.text:SSIDisable)
                  000027b0    0000000a                       : ssi.obj (.text:SSIEnable)
                  000027ba    00000008                       : ssi.obj (.text:SSIBusy)
                  000027c2    00000006                       : gpio.obj (.text:GPIOPinRead)
                  000027c8    00000006                       : gpio.obj (.text:GPIOPinWrite)
                  000027ce    00000006                       : sysctl.obj (.text:SysCtlDelay)
                  000027d4    00000006     rtsv7M3_T_le_eabi.lib : copy_decompress_rle.obj (.text:decompress:rle24)

.const     0    000027dc    000003ec     
                  000027dc    000001e0     rit128x96x4.obj (.const:g_pucFont)
                  000029bc    00000102     rtsv7M3_T_le_eabi.lib : ctype.obj (.const:.string:_ctypes_)
                  00002abe    00000002     heap_2.obj (.const)
                  00002ac0    0000006c     driverlib-cm3.lib : sysctl.obj (.const:g_pulXtals)
                  00002b2c    0000004f     rit128x96x4.obj (.const:.string:g_pucRIT128x96x4Init)
                  00002b7b    00000001     --HOLE-- [fill = 0]
                  00002b7c    00000040     driverlib-cm3.lib : sysctl.obj (.const)
                  00002bbc    0000000c     rit128x96x4.obj (.const:.string)

.cinit     0    00002bc8    00000048     
                  00002bc8    00000024     (.cinit..data.load) [load image, compression = rle]
                  00002bec    0000000c     (__TI_handler_table)
                  00002bf8    00000008     (.cinit..bss.load) [load image, compression = zero_init]
                  00002c00    00000010     (__TI_cinit_table)

.bss       0    20000000    00002188     UNINITIALIZED
                  20000000    00002000     heap_2.obj (.bss:xHeap)
                  20002000    00000100     startup_ccs.obj (.bss:pulStack)
                  20002100    00000028     tasks.obj (.bss:pxReadyTasksLists)
                  20002128    00000014     (.common:xDelayedTaskList1)
                  2000213c    00000014     (.common:xDelayedTaskList2)
                  20002150    00000014     (.common:xPendingReadyList)
                  20002164    00000008     (.common:g_pucBuffer)
                  2000216c    00000008     (.common:xEnd)
                  20002174    00000008     (.common:xStart)
                  2000217c    00000004     (.common:g_ulSSIFlags)
                  20002180    00000004     (.common:pxDelayedTaskList)
                  20002184    00000004     (.common:pxOverflowDelayedTaskList)

.stack     0    20002188    00000800     UNINITIALIZED
                  20002188    00000800     --HOLE--

.data      0    20002988    00000058     UNINITIALIZED
                  20002988    00000030     tasks.obj (.data)
                  200029b8    00000008     heap_2.obj (.data)
                  200029c0    00000008     port.obj (.data)
                  200029c8    00000008     rtsv7M3_T_le_eabi.lib : _lock.obj (.data)
                  200029d0    00000008                           : exit.obj (.data)
                  200029d8    00000004     main.obj (.data)
                  200029dc    00000004     rtsv7M3_T_le_eabi.lib : stkdepth_vars.obj (.data)


LINKER GENERATED COPY TABLES

__TI_cinit_table @ 00002c00 records: 2, size/record: 8, table size: 16
	.data: load addr=00002bc8, load size=00000024 bytes, run addr=20002988, run size=00000058 bytes, compression=rle
	.bss: load addr=00002bf8, load size=00000008 bytes, run addr=20000000, run size=00002188 bytes, compression=zero_init


LINKER GENERATED HANDLER TABLE

__TI_handler_table @ 00002bec records: 3, size/record: 4, table size: 12
	index: 0, handler: __TI_decompress_rle24
	index: 1, handler: __TI_decompress_none
	index: 2, handler: __TI_zero_init


GLOBAL SYMBOLS: SORTED ALPHABETICALLY BY Name 

address    name
--------   ----
00001549   BlinkLED
000025e1   C$$EXIT
00001591   Display
00002689   GPIODirModeSet
00002025   GPIOPadConfigSet
000027c3   GPIOPinRead
00002729   GPIOPinTypeGPIOInput
0000273b   GPIOPinTypeGPIOOutput
0000274d   GPIOPinTypeSSI
000027c9   GPIOPinWrite
000014e9   PrintInit
000010e1   RIT128x96x4Clear
0000135f   RIT128x96x4Disable
000014b1   RIT128x96x4DisplayOff
0000147d   RIT128x96x4DisplayOn
00001305   RIT128x96x4Enable
0000127d   RIT128x96x4ImageDraw
000013d9   RIT128x96x4Init
0000113d   RIT128x96x4StringDraw
00002791   ResetISR
UNDEFED    SHT$$INIT_ARRAY$$Base
UNDEFED    SHT$$INIT_ARRAY$$Limit
000027bb   SSIBusy
00002559   SSIConfigSetExpClk
0000275f   SSIDataGetNonBlocking
0000279d   SSIDataPut
000027a7   SSIDisable
000027b1   SSIEnable
000015d3   SpeakerBuzz
00001b2d   SysCtlClockGet
00001cc5   SysCtlClockSet
000027cf   SysCtlDelay
0000245d   SysCtlPeripheralDisable
000024b5   SysCtlPeripheralEnable
0000221d   SysCtlPeripheralReset
00001627   ToggleFreq
20002988   __STACK_END
00000800   __STACK_SIZE
20002288   __STACK_TOP
00002c00   __TI_CINIT_Base
00002c10   __TI_CINIT_Limit
00002bec   __TI_Handler_Table_Base
00002bf8   __TI_Handler_Table_Limit
00000001   __TI_args_main
00002189   __TI_auto_init
200029d0   __TI_cleanup_ptr
00002783   __TI_decompress_none
000027d5   __TI_decompress_rle24
200029d4   __TI_dtors_ptr
00000cd1   __TI_printfi_nofloat
00000000   __TI_static_base__
00002771   __TI_zero_init
000026e9   __aeabi_lmul
00002325   __aeabi_memclr
00002325   __aeabi_memclr4
00002325   __aeabi_memclr8
000020ed   __aeabi_memcpy
000020ed   __aeabi_memcpy4
000020ed   __aeabi_memcpy8
00002327   __aeabi_memset
00002327   __aeabi_memset4
00002327   __aeabi_memset8
00001785   __aeabi_uldivmod
ffffffff   __binit__
ffffffff   __c_args__
20002188   __stack
000026d1   _args_main
00002625   _c_int00
000029bc   _ctypes_
200029c8   _lock
0000270f   _nop
00002707   _register_lock
00002701   _register_unlock
200029cc   _unlock
000025e5   abort
0000250d   atoi
ffffffff   binit
0000259d   copy_in
000025ed   exit
200029d8   freq
00000000   g_pfnVectors
0000164b   main
200029dc   main_func_sp
000026b7   memccpy
000020ed   memcpy
0000232d   memset
00001979   pvPortMalloc
20002988   pxCurrentTCB
00001f3d   pxPortInitialiseStack
0000239d   sprintf
00002715   strlen
00002659   strncpy
000022e1   ulPortSetInterruptMask
00001ef3   uxListRemove
00000425   uxTaskGetNumberOfTasks
00001e09   vListInitialise
00001e39   vListInitialiseItem
00001e8d   vListInsert
00001e49   vListInsertEnd
000022ef   vPortClearInterruptMask
00001fad   vPortEndScheduler
00001fb9   vPortEnterCritical
00001fc9   vPortExitCritical
00001aa1   vPortFree
00001b09   vPortInitialiseBlocks
000022f5   vPortSVCHandler
00001ffb   vPortSetupTimerInterrupt
00002313   vPortStartFirstTask
00001faf   vPortYieldFromISR
00000291   vTaskDelay
0000020b   vTaskDelayUntil
00000311   vTaskEndScheduler
0000043d   vTaskIncrementTick
000006e9   vTaskMissedYield
000005b1   vTaskPlaceOnEventList
00000661   vTaskSetTimeOutState
000002cb   vTaskStartScheduler
00000323   vTaskSuspendAll
00000541   vTaskSwitchContext
00001b03   xPortGetFreeHeapSize
000022a5   xPortPendSVHandler
00001f85   xPortStartScheduler
200029c4   xPortSysTickCount
00001fe1   xPortSysTickHandler
00000685   xTaskCheckForTimeOut
000000f1   xTaskGenericCreate
000003f5   xTaskGetTickCount
0000040d   xTaskGetTickCountFromISR
000005ed   xTaskRemoveFromEventList
0000032d   xTaskResumeAll


GLOBAL SYMBOLS: SORTED BY Symbol Address 

address    name
--------   ----
00000000   __TI_static_base__
00000000   g_pfnVectors
00000001   __TI_args_main
000000f1   xTaskGenericCreate
0000020b   vTaskDelayUntil
00000291   vTaskDelay
000002cb   vTaskStartScheduler
00000311   vTaskEndScheduler
00000323   vTaskSuspendAll
0000032d   xTaskResumeAll
000003f5   xTaskGetTickCount
0000040d   xTaskGetTickCountFromISR
00000425   uxTaskGetNumberOfTasks
0000043d   vTaskIncrementTick
00000541   vTaskSwitchContext
000005b1   vTaskPlaceOnEventList
000005ed   xTaskRemoveFromEventList
00000661   vTaskSetTimeOutState
00000685   xTaskCheckForTimeOut
000006e9   vTaskMissedYield
00000800   __STACK_SIZE
00000cd1   __TI_printfi_nofloat
000010e1   RIT128x96x4Clear
0000113d   RIT128x96x4StringDraw
0000127d   RIT128x96x4ImageDraw
00001305   RIT128x96x4Enable
0000135f   RIT128x96x4Disable
000013d9   RIT128x96x4Init
0000147d   RIT128x96x4DisplayOn
000014b1   RIT128x96x4DisplayOff
000014e9   PrintInit
00001549   BlinkLED
00001591   Display
000015d3   SpeakerBuzz
00001627   ToggleFreq
0000164b   main
00001785   __aeabi_uldivmod
00001979   pvPortMalloc
00001aa1   vPortFree
00001b03   xPortGetFreeHeapSize
00001b09   vPortInitialiseBlocks
00001b2d   SysCtlClockGet
00001cc5   SysCtlClockSet
00001e09   vListInitialise
00001e39   vListInitialiseItem
00001e49   vListInsertEnd
00001e8d   vListInsert
00001ef3   uxListRemove
00001f3d   pxPortInitialiseStack
00001f85   xPortStartScheduler
00001fad   vPortEndScheduler
00001faf   vPortYieldFromISR
00001fb9   vPortEnterCritical
00001fc9   vPortExitCritical
00001fe1   xPortSysTickHandler
00001ffb   vPortSetupTimerInterrupt
00002025   GPIOPadConfigSet
000020ed   __aeabi_memcpy
000020ed   __aeabi_memcpy4
000020ed   __aeabi_memcpy8
000020ed   memcpy
00002189   __TI_auto_init
0000221d   SysCtlPeripheralReset
000022a5   xPortPendSVHandler
000022e1   ulPortSetInterruptMask
000022ef   vPortClearInterruptMask
000022f5   vPortSVCHandler
00002313   vPortStartFirstTask
00002325   __aeabi_memclr
00002325   __aeabi_memclr4
00002325   __aeabi_memclr8
00002327   __aeabi_memset
00002327   __aeabi_memset4
00002327   __aeabi_memset8
0000232d   memset
0000239d   sprintf
0000245d   SysCtlPeripheralDisable
000024b5   SysCtlPeripheralEnable
0000250d   atoi
00002559   SSIConfigSetExpClk
0000259d   copy_in
000025e1   C$$EXIT
000025e5   abort
000025ed   exit
00002625   _c_int00
00002659   strncpy
00002689   GPIODirModeSet
000026b7   memccpy
000026d1   _args_main
000026e9   __aeabi_lmul
00002701   _register_unlock
00002707   _register_lock
0000270f   _nop
00002715   strlen
00002729   GPIOPinTypeGPIOInput
0000273b   GPIOPinTypeGPIOOutput
0000274d   GPIOPinTypeSSI
0000275f   SSIDataGetNonBlocking
00002771   __TI_zero_init
00002783   __TI_decompress_none
00002791   ResetISR
0000279d   SSIDataPut
000027a7   SSIDisable
000027b1   SSIEnable
000027bb   SSIBusy
000027c3   GPIOPinRead
000027c9   GPIOPinWrite
000027cf   SysCtlDelay
000027d5   __TI_decompress_rle24
000029bc   _ctypes_
00002bec   __TI_Handler_Table_Base
00002bf8   __TI_Handler_Table_Limit
00002c00   __TI_CINIT_Base
00002c10   __TI_CINIT_Limit
20002188   __stack
20002288   __STACK_TOP
20002988   __STACK_END
20002988   pxCurrentTCB
200029c4   xPortSysTickCount
200029c8   _lock
200029cc   _unlock
200029d0   __TI_cleanup_ptr
200029d4   __TI_dtors_ptr
200029d8   freq
200029dc   main_func_sp
ffffffff   __binit__
ffffffff   __c_args__
ffffffff   binit
UNDEFED    SHT$$INIT_ARRAY$$Base
UNDEFED    SHT$$INIT_ARRAY$$Limit

[130 symbols]
