******************************************************************************
                  TI ARM Linker PC v5.1.7                      
******************************************************************************
>> Linked Tue Sep 09 10:27:08 2014

OUTPUT FILE NAME:   <Task_Blinky.out>
ENTRY POINT SYMBOL: "_c_int00"  address: 000017d9


MEMORY CONFIGURATION

         name            origin    length      used     unused   attr    fill
----------------------  --------  ---------  --------  --------  ----  --------
  FLASH                 00000000   00040000  00001e16  0003e1ea  R  X
  SRAM                  20000000   00010000  00000850  0000f7b0  RW X


SEGMENT ALLOCATION MAP

run origin  load origin   length   init length attrs members
----------  ----------- ---------- ----------- ----- -------
00000000    00000000    00001e18   00001e18    r-x
  00000000    00000000    000000f0   000000f0    r-- .intvecs
  000000f0    000000f0    000018ea   000018ea    r-x .text
  000019dc    000019dc    000003ec   000003ec    r-- .const
  00001dc8    00001dc8    00000050   00000050    r-- .cinit
20000000    20000000    00000850   00000000    rw-
  20000000    20000000    00000800   00000000    rw- .stack
  20000800    20000800    00000040   00000000    rw- .data
  20000840    20000840    00000010   00000000    rw- .bss


SECTION ALLOCATION MAP

 output                                  attributes/
section   page    origin      length       input sections
--------  ----  ----------  ----------   ----------------
.intvecs   0    00000000    000000f0     
                  00000000    000000f0     new_startup_ccs.obj (.intvecs)

.init_array 
*          0    00000000    00000000     UNINITIALIZED

.text      0    000000f0    000018ea     
                  000000f0    00000754     rtsv7M3_T_le_eabi.lib : _printfi_nf.obj (.text)
                  00000844    000001f4                           : ull_div_t2.obj (.text)
                  00000a38    00000198     driverlib-cm3.lib : sysctl.obj (.text:SysCtlClockGet)
                  00000bd0    00000144                       : sysctl.obj (.text:SysCtlClockSet)
                  00000d14    000000d4     rit128x96x4.obj (.text:RIT128x96x4StringDraw)
                  00000de8    000000c8     driverlib-cm3.lib : gpio.obj (.text:GPIOPadConfigSet)
                  00000eb0    000000a8     SpeakerBuzz.obj (.text:SysTickInit)
                  00000f58    000000a4     rit128x96x4.obj (.text:RIT128x96x4Init)
                  00000ffc    0000009c     rtsv7M3_T_le_eabi.lib : memcpy_t2.obj (.text)
                  00001098    00000094                           : auto_init.obj (.text)
                  0000112c    00000088     driverlib-cm3.lib : sysctl.obj (.text:SysCtlPeripheralReset)
                  000011b4    0000007c     SpeakerBuzz.obj (.text:speakerInit)
                  00001230    00000078     rtsv7M3_T_le_eabi.lib : memset_t2.obj (.text)
                  000012a8    0000006c     SpeakerBuzz.obj (.text:speakerExecute)
                  00001314    00000060     rit128x96x4.obj (.text:RIT128x96x4Enable)
                  00001374    00000060     rit128x96x4.obj (.text:RITWriteCommand)
                  000013d4    00000060     rit128x96x4.obj (.text:RITWriteData)
                  00001434    00000060     rtsv7M3_T_le_eabi.lib : sprintf.obj (.text)
                  00001494    0000005e                           : copy_decompress_rle.obj (.text)
                  000014f2    00000002     new_startup_ccs.obj (.text:FaultISR)
                  000014f4    00000058     driverlib-cm3.lib : sysctl.obj (.text:SysCtlPeripheralDisable)
                  0000154c    00000058                       : sysctl.obj (.text:SysCtlPeripheralEnable)
                  000015a4    0000004c     SpeakerBuzz.obj (.text:TickDisplayExecute)
                  000015f0    0000004c     rtsv7M3_T_le_eabi.lib : atoi.obj (.text)
                  0000163c    00000048     rit128x96x4.obj (.text:RIT128x96x4Clear)
                  00001684    00000044     SpeakerBuzz.obj (.text:BlinkExecute)
                  000016c8    00000044     SpeakerBuzz.obj (.text:BlinkInit)
                  0000170c    00000044     driverlib-cm3.lib : ssi.obj (.text:SSIConfigSetExpClk)
                  00001750    00000044     rtsv7M3_T_le_eabi.lib : cpy_tbl.obj (.text)
                  00001794    00000044                           : exit.obj (.text)
                  000017d8    00000034                           : boot.obj (.text)
                  0000180c    0000002e     driverlib-cm3.lib : gpio.obj (.text:GPIODirModeSet)
                  0000183a    00000002     new_startup_ccs.obj (.text:IntDefaultHandler)
                  0000183c    00000028     SpeakerBuzz.obj (.text:TickDisplayInit)
                  00001864    00000020     SpeakerBuzz.obj (.text:main)
                  00001884    0000001a     rtsv7M3_T_le_eabi.lib : memccpy.obj (.text)
                  0000189e    00000002     new_startup_ccs.obj (.text:NmiSR)
                  000018a0    00000018     rtsv7M3_T_le_eabi.lib : args_main.obj (.text)
                  000018b8    00000018                           : ll_mul_t2.obj (.text)
                  000018d0    00000014     driverlib-cm3.lib : systick.obj (.text:SysTickEnable)
                  000018e4    00000014                       : systick.obj (.text:SysTickIntEnable)
                  000018f8    00000014     rtsv7M3_T_le_eabi.lib : _lock.obj (.text)
                  0000190c    00000014                           : strlen.obj (.text)
                  00001920    00000012     driverlib-cm3.lib : gpio.obj (.text:GPIOPinTypeGPIOInput)
                  00001932    00000012                       : gpio.obj (.text:GPIOPinTypeGPIOOutput)
                  00001944    00000012                       : gpio.obj (.text:GPIOPinTypeSSI)
                  00001956    00000012     rtsv7M3_T_le_eabi.lib : copy_zero_init.obj (.text:decompress:ZI)
                  00001968    00000010     SpeakerBuzz.obj (.text:SysTickIntHandler)
                  00001978    00000010     driverlib-cm3.lib : systick.obj (.text:SysTickPeriodSet)
                  00001988    0000000e     rtsv7M3_T_le_eabi.lib : copy_decompress_none.obj (.text:decompress:none)
                  00001996    0000000a     driverlib-cm3.lib : ssi.obj (.text:SSIDataPut)
                  000019a0    0000000a                       : ssi.obj (.text:SSIDisable)
                  000019aa    0000000a                       : ssi.obj (.text:SSIEnable)
                  000019b4    00000008                       : ssi.obj (.text:SSIBusy)
                  000019bc    00000006                       : gpio.obj (.text:GPIOPinRead)
                  000019c2    00000006                       : gpio.obj (.text:GPIOPinWrite)
                  000019c8    00000006     new_startup_ccs.obj (.text:ResetISR)
                  000019ce    00000006     driverlib-cm3.lib : sysctl.obj (.text:SysCtlDelay)
                  000019d4    00000006     rtsv7M3_T_le_eabi.lib : copy_decompress_rle.obj (.text:decompress:rle24)

.const     0    000019dc    000003ec     
                  000019dc    000001e0     rit128x96x4.obj (.const:g_pucFont)
                  00001bbc    00000102     rtsv7M3_T_le_eabi.lib : ctype.obj (.const:.string:_ctypes_)
                  00001cbe    00000002     --HOLE-- [fill = 0]
                  00001cc0    0000006c     driverlib-cm3.lib : sysctl.obj (.const:g_pulXtals)
                  00001d2c    0000004f     rit128x96x4.obj (.const:.string:g_pucRIT128x96x4Init)
                  00001d7b    00000001     --HOLE-- [fill = 0]
                  00001d7c    00000040     driverlib-cm3.lib : sysctl.obj (.const)
                  00001dbc    0000000c     rit128x96x4.obj (.const:.string)

.cinit     0    00001dc8    00000050     
                  00001dc8    0000002c     (.cinit..data.load) [load image, compression = rle]
                  00001df4    0000000c     (__TI_handler_table)
                  00001e00    00000008     (.cinit..bss.load) [load image, compression = zero_init]
                  00001e08    00000010     (__TI_cinit_table)

.stack     0    20000000    00000800     UNINITIALIZED
                  20000000    00000800     --HOLE--

.data      0    20000800    00000040     UNINITIALIZED
                  20000800    0000002c     SpeakerBuzz.obj (.data)
                  2000082c    00000008     rtsv7M3_T_le_eabi.lib : _lock.obj (.data)
                  20000834    00000008                           : exit.obj (.data)
                  2000083c    00000004                           : stkdepth_vars.obj (.data)

.bss       0    20000840    00000010     UNINITIALIZED
                  20000840    00000008     (.common:g_pucBuffer)
                  20000848    00000004     (.common:g_ulSSIFlags)
                  2000084c    00000004     (.common:systemClock)


LINKER GENERATED COPY TABLES

__TI_cinit_table @ 00001e08 records: 2, size/record: 8, table size: 16
	.data: load addr=00001dc8, load size=0000002c bytes, run addr=20000800, run size=00000040 bytes, compression=rle
	.bss: load addr=00001e00, load size=00000008 bytes, run addr=20000840, run size=00000010 bytes, compression=zero_init


LINKER GENERATED HANDLER TABLE

__TI_handler_table @ 00001df4 records: 3, size/record: 4, table size: 12
	index: 0, handler: __TI_decompress_rle24
	index: 1, handler: __TI_decompress_none
	index: 2, handler: __TI_zero_init


GLOBAL SYMBOLS: SORTED ALPHABETICALLY BY Name 

address    name
--------   ----
00001685   BlinkExecute
000016c9   BlinkInit
00001795   C$$EXIT
0000180d   GPIODirModeSet
00000de9   GPIOPadConfigSet
000019bd   GPIOPinRead
00001921   GPIOPinTypeGPIOInput
00001933   GPIOPinTypeGPIOOutput
00001945   GPIOPinTypeSSI
000019c3   GPIOPinWrite
0000163d   RIT128x96x4Clear
00001315   RIT128x96x4Enable
00000f59   RIT128x96x4Init
00000d15   RIT128x96x4StringDraw
000019c9   ResetISR
UNDEFED    SHT$$INIT_ARRAY$$Base
UNDEFED    SHT$$INIT_ARRAY$$Limit
000019b5   SSIBusy
0000170d   SSIConfigSetExpClk
00001997   SSIDataPut
000019a1   SSIDisable
000019ab   SSIEnable
00000a39   SysCtlClockGet
00000bd1   SysCtlClockSet
000019cf   SysCtlDelay
000014f5   SysCtlPeripheralDisable
0000154d   SysCtlPeripheralEnable
0000112d   SysCtlPeripheralReset
000018d1   SysTickEnable
00000eb1   SysTickInit
000018e5   SysTickIntEnable
00001969   SysTickIntHandler
00001979   SysTickPeriodSet
000015a5   TickDisplayExecute
0000183d   TickDisplayInit
20000800   __STACK_END
00000800   __STACK_SIZE
20000100   __STACK_TOP
00001e08   __TI_CINIT_Base
00001e18   __TI_CINIT_Limit
00001df4   __TI_Handler_Table_Base
00001e00   __TI_Handler_Table_Limit
00000001   __TI_args_main
00001099   __TI_auto_init
20000834   __TI_cleanup_ptr
00001989   __TI_decompress_none
000019d5   __TI_decompress_rle24
20000838   __TI_dtors_ptr
0000053d   __TI_printfi_nofloat
00000000   __TI_static_base__
00001957   __TI_zero_init
000018b9   __aeabi_lmul
00001231   __aeabi_memclr
00001231   __aeabi_memclr4
00001231   __aeabi_memclr8
00000ffd   __aeabi_memcpy
00000ffd   __aeabi_memcpy4
00000ffd   __aeabi_memcpy8
00001233   __aeabi_memset
00001233   __aeabi_memset4
00001233   __aeabi_memset8
00000845   __aeabi_uldivmod
ffffffff   __binit__
ffffffff   __c_args__
20000000   __stack
000018a1   _args_main
000017d9   _c_int00
00001bbc   _ctypes_
2000082c   _lock
00001907   _nop
000018ff   _register_lock
000018f9   _register_unlock
20000830   _unlock
00001799   abort
000015f1   atoi
ffffffff   binit
00001751   copy_in
000017a1   exit
00000000   g_pfnVectors
00001865   main
2000083c   main_func_sp
00001885   memccpy
00000ffd   memcpy
00001239   memset
000012a9   speakerExecute
000011b5   speakerInit
00001435   sprintf
0000190d   strlen
2000084c   systemClock


GLOBAL SYMBOLS: SORTED BY Symbol Address 

address    name
--------   ----
00000000   __TI_static_base__
00000000   g_pfnVectors
00000001   __TI_args_main
0000053d   __TI_printfi_nofloat
00000800   __STACK_SIZE
00000845   __aeabi_uldivmod
00000a39   SysCtlClockGet
00000bd1   SysCtlClockSet
00000d15   RIT128x96x4StringDraw
00000de9   GPIOPadConfigSet
00000eb1   SysTickInit
00000f59   RIT128x96x4Init
00000ffd   __aeabi_memcpy
00000ffd   __aeabi_memcpy4
00000ffd   __aeabi_memcpy8
00000ffd   memcpy
00001099   __TI_auto_init
0000112d   SysCtlPeripheralReset
000011b5   speakerInit
00001231   __aeabi_memclr
00001231   __aeabi_memclr4
00001231   __aeabi_memclr8
00001233   __aeabi_memset
00001233   __aeabi_memset4
00001233   __aeabi_memset8
00001239   memset
000012a9   speakerExecute
00001315   RIT128x96x4Enable
00001435   sprintf
000014f5   SysCtlPeripheralDisable
0000154d   SysCtlPeripheralEnable
000015a5   TickDisplayExecute
000015f1   atoi
0000163d   RIT128x96x4Clear
00001685   BlinkExecute
000016c9   BlinkInit
0000170d   SSIConfigSetExpClk
00001751   copy_in
00001795   C$$EXIT
00001799   abort
000017a1   exit
000017d9   _c_int00
0000180d   GPIODirModeSet
0000183d   TickDisplayInit
00001865   main
00001885   memccpy
000018a1   _args_main
000018b9   __aeabi_lmul
000018d1   SysTickEnable
000018e5   SysTickIntEnable
000018f9   _register_unlock
000018ff   _register_lock
00001907   _nop
0000190d   strlen
00001921   GPIOPinTypeGPIOInput
00001933   GPIOPinTypeGPIOOutput
00001945   GPIOPinTypeSSI
00001957   __TI_zero_init
00001969   SysTickIntHandler
00001979   SysTickPeriodSet
00001989   __TI_decompress_none
00001997   SSIDataPut
000019a1   SSIDisable
000019ab   SSIEnable
000019b5   SSIBusy
000019bd   GPIOPinRead
000019c3   GPIOPinWrite
000019c9   ResetISR
000019cf   SysCtlDelay
000019d5   __TI_decompress_rle24
00001bbc   _ctypes_
00001df4   __TI_Handler_Table_Base
00001e00   __TI_Handler_Table_Limit
00001e08   __TI_CINIT_Base
00001e18   __TI_CINIT_Limit
20000000   __stack
20000100   __STACK_TOP
20000800   __STACK_END
2000082c   _lock
20000830   _unlock
20000834   __TI_cleanup_ptr
20000838   __TI_dtors_ptr
2000083c   main_func_sp
2000084c   systemClock
ffffffff   __binit__
ffffffff   __c_args__
ffffffff   binit
UNDEFED    SHT$$INIT_ARRAY$$Base
UNDEFED    SHT$$INIT_ARRAY$$Limit

[89 symbols]
