******************************************************************************
                  TI ARM Linker PC v5.1.7                      
******************************************************************************
>> Linked Tue Nov 11 08:09:07 2014

OUTPUT FILE NAME:   <FreeRTOS_LM3S1968_ADC_Lab5.out>
ENTRY POINT SYMBOL: "_c_int00"  address: 00002cdd


MEMORY CONFIGURATION

         name            origin    length      used     unused   attr    fill
----------------------  --------  ---------  --------  --------  ----  --------
  FLASH                 00000000   00040000  0000336e  0003cc92  R  X
  SRAM                  20000000   00010000  000029e0  0000d620  RW X


SEGMENT ALLOCATION MAP

run origin  load origin   length   init length attrs members
----------  ----------- ---------- ----------- ----- -------
00000000    00000000    00003370   00003370    r-x
  00000000    00000000    000000f0   000000f0    r-- .intvecs
  000000f0    000000f0    00002e4a   00002e4a    r-x .text
  00002f3c    00002f3c    000003ec   000003ec    r-- .const
  00003328    00003328    00000048   00000048    r-- .cinit
20000000    20000000    000029e0   00000000    rw-
  20000000    20000000    0000218c   00000000    rw- .bss
  2000218c    2000218c    00000800   00000000    rw- .stack
  2000298c    2000298c    00000054   00000000    rw- .data


SECTION ALLOCATION MAP

 output                                  attributes/
section   page    origin      length       input sections
--------  ----  ----------  ----------   ----------------
.intvecs   0    00000000    000000f0     
                  00000000    000000f0     startup_ccs.obj (.intvecs)

.text      0    000000f0    00002e4a     
                  000000f0    00000794     tasks.obj (.text)
                  00000884    00000754     rtsv7M3_T_le_eabi.lib : _printfi_nf.obj (.text)
                  00000fd8    000005ec     queue.obj (.text)
                  000015c4    00000510     rit128x96x4.obj (.text)
                  00001ad4    000002fc     main.obj (.text)
                  00001dd0    000001f4     rtsv7M3_T_le_eabi.lib : ull_div_t2.obj (.text)
                  00001fc4    000001b4     heap_2.obj (.text)
                  00002178    00000198     driverlib-cm3.lib : sysctl.obj (.text:SysCtlClockGet)
                  00002310    00000144                       : sysctl.obj (.text:SysCtlClockSet)
                  00002454    00000132     list.obj (.text)
                  00002586    00000002     --HOLE-- [fill = 0]
                  00002588    000000e8     port.obj (.text)
                  00002670    000000c8     driverlib-cm3.lib : gpio.obj (.text:GPIOPadConfigSet)
                  00002738    0000009c     rtsv7M3_T_le_eabi.lib : memcpy_t2.obj (.text)
                  000027d4    00000094                           : auto_init.obj (.text)
                  00002868    00000088     driverlib-cm3.lib : sysctl.obj (.text:SysCtlPeripheralReset)
                  000028f0    00000080     portasm.obj (.text)
                  00002970    00000078     rtsv7M3_T_le_eabi.lib : memset_t2.obj (.text)
                  000029e8    0000006c     driverlib-cm3.lib : adc.obj (.text:ADCSequenceStepConfigure)
                  00002a54    00000060     rtsv7M3_T_le_eabi.lib : sprintf.obj (.text)
                  00002ab4    0000005e                           : copy_decompress_rle.obj (.text)
                  00002b12    00000002     --HOLE-- [fill = 0]
                  00002b14    00000058     driverlib-cm3.lib : sysctl.obj (.text:SysCtlPeripheralDisable)
                  00002b6c    00000058                       : sysctl.obj (.text:SysCtlPeripheralEnable)
                  00002bc4    0000004c     rtsv7M3_T_le_eabi.lib : atoi.obj (.text)
                  00002c10    00000044     driverlib-cm3.lib : ssi.obj (.text:SSIConfigSetExpClk)
                  00002c54    00000044     rtsv7M3_T_le_eabi.lib : cpy_tbl.obj (.text)
                  00002c98    00000044                           : exit.obj (.text)
                  00002cdc    00000034                           : boot.obj (.text)
                  00002d10    00000030                           : strncpy.obj (.text)
                  00002d40    0000002e     driverlib-cm3.lib : adc.obj (.text:ADCIntStatus)
                  00002d6e    0000002e                       : gpio.obj (.text:GPIODirModeSet)
                  00002d9c    0000002a                       : adc.obj (.text:ADCSequenceConfigure)
                  00002dc6    00000020                       : adc.obj (.text:ADCSequenceDataGet)
                  00002de6    0000001a     rtsv7M3_T_le_eabi.lib : memccpy.obj (.text)
                  00002e00    00000018                           : args_main.obj (.text)
                  00002e18    00000018                           : ll_mul_t2.obj (.text)
                  00002e30    00000016     driverlib-cm3.lib : adc.obj (.text:ADCProcessorTrigger)
                  00002e46    00000002     --HOLE-- [fill = 0]
                  00002e48    00000014     rtsv7M3_T_le_eabi.lib : _lock.obj (.text)
                  00002e5c    00000014                           : strlen.obj (.text)
                  00002e70    00000012     driverlib-cm3.lib : gpio.obj (.text:GPIOPinTypeGPIOInput)
                  00002e82    00000012                       : gpio.obj (.text:GPIOPinTypeGPIOOutput)
                  00002e94    00000012                       : gpio.obj (.text:GPIOPinTypeSSI)
                  00002ea6    00000012                       : ssi.obj (.text:SSIDataGetNonBlocking)
                  00002eb8    00000012     rtsv7M3_T_le_eabi.lib : copy_zero_init.obj (.text:decompress:ZI)
                  00002eca    0000000e     driverlib-cm3.lib : adc.obj (.text:ADCSequenceEnable)
                  00002ed8    0000000e     rtsv7M3_T_le_eabi.lib : copy_decompress_none.obj (.text:decompress:none)
                  00002ee6    0000000c     startup_ccs.obj (.text)
                  00002ef2    0000000a     driverlib-cm3.lib : adc.obj (.text:ADCIntClear)
                  00002efc    0000000a                       : ssi.obj (.text:SSIDataPut)
                  00002f06    0000000a                       : ssi.obj (.text:SSIDisable)
                  00002f10    0000000a                       : ssi.obj (.text:SSIEnable)
                  00002f1a    00000008                       : ssi.obj (.text:SSIBusy)
                  00002f22    00000006                       : gpio.obj (.text:GPIOPinRead)
                  00002f28    00000006                       : gpio.obj (.text:GPIOPinWrite)
                  00002f2e    00000006                       : sysctl.obj (.text:SysCtlDelay)
                  00002f34    00000006     rtsv7M3_T_le_eabi.lib : copy_decompress_rle.obj (.text:decompress:rle24)

.const     0    00002f3c    000003ec     
                  00002f3c    000001e0     rit128x96x4.obj (.const:g_pucFont)
                  0000311c    00000102     rtsv7M3_T_le_eabi.lib : ctype.obj (.const:.string:_ctypes_)
                  0000321e    00000002     heap_2.obj (.const)
                  00003220    0000006c     driverlib-cm3.lib : sysctl.obj (.const:g_pulXtals)
                  0000328c    0000004f     rit128x96x4.obj (.const:.string:g_pucRIT128x96x4Init)
                  000032db    00000001     --HOLE-- [fill = 0]
                  000032dc    00000040     driverlib-cm3.lib : sysctl.obj (.const)
                  0000331c    0000000c     rit128x96x4.obj (.const:.string)

.cinit     0    00003328    00000048     
                  00003328    00000020     (.cinit..data.load) [load image, compression = rle]
                  00003348    0000000c     (__TI_handler_table)
                  00003354    00000004     --HOLE-- [fill = 0]
                  00003358    00000008     (.cinit..bss.load) [load image, compression = zero_init]
                  00003360    00000010     (__TI_cinit_table)

.bss       0    20000000    0000218c     UNINITIALIZED
                  20000000    00002000     heap_2.obj (.bss:xHeap)
                  20002000    00000100     startup_ccs.obj (.bss:pulStack)
                  20002100    00000028     tasks.obj (.bss:pxReadyTasksLists)
                  20002128    00000014     (.common:xDelayedTaskList1)
                  2000213c    00000014     (.common:xDelayedTaskList2)
                  20002150    00000014     (.common:xPendingReadyList)
                  20002164    00000008     (.common:g_pucBuffer)
                  2000216c    00000008     (.common:xEnd)
                  20002174    00000008     (.common:xStart)
                  2000217c    00000004     (.common:g_ulSSIFlags)
                  20002180    00000004     (.common:pxDelayedTaskList)
                  20002184    00000004     (.common:pxOverflowDelayedTaskList)
                  20002188    00000004     (.common:queue)

.stack     0    2000218c    00000800     UNINITIALIZED
                  2000218c    00000800     --HOLE--

.data      0    2000298c    00000054     UNINITIALIZED
                  2000298c    00000030     tasks.obj (.data)
                  200029bc    00000008     heap_2.obj (.data)
                  200029c4    00000008     port.obj (.data)
                  200029cc    00000008     rtsv7M3_T_le_eabi.lib : _lock.obj (.data)
                  200029d4    00000008                           : exit.obj (.data)
                  200029dc    00000004                           : stkdepth_vars.obj (.data)


LINKER GENERATED COPY TABLES

__TI_cinit_table @ 00003360 records: 2, size/record: 8, table size: 16
	.data: load addr=00003328, load size=00000020 bytes, run addr=2000298c, run size=00000054 bytes, compression=rle
	.bss: load addr=00003358, load size=00000008 bytes, run addr=20000000, run size=0000218c bytes, compression=zero_init


LINKER GENERATED HANDLER TABLE

__TI_handler_table @ 00003348 records: 3, size/record: 4, table size: 12
	index: 0, handler: __TI_decompress_rle24
	index: 1, handler: __TI_decompress_none
	index: 2, handler: __TI_zero_init


GLOBAL SYMBOLS: SORTED ALPHABETICALLY BY Name 

address    name
--------   ----
00001bb5   ADC
00002ef3   ADCIntClear
00002d41   ADCIntStatus
00002e31   ADCProcessorTrigger
00002d9d   ADCSequenceConfigure
00002dc7   ADCSequenceDataGet
00002ecb   ADCSequenceEnable
000029e9   ADCSequenceStepConfigure
00001b35   BlinkLED
00002c99   C$$EXIT
00001b7d   Display
00001c4d   DisplayADC
00002d6f   GPIODirModeSet
00002671   GPIOPadConfigSet
00002f23   GPIOPinRead
00002e71   GPIOPinTypeGPIOInput
00002e83   GPIOPinTypeGPIOOutput
00002e95   GPIOPinTypeSSI
00002f29   GPIOPinWrite
00001ad5   PrintInit
000016cd   RIT128x96x4Clear
0000194b   RIT128x96x4Disable
00001a9d   RIT128x96x4DisplayOff
00001a69   RIT128x96x4DisplayOn
000018f1   RIT128x96x4Enable
00001869   RIT128x96x4ImageDraw
000019c5   RIT128x96x4Init
00001729   RIT128x96x4StringDraw
00002ee7   ResetISR
UNDEFED    SHT$$INIT_ARRAY$$Base
UNDEFED    SHT$$INIT_ARRAY$$Limit
00002f1b   SSIBusy
00002c11   SSIConfigSetExpClk
00002ea7   SSIDataGetNonBlocking
00002efd   SSIDataPut
00002f07   SSIDisable
00002f11   SSIEnable
00002179   SysCtlClockGet
00002311   SysCtlClockSet
00002f2f   SysCtlDelay
00002b15   SysCtlPeripheralDisable
00002b6d   SysCtlPeripheralEnable
00002869   SysCtlPeripheralReset
2000298c   __STACK_END
00000800   __STACK_SIZE
2000228c   __STACK_TOP
00003360   __TI_CINIT_Base
00003370   __TI_CINIT_Limit
00003348   __TI_Handler_Table_Base
00003354   __TI_Handler_Table_Limit
00000001   __TI_args_main
000027d5   __TI_auto_init
200029d4   __TI_cleanup_ptr
00002ed9   __TI_decompress_none
00002f35   __TI_decompress_rle24
200029d8   __TI_dtors_ptr
00000cd1   __TI_printfi_nofloat
00000000   __TI_static_base__
00002eb9   __TI_zero_init
00002e19   __aeabi_lmul
00002971   __aeabi_memclr
00002971   __aeabi_memclr4
00002971   __aeabi_memclr8
00002739   __aeabi_memcpy
00002739   __aeabi_memcpy4
00002739   __aeabi_memcpy8
00002973   __aeabi_memset
00002973   __aeabi_memset4
00002973   __aeabi_memset8
00001dd1   __aeabi_uldivmod
ffffffff   __binit__
ffffffff   __c_args__
2000218c   __stack
00002e01   _args_main
00002cdd   _c_int00
0000311c   _ctypes_
200029cc   _lock
00002e57   _nop
00002e4f   _register_lock
00002e49   _register_unlock
200029d0   _unlock
00002c9d   abort
00002bc5   atoi
ffffffff   binit
00002c55   copy_in
00002ca5   exit
00000000   g_pfnVectors
00001c8f   main
200029dc   main_func_sp
00002de7   memccpy
00002739   memcpy
00002979   memset
00001fc5   pvPortMalloc
2000298c   pxCurrentTCB
00002589   pxPortInitialiseStack
20002188   queue
00002a55   sprintf
00002e5d   strlen
00002d11   strncpy
0000292d   ulPortSetInterruptMask
0000253f   uxListRemove
000013c1   uxQueueMessagesWaiting
000013d7   uxQueueMessagesWaitingFromISR
00000425   uxTaskGetNumberOfTasks
00002455   vListInitialise
00002485   vListInitialiseItem
000024d9   vListInsert
00002495   vListInsertEnd
0000293b   vPortClearInterruptMask
000025f9   vPortEndScheduler
00002605   vPortEnterCritical
00002615   vPortExitCritical
000020ed   vPortFree
00002155   vPortInitialiseBlocks
00002941   vPortSVCHandler
00002647   vPortSetupTimerInterrupt
0000295f   vPortStartFirstTask
000025fb   vPortYieldFromISR
000013e9   vQueueDelete
00000291   vTaskDelay
0000020b   vTaskDelayUntil
00000311   vTaskEndScheduler
0000043d   vTaskIncrementTick
000006e9   vTaskMissedYield
000005b1   vTaskPlaceOnEventList
00000661   vTaskSetTimeOutState
000002cb   vTaskStartScheduler
00000323   vTaskSuspendAll
00000541   vTaskSwitchContext
0000214f   xPortGetFreeHeapSize
000028f1   xPortPendSVHandler
000025d1   xPortStartScheduler
200029c8   xPortSysTickCount
0000262d   xPortSysTickHandler
00001069   xQueueGenericCreate
0000122f   xQueueGenericReceive
00000fd9   xQueueGenericReset
000010cb   xQueueGenericSend
000011b7   xQueueGenericSendFromISR
00001561   xQueueIsQueueEmptyFromISR
000015a3   xQueueIsQueueFullFromISR
00001349   xQueueReceiveFromISR
00000685   xTaskCheckForTimeOut
000000f1   xTaskGenericCreate
000003f5   xTaskGetTickCount
0000040d   xTaskGetTickCountFromISR
000005ed   xTaskRemoveFromEventList
0000032d   xTaskResumeAll


GLOBAL SYMBOLS: SORTED BY Symbol Address 

address    name
--------   ----
00000000   __TI_static_base__
00000000   g_pfnVectors
00000001   __TI_args_main
000000f1   xTaskGenericCreate
0000020b   vTaskDelayUntil
00000291   vTaskDelay
000002cb   vTaskStartScheduler
00000311   vTaskEndScheduler
00000323   vTaskSuspendAll
0000032d   xTaskResumeAll
000003f5   xTaskGetTickCount
0000040d   xTaskGetTickCountFromISR
00000425   uxTaskGetNumberOfTasks
0000043d   vTaskIncrementTick
00000541   vTaskSwitchContext
000005b1   vTaskPlaceOnEventList
000005ed   xTaskRemoveFromEventList
00000661   vTaskSetTimeOutState
00000685   xTaskCheckForTimeOut
000006e9   vTaskMissedYield
00000800   __STACK_SIZE
00000cd1   __TI_printfi_nofloat
00000fd9   xQueueGenericReset
00001069   xQueueGenericCreate
000010cb   xQueueGenericSend
000011b7   xQueueGenericSendFromISR
0000122f   xQueueGenericReceive
00001349   xQueueReceiveFromISR
000013c1   uxQueueMessagesWaiting
000013d7   uxQueueMessagesWaitingFromISR
000013e9   vQueueDelete
00001561   xQueueIsQueueEmptyFromISR
000015a3   xQueueIsQueueFullFromISR
000016cd   RIT128x96x4Clear
00001729   RIT128x96x4StringDraw
00001869   RIT128x96x4ImageDraw
000018f1   RIT128x96x4Enable
0000194b   RIT128x96x4Disable
000019c5   RIT128x96x4Init
00001a69   RIT128x96x4DisplayOn
00001a9d   RIT128x96x4DisplayOff
00001ad5   PrintInit
00001b35   BlinkLED
00001b7d   Display
00001bb5   ADC
00001c4d   DisplayADC
00001c8f   main
00001dd1   __aeabi_uldivmod
00001fc5   pvPortMalloc
000020ed   vPortFree
0000214f   xPortGetFreeHeapSize
00002155   vPortInitialiseBlocks
00002179   SysCtlClockGet
00002311   SysCtlClockSet
00002455   vListInitialise
00002485   vListInitialiseItem
00002495   vListInsertEnd
000024d9   vListInsert
0000253f   uxListRemove
00002589   pxPortInitialiseStack
000025d1   xPortStartScheduler
000025f9   vPortEndScheduler
000025fb   vPortYieldFromISR
00002605   vPortEnterCritical
00002615   vPortExitCritical
0000262d   xPortSysTickHandler
00002647   vPortSetupTimerInterrupt
00002671   GPIOPadConfigSet
00002739   __aeabi_memcpy
00002739   __aeabi_memcpy4
00002739   __aeabi_memcpy8
00002739   memcpy
000027d5   __TI_auto_init
00002869   SysCtlPeripheralReset
000028f1   xPortPendSVHandler
0000292d   ulPortSetInterruptMask
0000293b   vPortClearInterruptMask
00002941   vPortSVCHandler
0000295f   vPortStartFirstTask
00002971   __aeabi_memclr
00002971   __aeabi_memclr4
00002971   __aeabi_memclr8
00002973   __aeabi_memset
00002973   __aeabi_memset4
00002973   __aeabi_memset8
00002979   memset
000029e9   ADCSequenceStepConfigure
00002a55   sprintf
00002b15   SysCtlPeripheralDisable
00002b6d   SysCtlPeripheralEnable
00002bc5   atoi
00002c11   SSIConfigSetExpClk
00002c55   copy_in
00002c99   C$$EXIT
00002c9d   abort
00002ca5   exit
00002cdd   _c_int00
00002d11   strncpy
00002d41   ADCIntStatus
00002d6f   GPIODirModeSet
00002d9d   ADCSequenceConfigure
00002dc7   ADCSequenceDataGet
00002de7   memccpy
00002e01   _args_main
00002e19   __aeabi_lmul
00002e31   ADCProcessorTrigger
00002e49   _register_unlock
00002e4f   _register_lock
00002e57   _nop
00002e5d   strlen
00002e71   GPIOPinTypeGPIOInput
00002e83   GPIOPinTypeGPIOOutput
00002e95   GPIOPinTypeSSI
00002ea7   SSIDataGetNonBlocking
00002eb9   __TI_zero_init
00002ecb   ADCSequenceEnable
00002ed9   __TI_decompress_none
00002ee7   ResetISR
00002ef3   ADCIntClear
00002efd   SSIDataPut
00002f07   SSIDisable
00002f11   SSIEnable
00002f1b   SSIBusy
00002f23   GPIOPinRead
00002f29   GPIOPinWrite
00002f2f   SysCtlDelay
00002f35   __TI_decompress_rle24
0000311c   _ctypes_
00003348   __TI_Handler_Table_Base
00003354   __TI_Handler_Table_Limit
00003360   __TI_CINIT_Base
00003370   __TI_CINIT_Limit
20002188   queue
2000218c   __stack
2000228c   __STACK_TOP
2000298c   __STACK_END
2000298c   pxCurrentTCB
200029c8   xPortSysTickCount
200029cc   _lock
200029d0   _unlock
200029d4   __TI_cleanup_ptr
200029d8   __TI_dtors_ptr
200029dc   main_func_sp
ffffffff   __binit__
ffffffff   __c_args__
ffffffff   binit
UNDEFED    SHT$$INIT_ARRAY$$Base
UNDEFED    SHT$$INIT_ARRAY$$Limit

[148 symbols]
