******************************************************************************
                  TI ARM Linker PC v5.1.7                      
******************************************************************************
>> Linked Wed Dec 10 18:31:34 2014

OUTPUT FILE NAME:   <Project.out>
ENTRY POINT SYMBOL: "_c_int00"  address: 0000255d


MEMORY CONFIGURATION

         name            origin    length      used     unused   attr    fill
----------------------  --------  ---------  --------  --------  ----  --------
  FLASH                 00000000   00040000  00002b46  0003d4ba  R  X
  SRAM                  20000000   00010000  000029dc  0000d624  RW X


SEGMENT ALLOCATION MAP

run origin  load origin   length   init length attrs members
----------  ----------- ---------- ----------- ----- -------
00000000    00000000    00002b48   00002b48    r-x
  00000000    00000000    000000f0   000000f0    r-- .intvecs
  000000f0    000000f0    00002622   00002622    r-x .text
  00002714    00002714    000003ec   000003ec    r-- .const
  00002b00    00002b00    00000048   00000048    r-- .cinit
20000000    20000000    000029dc   00000000    rw-
  20000000    20000000    00002188   00000000    rw- .bss
  20002188    20002188    00000800   00000000    rw- .stack
  20002988    20002988    00000054   00000000    rw- .data


SECTION ALLOCATION MAP

 output                                  attributes/
section   page    origin      length       input sections
--------  ----  ----------  ----------   ----------------
.intvecs   0    00000000    000000f0     
                  00000000    000000f0     startup_ccs.obj (.intvecs)

.text      0    000000f0    00002622     
                  000000f0    00000794     tasks.obj (.text)
                  00000884    00000754     rtsv7M3_T_le_eabi.lib : _printfi_nf.obj (.text)
                  00000fd8    00000510     rit128x96x4.obj (.text)
                  000014e8    000001f4     rtsv7M3_T_le_eabi.lib : ull_div_t2.obj (.text)
                  000016dc    000001d4     Main_ADC.obj (.text)
                  000018b0    000001b4     heap_2.obj (.text)
                  00001a64    00000198     driverlib-cm3.lib : sysctl.obj (.text:SysCtlClockGet)
                  00001bfc    00000144                       : sysctl.obj (.text:SysCtlClockSet)
                  00001d40    00000132     list.obj (.text)
                  00001e72    00000002     --HOLE-- [fill = 0]
                  00001e74    000000e8     port.obj (.text)
                  00001f5c    000000c8     driverlib-cm3.lib : gpio.obj (.text:GPIOPadConfigSet)
                  00002024    0000009c     rtsv7M3_T_le_eabi.lib : memcpy_t2.obj (.text)
                  000020c0    00000094                           : auto_init.obj (.text)
                  00002154    00000088     driverlib-cm3.lib : sysctl.obj (.text:SysCtlPeripheralReset)
                  000021dc    00000080     portasm.obj (.text)
                  0000225c    00000078     rtsv7M3_T_le_eabi.lib : memset_t2.obj (.text)
                  000022d4    00000060                           : sprintf.obj (.text)
                  00002334    0000005e                           : copy_decompress_rle.obj (.text)
                  00002392    00000002     --HOLE-- [fill = 0]
                  00002394    00000058     driverlib-cm3.lib : sysctl.obj (.text:SysCtlPeripheralDisable)
                  000023ec    00000058                       : sysctl.obj (.text:SysCtlPeripheralEnable)
                  00002444    0000004c     rtsv7M3_T_le_eabi.lib : atoi.obj (.text)
                  00002490    00000044     driverlib-cm3.lib : ssi.obj (.text:SSIConfigSetExpClk)
                  000024d4    00000044     rtsv7M3_T_le_eabi.lib : cpy_tbl.obj (.text)
                  00002518    00000044                           : exit.obj (.text)
                  0000255c    00000034                           : boot.obj (.text)
                  00002590    00000030                           : strncpy.obj (.text)
                  000025c0    0000002e     driverlib-cm3.lib : gpio.obj (.text:GPIODirModeSet)
                  000025ee    0000001a     rtsv7M3_T_le_eabi.lib : memccpy.obj (.text)
                  00002608    00000018                           : args_main.obj (.text)
                  00002620    00000018                           : ll_mul_t2.obj (.text)
                  00002638    00000014                           : _lock.obj (.text)
                  0000264c    00000014                           : strlen.obj (.text)
                  00002660    00000012     driverlib-cm3.lib : gpio.obj (.text:GPIOPinTypeGPIOInput)
                  00002672    00000012                       : gpio.obj (.text:GPIOPinTypeGPIOOutput)
                  00002684    00000012                       : gpio.obj (.text:GPIOPinTypeSSI)
                  00002696    00000012                       : ssi.obj (.text:SSIDataGetNonBlocking)
                  000026a8    00000012     rtsv7M3_T_le_eabi.lib : copy_zero_init.obj (.text:decompress:ZI)
                  000026ba    0000000e                           : copy_decompress_none.obj (.text:decompress:none)
                  000026c8    0000000c     startup_ccs.obj (.text)
                  000026d4    0000000a     driverlib-cm3.lib : ssi.obj (.text:SSIDataPut)
                  000026de    0000000a                       : ssi.obj (.text:SSIDisable)
                  000026e8    0000000a                       : ssi.obj (.text:SSIEnable)
                  000026f2    00000008                       : ssi.obj (.text:SSIBusy)
                  000026fa    00000006                       : gpio.obj (.text:GPIOPinRead)
                  00002700    00000006                       : gpio.obj (.text:GPIOPinWrite)
                  00002706    00000006                       : sysctl.obj (.text:SysCtlDelay)
                  0000270c    00000006     rtsv7M3_T_le_eabi.lib : copy_decompress_rle.obj (.text:decompress:rle24)

.const     0    00002714    000003ec     
                  00002714    000001e0     rit128x96x4.obj (.const:g_pucFont)
                  000028f4    00000102     rtsv7M3_T_le_eabi.lib : ctype.obj (.const:.string:_ctypes_)
                  000029f6    00000002     heap_2.obj (.const)
                  000029f8    0000006c     driverlib-cm3.lib : sysctl.obj (.const:g_pulXtals)
                  00002a64    0000004f     rit128x96x4.obj (.const:.string:g_pucRIT128x96x4Init)
                  00002ab3    00000001     --HOLE-- [fill = 0]
                  00002ab4    00000040     driverlib-cm3.lib : sysctl.obj (.const)
                  00002af4    0000000c     rit128x96x4.obj (.const:.string)

.cinit     0    00002b00    00000048     
                  00002b00    00000020     (.cinit..data.load) [load image, compression = rle]
                  00002b20    0000000c     (__TI_handler_table)
                  00002b2c    00000004     --HOLE-- [fill = 0]
                  00002b30    00000008     (.cinit..bss.load) [load image, compression = zero_init]
                  00002b38    00000010     (__TI_cinit_table)

.bss       0    20000000    00002188     UNINITIALIZED
                  20000000    00002000     heap_2.obj (.bss:xHeap)
                  20002000    00000100     startup_ccs.obj (.bss:pulStack)
                  20002100    00000028     tasks.obj (.bss:pxReadyTasksLists)
                  20002128    00000014     (.common:xDelayedTaskList1)
                  2000213c    00000014     (.common:xDelayedTaskList2)
                  20002150    00000014     (.common:xPendingReadyList)
                  20002164    00000008     (.common:g_pucBuffer)
                  2000216c    00000008     (.common:xEnd)
                  20002174    00000008     (.common:xStart)
                  2000217c    00000004     (.common:g_ulSSIFlags)
                  20002180    00000004     (.common:pxDelayedTaskList)
                  20002184    00000004     (.common:pxOverflowDelayedTaskList)

.stack     0    20002188    00000800     UNINITIALIZED
                  20002188    00000800     --HOLE--

.data      0    20002988    00000054     UNINITIALIZED
                  20002988    00000030     tasks.obj (.data)
                  200029b8    00000008     heap_2.obj (.data)
                  200029c0    00000008     port.obj (.data)
                  200029c8    00000008     rtsv7M3_T_le_eabi.lib : _lock.obj (.data)
                  200029d0    00000008                           : exit.obj (.data)
                  200029d8    00000004                           : stkdepth_vars.obj (.data)


LINKER GENERATED COPY TABLES

__TI_cinit_table @ 00002b38 records: 2, size/record: 8, table size: 16
	.data: load addr=00002b00, load size=00000020 bytes, run addr=20002988, run size=00000054 bytes, compression=rle
	.bss: load addr=00002b30, load size=00000008 bytes, run addr=20000000, run size=00002188 bytes, compression=zero_init


LINKER GENERATED HANDLER TABLE

__TI_handler_table @ 00002b20 records: 3, size/record: 4, table size: 12
	index: 0, handler: __TI_decompress_rle24
	index: 1, handler: __TI_decompress_none
	index: 2, handler: __TI_zero_init


GLOBAL SYMBOLS: SORTED ALPHABETICALLY BY Name 

address    name
--------   ----
0000173d   BlinkLED
00002519   C$$EXIT
00001793   Display
000025c1   GPIODirModeSet
00001f5d   GPIOPadConfigSet
000026fb   GPIOPinRead
00002661   GPIOPinTypeGPIOInput
00002673   GPIOPinTypeGPIOOutput
00002685   GPIOPinTypeSSI
00002701   GPIOPinWrite
000016dd   PrintInit
000010e1   RIT128x96x4Clear
0000135f   RIT128x96x4Disable
000014b1   RIT128x96x4DisplayOff
0000147d   RIT128x96x4DisplayOn
00001305   RIT128x96x4Enable
0000127d   RIT128x96x4ImageDraw
000013d9   RIT128x96x4Init
0000113d   RIT128x96x4StringDraw
000026c9   ResetISR
UNDEFED    SHT$$INIT_ARRAY$$Base
UNDEFED    SHT$$INIT_ARRAY$$Limit
000026f3   SSIBusy
00002491   SSIConfigSetExpClk
00002697   SSIDataGetNonBlocking
000026d5   SSIDataPut
000026df   SSIDisable
000026e9   SSIEnable
00001a65   SysCtlClockGet
00001bfd   SysCtlClockSet
00002707   SysCtlDelay
00002395   SysCtlPeripheralDisable
000023ed   SysCtlPeripheralEnable
00002155   SysCtlPeripheralReset
20002988   __STACK_END
00000800   __STACK_SIZE
20002288   __STACK_TOP
00002b38   __TI_CINIT_Base
00002b48   __TI_CINIT_Limit
00002b20   __TI_Handler_Table_Base
00002b2c   __TI_Handler_Table_Limit
00000001   __TI_args_main
000020c1   __TI_auto_init
200029d0   __TI_cleanup_ptr
000026bb   __TI_decompress_none
0000270d   __TI_decompress_rle24
200029d4   __TI_dtors_ptr
00000cd1   __TI_printfi_nofloat
00000000   __TI_static_base__
000026a9   __TI_zero_init
00002621   __aeabi_lmul
0000225d   __aeabi_memclr
0000225d   __aeabi_memclr4
0000225d   __aeabi_memclr8
00002025   __aeabi_memcpy
00002025   __aeabi_memcpy4
00002025   __aeabi_memcpy8
0000225f   __aeabi_memset
0000225f   __aeabi_memset4
0000225f   __aeabi_memset8
000014e9   __aeabi_uldivmod
ffffffff   __binit__
ffffffff   __c_args__
20002188   __stack
00002609   _args_main
0000255d   _c_int00
000028f4   _ctypes_
200029c8   _lock
00002647   _nop
0000263f   _register_lock
00002639   _register_unlock
200029cc   _unlock
0000251d   abort
00002445   atoi
ffffffff   binit
000024d5   copy_in
00002525   exit
00000000   g_pfnVectors
000017cb   main
200029d8   main_func_sp
000025ef   memccpy
00002025   memcpy
00002265   memset
000018b1   pvPortMalloc
20002988   pxCurrentTCB
00001e75   pxPortInitialiseStack
00001787   read_joy
000022d5   sprintf
0000264d   strlen
00002591   strncpy
00002219   ulPortSetInterruptMask
00001e2b   uxListRemove
00000425   uxTaskGetNumberOfTasks
00001d41   vListInitialise
00001d71   vListInitialiseItem
00001dc5   vListInsert
00001d81   vListInsertEnd
00002227   vPortClearInterruptMask
00001ee5   vPortEndScheduler
00001ef1   vPortEnterCritical
00001f01   vPortExitCritical
000019d9   vPortFree
00001a41   vPortInitialiseBlocks
0000222d   vPortSVCHandler
00001f33   vPortSetupTimerInterrupt
0000224b   vPortStartFirstTask
00001ee7   vPortYieldFromISR
00000291   vTaskDelay
0000020b   vTaskDelayUntil
00000311   vTaskEndScheduler
0000043d   vTaskIncrementTick
000006e9   vTaskMissedYield
000005b1   vTaskPlaceOnEventList
00000661   vTaskSetTimeOutState
000002cb   vTaskStartScheduler
00000323   vTaskSuspendAll
00000541   vTaskSwitchContext
00001a3b   xPortGetFreeHeapSize
000021dd   xPortPendSVHandler
00001ebd   xPortStartScheduler
200029c4   xPortSysTickCount
00001f19   xPortSysTickHandler
00000685   xTaskCheckForTimeOut
000000f1   xTaskGenericCreate
000003f5   xTaskGetTickCount
0000040d   xTaskGetTickCountFromISR
000005ed   xTaskRemoveFromEventList
0000032d   xTaskResumeAll


GLOBAL SYMBOLS: SORTED BY Symbol Address 

address    name
--------   ----
00000000   __TI_static_base__
00000000   g_pfnVectors
00000001   __TI_args_main
000000f1   xTaskGenericCreate
0000020b   vTaskDelayUntil
00000291   vTaskDelay
000002cb   vTaskStartScheduler
00000311   vTaskEndScheduler
00000323   vTaskSuspendAll
0000032d   xTaskResumeAll
000003f5   xTaskGetTickCount
0000040d   xTaskGetTickCountFromISR
00000425   uxTaskGetNumberOfTasks
0000043d   vTaskIncrementTick
00000541   vTaskSwitchContext
000005b1   vTaskPlaceOnEventList
000005ed   xTaskRemoveFromEventList
00000661   vTaskSetTimeOutState
00000685   xTaskCheckForTimeOut
000006e9   vTaskMissedYield
00000800   __STACK_SIZE
00000cd1   __TI_printfi_nofloat
000010e1   RIT128x96x4Clear
0000113d   RIT128x96x4StringDraw
0000127d   RIT128x96x4ImageDraw
00001305   RIT128x96x4Enable
0000135f   RIT128x96x4Disable
000013d9   RIT128x96x4Init
0000147d   RIT128x96x4DisplayOn
000014b1   RIT128x96x4DisplayOff
000014e9   __aeabi_uldivmod
000016dd   PrintInit
0000173d   BlinkLED
00001787   read_joy
00001793   Display
000017cb   main
000018b1   pvPortMalloc
000019d9   vPortFree
00001a3b   xPortGetFreeHeapSize
00001a41   vPortInitialiseBlocks
00001a65   SysCtlClockGet
00001bfd   SysCtlClockSet
00001d41   vListInitialise
00001d71   vListInitialiseItem
00001d81   vListInsertEnd
00001dc5   vListInsert
00001e2b   uxListRemove
00001e75   pxPortInitialiseStack
00001ebd   xPortStartScheduler
00001ee5   vPortEndScheduler
00001ee7   vPortYieldFromISR
00001ef1   vPortEnterCritical
00001f01   vPortExitCritical
00001f19   xPortSysTickHandler
00001f33   vPortSetupTimerInterrupt
00001f5d   GPIOPadConfigSet
00002025   __aeabi_memcpy
00002025   __aeabi_memcpy4
00002025   __aeabi_memcpy8
00002025   memcpy
000020c1   __TI_auto_init
00002155   SysCtlPeripheralReset
000021dd   xPortPendSVHandler
00002219   ulPortSetInterruptMask
00002227   vPortClearInterruptMask
0000222d   vPortSVCHandler
0000224b   vPortStartFirstTask
0000225d   __aeabi_memclr
0000225d   __aeabi_memclr4
0000225d   __aeabi_memclr8
0000225f   __aeabi_memset
0000225f   __aeabi_memset4
0000225f   __aeabi_memset8
00002265   memset
000022d5   sprintf
00002395   SysCtlPeripheralDisable
000023ed   SysCtlPeripheralEnable
00002445   atoi
00002491   SSIConfigSetExpClk
000024d5   copy_in
00002519   C$$EXIT
0000251d   abort
00002525   exit
0000255d   _c_int00
00002591   strncpy
000025c1   GPIODirModeSet
000025ef   memccpy
00002609   _args_main
00002621   __aeabi_lmul
00002639   _register_unlock
0000263f   _register_lock
00002647   _nop
0000264d   strlen
00002661   GPIOPinTypeGPIOInput
00002673   GPIOPinTypeGPIOOutput
00002685   GPIOPinTypeSSI
00002697   SSIDataGetNonBlocking
000026a9   __TI_zero_init
000026bb   __TI_decompress_none
000026c9   ResetISR
000026d5   SSIDataPut
000026df   SSIDisable
000026e9   SSIEnable
000026f3   SSIBusy
000026fb   GPIOPinRead
00002701   GPIOPinWrite
00002707   SysCtlDelay
0000270d   __TI_decompress_rle24
000028f4   _ctypes_
00002b20   __TI_Handler_Table_Base
00002b2c   __TI_Handler_Table_Limit
00002b38   __TI_CINIT_Base
00002b48   __TI_CINIT_Limit
20002188   __stack
20002288   __STACK_TOP
20002988   __STACK_END
20002988   pxCurrentTCB
200029c4   xPortSysTickCount
200029c8   _lock
200029cc   _unlock
200029d0   __TI_cleanup_ptr
200029d4   __TI_dtors_ptr
200029d8   main_func_sp
ffffffff   __binit__
ffffffff   __c_args__
ffffffff   binit
UNDEFED    SHT$$INIT_ARRAY$$Base
UNDEFED    SHT$$INIT_ARRAY$$Limit

[128 symbols]
