TI ARM Assembler PC v5.1.7 Wed Dec 10 18:19:48 2014

Tools Copyright (c) 1996-2014 Texas Instruments Incorporated
startup_ccs.asm                                                      PAGE    1

       1                    ;******************************************************************************
       2                    ;* TI ARM C/C++ Codegen                                             PC v5.1.7 *
       3                    ;* Date/Time created: Wed Dec 10 18:19:48 2014                                *
       4                    ;******************************************************************************
       5                            .compiler_opts --abi=eabi --arm_vmrs_si_workaround=off --code_state=16 --disable_dual_state --
       6 00000000                   .thumb
       7                    
       8                    $C$DW$CU        .dwtag  DW_TAG_compile_unit
       9                            .dwattr $C$DW$CU, DW_AT_name("../startup_ccs.c")
      10                            .dwattr $C$DW$CU, DW_AT_producer("TI TI ARM C/C++ Codegen PC v5.1.7 Copyright (c) 1996-2014 Te
      11                            .dwattr $C$DW$CU, DW_AT_TI_version(0x01)
      12                            .dwattr $C$DW$CU, DW_AT_comp_dir("H:\EECS_388\TI_ARM_Projects\Project\Debug")
      13                    
      14                    $C$DW$1 .dwtag  DW_TAG_subprogram, DW_AT_name("xPortPendSVHandler")
      15                            .dwattr $C$DW$1, DW_AT_TI_symbol_name("xPortPendSVHandler")
      16                            .dwattr $C$DW$1, DW_AT_declaration
      17                            .dwattr $C$DW$1, DW_AT_external
      18                            .dwattr $C$DW$1, DW_AT_decl_file("../startup_ccs.c")
      19                            .dwattr $C$DW$1, DW_AT_decl_line(0x31)
      20                            .dwattr $C$DW$1, DW_AT_decl_column(0x0d)
      21                    
      22                    $C$DW$2 .dwtag  DW_TAG_subprogram, DW_AT_name("vPortSVCHandler")
      23                            .dwattr $C$DW$2, DW_AT_TI_symbol_name("vPortSVCHandler")
      24                            .dwattr $C$DW$2, DW_AT_declaration
      25                            .dwattr $C$DW$2, DW_AT_external
      26                            .dwattr $C$DW$2, DW_AT_decl_file("../startup_ccs.c")
      27                            .dwattr $C$DW$2, DW_AT_decl_line(0x32)
      28                            .dwattr $C$DW$2, DW_AT_decl_column(0x0d)
      29                    
      30                    $C$DW$3 .dwtag  DW_TAG_subprogram, DW_AT_name("xPortSysTickHandler")
      31                            .dwattr $C$DW$3, DW_AT_TI_symbol_name("xPortSysTickHandler")
      32                            .dwattr $C$DW$3, DW_AT_declaration
      33                            .dwattr $C$DW$3, DW_AT_external
      34                            .dwattr $C$DW$3, DW_AT_decl_file("../startup_ccs.c")
      35                            .dwattr $C$DW$3, DW_AT_decl_line(0x33)
      36                            .dwattr $C$DW$3, DW_AT_decl_column(0x0d)
      37 00000000           pulStack:       .usect  ".bss:pulStack",256,4
      38                    $C$DW$4 .dwtag  DW_TAG_variable, DW_AT_name("pulStack")
      39                            .dwattr $C$DW$4, DW_AT_TI_symbol_name("pulStack")
      40                            .dwattr $C$DW$4, DW_AT_type(*$C$DW$T$23)
      41                            .dwattr $C$DW$4, DW_AT_location[DW_OP_addr pulStack]
      42                            .dwattr $C$DW$4, DW_AT_decl_file("../startup_ccs.c")
      43                            .dwattr $C$DW$4, DW_AT_decl_line(0x3f)
      44                            .dwattr $C$DW$4, DW_AT_decl_column(0x16)
      45                            .global g_pfnVectors
      46 00000000                   .sect   ".intvecs"
      47                            .align  4
      48                            .elfsym g_pfnVectors,SYM_SIZE(240)
      49 00000000           g_pfnVectors:
      50 00000000 00000100!         .bits   pulStack+256,32         ; g_pfnVectors[0] @ 0
      51 00000004 00000000!         .bits   ResetISR,32             ; g_pfnVectors[1] @ 32
      52 00000008 00000000!         .bits   NmiSR,32                ; g_pfnVectors[2] @ 64
      53 0000000c 00000000!         .bits   FaultISR,32             ; g_pfnVectors[3] @ 96
      54 00000010 00000000!         .bits   IntDefaultHandler,32            ; g_pfnVectors[4] @ 128
      55 00000014 00000000!         .bits   IntDefaultHandler,32            ; g_pfnVectors[5] @ 160
TI ARM Assembler PC v5.1.7 Wed Dec 10 18:19:48 2014

Tools Copyright (c) 1996-2014 Texas Instruments Incorporated
startup_ccs.asm                                                      PAGE    2

      56 00000018 00000000!         .bits   IntDefaultHandler,32            ; g_pfnVectors[6] @ 192
      57 0000001c 00000000          .bits   0,32                    ; g_pfnVectors[7] @ 224
      58 00000020 00000000          .bits   0,32                    ; g_pfnVectors[8] @ 256
      59 00000024 00000000          .bits   0,32                    ; g_pfnVectors[9] @ 288
      60 00000028 00000000          .bits   0,32                    ; g_pfnVectors[10] @ 320
      61 0000002c 00000000!         .bits   vPortSVCHandler,32              ; g_pfnVectors[11] @ 352
      62 00000030 00000000!         .bits   IntDefaultHandler,32            ; g_pfnVectors[12] @ 384
      63 00000034 00000000          .bits   0,32                    ; g_pfnVectors[13] @ 416
      64 00000038 00000000!         .bits   xPortPendSVHandler,32           ; g_pfnVectors[14] @ 448
      65 0000003c 00000000!         .bits   xPortSysTickHandler,32          ; g_pfnVectors[15] @ 480
      66 00000040 00000000!         .bits   IntDefaultHandler,32            ; g_pfnVectors[16] @ 512
      67 00000044 00000000!         .bits   IntDefaultHandler,32            ; g_pfnVectors[17] @ 544
      68 00000048 00000000!         .bits   IntDefaultHandler,32            ; g_pfnVectors[18] @ 576
      69 0000004c 00000000!         .bits   IntDefaultHandler,32            ; g_pfnVectors[19] @ 608
      70 00000050 00000000!         .bits   IntDefaultHandler,32            ; g_pfnVectors[20] @ 640
      71 00000054 00000000!         .bits   IntDefaultHandler,32            ; g_pfnVectors[21] @ 672
      72 00000058 00000000!         .bits   IntDefaultHandler,32            ; g_pfnVectors[22] @ 704
      73 0000005c 00000000!         .bits   IntDefaultHandler,32            ; g_pfnVectors[23] @ 736
      74 00000060 00000000!         .bits   IntDefaultHandler,32            ; g_pfnVectors[24] @ 768
      75 00000064 00000000!         .bits   IntDefaultHandler,32            ; g_pfnVectors[25] @ 800
      76 00000068 00000000!         .bits   IntDefaultHandler,32            ; g_pfnVectors[26] @ 832
      77 0000006c 00000000!         .bits   IntDefaultHandler,32            ; g_pfnVectors[27] @ 864
      78 00000070 00000000!         .bits   IntDefaultHandler,32            ; g_pfnVectors[28] @ 896
      79 00000074 00000000!         .bits   IntDefaultHandler,32            ; g_pfnVectors[29] @ 928
      80 00000078 00000000!         .bits   IntDefaultHandler,32            ; g_pfnVectors[30] @ 960
      81 0000007c 00000000!         .bits   IntDefaultHandler,32            ; g_pfnVectors[31] @ 992
      82 00000080 00000000!         .bits   IntDefaultHandler,32            ; g_pfnVectors[32] @ 1024
      83 00000084 00000000!         .bits   IntDefaultHandler,32            ; g_pfnVectors[33] @ 1056
      84 00000088 00000000!         .bits   IntDefaultHandler,32            ; g_pfnVectors[34] @ 1088
      85 0000008c 00000000!         .bits   IntDefaultHandler,32            ; g_pfnVectors[35] @ 1120
      86 00000090 00000000!         .bits   IntDefaultHandler,32            ; g_pfnVectors[36] @ 1152
      87 00000094 00000000!         .bits   IntDefaultHandler,32            ; g_pfnVectors[37] @ 1184
      88 00000098 00000000!         .bits   IntDefaultHandler,32            ; g_pfnVectors[38] @ 1216
      89 0000009c 00000000!         .bits   IntDefaultHandler,32            ; g_pfnVectors[39] @ 1248
      90 000000a0 00000000!         .bits   IntDefaultHandler,32            ; g_pfnVectors[40] @ 1280
      91 000000a4 00000000!         .bits   IntDefaultHandler,32            ; g_pfnVectors[41] @ 1312
      92 000000a8 00000000!         .bits   IntDefaultHandler,32            ; g_pfnVectors[42] @ 1344
      93 000000ac 00000000!         .bits   IntDefaultHandler,32            ; g_pfnVectors[43] @ 1376
      94 000000b0 00000000!         .bits   IntDefaultHandler,32            ; g_pfnVectors[44] @ 1408
      95 000000b4 00000000!         .bits   IntDefaultHandler,32            ; g_pfnVectors[45] @ 1440
      96 000000b8 00000000!         .bits   IntDefaultHandler,32            ; g_pfnVectors[46] @ 1472
      97 000000bc 00000000!         .bits   IntDefaultHandler,32            ; g_pfnVectors[47] @ 1504
      98 000000c0 00000000!         .bits   IntDefaultHandler,32            ; g_pfnVectors[48] @ 1536
      99 000000c4 00000000!         .bits   IntDefaultHandler,32            ; g_pfnVectors[49] @ 1568
     100 000000c8 00000000!         .bits   IntDefaultHandler,32            ; g_pfnVectors[50] @ 1600
     101 000000cc 00000000!         .bits   IntDefaultHandler,32            ; g_pfnVectors[51] @ 1632
     102 000000d0 00000000!         .bits   IntDefaultHandler,32            ; g_pfnVectors[52] @ 1664
     103 000000d4 00000000!         .bits   IntDefaultHandler,32            ; g_pfnVectors[53] @ 1696
     104 000000d8 00000000!         .bits   IntDefaultHandler,32            ; g_pfnVectors[54] @ 1728
     105 000000dc 00000000!         .bits   IntDefaultHandler,32            ; g_pfnVectors[55] @ 1760
     106 000000e0 00000000!         .bits   IntDefaultHandler,32            ; g_pfnVectors[56] @ 1792
     107 000000e4 00000000          .bits   0,32                    ; g_pfnVectors[57] @ 1824
     108 000000e8 00000000!         .bits   IntDefaultHandler,32            ; g_pfnVectors[58] @ 1856
     109 000000ec 00000000!         .bits   IntDefaultHandler,32            ; g_pfnVectors[59] @ 1888
     110                    
TI ARM Assembler PC v5.1.7 Wed Dec 10 18:19:48 2014

Tools Copyright (c) 1996-2014 Texas Instruments Incorporated
startup_ccs.asm                                                      PAGE    3

     111                    $C$DW$5 .dwtag  DW_TAG_variable, DW_AT_name("g_pfnVectors")
     112                            .dwattr $C$DW$5, DW_AT_TI_symbol_name("g_pfnVectors")
     113                            .dwattr $C$DW$5, DW_AT_location[DW_OP_addr g_pfnVectors]
     114                            .dwattr $C$DW$5, DW_AT_type(*$C$DW$T$22)
     115                            .dwattr $C$DW$5, DW_AT_external
     116                            .dwattr $C$DW$5, DW_AT_decl_file("../startup_ccs.c")
     117                            .dwattr $C$DW$5, DW_AT_decl_line(0x57)
     118                            .dwattr $C$DW$5, DW_AT_decl_column(0x0f)
     119                    ;       C:\TI_CodeComposer\ccsv6\tools\compiler\arm_5.1.7\bin\armacpia.exe -@C:\\Users\\cratnapa\\AppD
     120 00000000                   .sect   ".text"
     121                            .clink
     122                            .thumbfunc ResetISR
     123 00000000                   .thumb
     124                            .global ResetISR
     125                    
     126                    $C$DW$6 .dwtag  DW_TAG_subprogram, DW_AT_name("ResetISR")
     127                            .dwattr $C$DW$6, DW_AT_low_pc(ResetISR)
     128                            .dwattr $C$DW$6, DW_AT_high_pc(0x00)
     129                            .dwattr $C$DW$6, DW_AT_TI_symbol_name("ResetISR")
     130                            .dwattr $C$DW$6, DW_AT_external
     131                            .dwattr $C$DW$6, DW_AT_TI_begin_file("../startup_ccs.c")
     132                            .dwattr $C$DW$6, DW_AT_TI_begin_line(0xa3)
     133                            .dwattr $C$DW$6, DW_AT_TI_begin_column(0x01)
     134                            .dwattr $C$DW$6, DW_AT_decl_file("../startup_ccs.c")
     135                            .dwattr $C$DW$6, DW_AT_decl_line(0xa3)
     136                            .dwattr $C$DW$6, DW_AT_decl_column(0x01)
     137                            .dwattr $C$DW$6, DW_AT_TI_max_frame_size(0x00)
     138                            .dwpsn  file "../startup_ccs.c",line 164,column 1,is_stmt,address ResetISR,isa 1
     139                    
     140                            .dwfde $C$DW$CIE, ResetISR
     141                    
     142                    ;*****************************************************************************
     143                    ;* FUNCTION NAME: ResetISR                                                   *
     144                    ;*                                                                           *
     145                    ;*   Regs Modified     :                                                     *
     146                    ;*   Regs Used         : LR                                                  *
     147                    ;*   Local Frame Size  : 0 Args + 0 Auto + 0 Save = 0 byte                   *
     148                    ;*****************************************************************************
     149 00000000           ResetISR:
     150                    ;* --------------------------------------------------------------------------*
     151                            .dwcfi  cfa_offset, 0
     152                            .dwpsn  file "../startup_ccs.c",line 168,column 5,is_stmt,isa 1
     153                        .global _c_int00
     154 00000000 BFFEF7FF!     b.w     _c_int00 ; [KEEP 32-BIT INS]
     155                            .dwpsn  file "../startup_ccs.c",line 170,column 1,is_stmt,isa 1
     156                    $C$DW$7 .dwtag  DW_TAG_TI_branch
     157                            .dwattr $C$DW$7, DW_AT_low_pc(0x00)
     158                            .dwattr $C$DW$7, DW_AT_TI_return
     159 00000004 4770              BX        LR                    ; [DPU_3_PIPE]  ; [ORIG 16-BIT INS]
     160                            ; BRANCH OCCURS                  ; [] 
     161                            .dwattr $C$DW$6, DW_AT_TI_end_file("../startup_ccs.c")
     162                            .dwattr $C$DW$6, DW_AT_TI_end_line(0xaa)
     163                            .dwattr $C$DW$6, DW_AT_TI_end_column(0x01)
     164                            .dwendentry
     165                            .dwendtag $C$DW$6
TI ARM Assembler PC v5.1.7 Wed Dec 10 18:19:48 2014

Tools Copyright (c) 1996-2014 Texas Instruments Incorporated
startup_ccs.asm                                                      PAGE    4

     166                    
     167 00000006                   .sect   ".text"
     168                            .clink
     169                            .thumbfunc NmiSR
     170 00000006                   .thumb
     171                    
     172                    $C$DW$8 .dwtag  DW_TAG_subprogram, DW_AT_name("NmiSR")
     173                            .dwattr $C$DW$8, DW_AT_low_pc(NmiSR)
     174                            .dwattr $C$DW$8, DW_AT_high_pc(0x00)
     175                            .dwattr $C$DW$8, DW_AT_TI_symbol_name("NmiSR")
     176                            .dwattr $C$DW$8, DW_AT_TI_begin_file("../startup_ccs.c")
     177                            .dwattr $C$DW$8, DW_AT_TI_begin_line(0xb4)
     178                            .dwattr $C$DW$8, DW_AT_TI_begin_column(0x01)
     179                            .dwattr $C$DW$8, DW_AT_decl_file("../startup_ccs.c")
     180                            .dwattr $C$DW$8, DW_AT_decl_line(0xb4)
     181                            .dwattr $C$DW$8, DW_AT_decl_column(0x01)
     182                            .dwattr $C$DW$8, DW_AT_TI_max_frame_size(0x00)
     183                            .dwpsn  file "../startup_ccs.c",line 181,column 1,is_stmt,address NmiSR,isa 1
     184                    
     185                            .dwfde $C$DW$CIE, NmiSR
     186                    
     187                    ;*****************************************************************************
     188                    ;* FUNCTION NAME: NmiSR                                                      *
     189                    ;*                                                                           *
     190                    ;*   Regs Modified     :                                                     *
     191                    ;*   Regs Used         : LR                                                  *
     192                    ;*   Local Frame Size  : 0 Args + 0 Auto + 0 Save = 0 byte                   *
     193                    ;*****************************************************************************
     194 00000006           NmiSR:
     195                    ;* --------------------------------------------------------------------------*
     196                            .dwcfi  cfa_offset, 0
     197                            .dwpsn  file "../startup_ccs.c",line 185,column 11,is_stmt,isa 1
     198                    ;* --------------------------------------------------------------------------*
     199                    ;*   BEGIN LOOP ||$C$L1||
     200                    ;*
     201                    ;*   Loop source line                : 185
     202                    ;*   Loop closing brace source line  : 187
     203                    ;*   Known Minimum Trip Count        : 1
     204                    ;*   Known Maximum Trip Count        : 4294967295
     205                    ;*   Known Max Trip Count Factor     : 1
     206                    ;* --------------------------------------------------------------------------*
     207 00000006           ||$C$L1||:    
     208 00000006 E7FE              B         ||$C$L1||             ; [DPU_3_PIPE] |185|  ; [ORIG 16-BIT INS]
     209                            ; BRANCH OCCURS {||$C$L1||}      ; [] |185| 
     210                    ;* --------------------------------------------------------------------------*
     211                            .dwattr $C$DW$8, DW_AT_TI_end_file("../startup_ccs.c")
     212                            .dwattr $C$DW$8, DW_AT_TI_end_line(0xbc)
     213                            .dwattr $C$DW$8, DW_AT_TI_end_column(0x01)
     214                            .dwendentry
     215                            .dwendtag $C$DW$8
     216                    
     217 00000008                   .sect   ".text"
     218                            .clink
     219                            .thumbfunc FaultISR
     220 00000008                   .thumb
TI ARM Assembler PC v5.1.7 Wed Dec 10 18:19:48 2014

Tools Copyright (c) 1996-2014 Texas Instruments Incorporated
startup_ccs.asm                                                      PAGE    5

     221                    
     222                    $C$DW$9 .dwtag  DW_TAG_subprogram, DW_AT_name("FaultISR")
     223                            .dwattr $C$DW$9, DW_AT_low_pc(FaultISR)
     224                            .dwattr $C$DW$9, DW_AT_high_pc(0x00)
     225                            .dwattr $C$DW$9, DW_AT_TI_symbol_name("FaultISR")
     226                            .dwattr $C$DW$9, DW_AT_TI_begin_file("../startup_ccs.c")
     227                            .dwattr $C$DW$9, DW_AT_TI_begin_line(0xc6)
     228                            .dwattr $C$DW$9, DW_AT_TI_begin_column(0x01)
     229                            .dwattr $C$DW$9, DW_AT_decl_file("../startup_ccs.c")
     230                            .dwattr $C$DW$9, DW_AT_decl_line(0xc6)
     231                            .dwattr $C$DW$9, DW_AT_decl_column(0x01)
     232                            .dwattr $C$DW$9, DW_AT_TI_max_frame_size(0x00)
     233                            .dwpsn  file "../startup_ccs.c",line 199,column 1,is_stmt,address FaultISR,isa 1
     234                    
     235                            .dwfde $C$DW$CIE, FaultISR
     236                    
     237                    ;*****************************************************************************
     238                    ;* FUNCTION NAME: FaultISR                                                   *
     239                    ;*                                                                           *
     240                    ;*   Regs Modified     :                                                     *
     241                    ;*   Regs Used         : LR                                                  *
     242                    ;*   Local Frame Size  : 0 Args + 0 Auto + 0 Save = 0 byte                   *
     243                    ;*****************************************************************************
     244 00000008           FaultISR:
     245                    ;* --------------------------------------------------------------------------*
     246                            .dwcfi  cfa_offset, 0
     247                            .dwpsn  file "../startup_ccs.c",line 203,column 11,is_stmt,isa 1
     248                    ;* --------------------------------------------------------------------------*
     249                    ;*   BEGIN LOOP ||$C$L2||
     250                    ;*
     251                    ;*   Loop source line                : 203
     252                    ;*   Loop closing brace source line  : 205
     253                    ;*   Known Minimum Trip Count        : 1
     254                    ;*   Known Maximum Trip Count        : 4294967295
     255                    ;*   Known Max Trip Count Factor     : 1
     256                    ;* --------------------------------------------------------------------------*
     257 00000008           ||$C$L2||:    
     258 00000008 E7FE              B         ||$C$L2||             ; [DPU_3_PIPE] |203|  ; [ORIG 16-BIT INS]
     259                            ; BRANCH OCCURS {||$C$L2||}      ; [] |203| 
     260                    ;* --------------------------------------------------------------------------*
     261                            .dwattr $C$DW$9, DW_AT_TI_end_file("../startup_ccs.c")
     262                            .dwattr $C$DW$9, DW_AT_TI_end_line(0xce)
     263                            .dwattr $C$DW$9, DW_AT_TI_end_column(0x01)
     264                            .dwendentry
     265                            .dwendtag $C$DW$9
     266                    
     267 0000000a                   .sect   ".text"
     268                            .clink
     269                            .thumbfunc IntDefaultHandler
     270 0000000a                   .thumb
     271                    
     272                    $C$DW$10        .dwtag  DW_TAG_subprogram, DW_AT_name("IntDefaultHandler")
     273                            .dwattr $C$DW$10, DW_AT_low_pc(IntDefaultHandler)
     274                            .dwattr $C$DW$10, DW_AT_high_pc(0x00)
     275                            .dwattr $C$DW$10, DW_AT_TI_symbol_name("IntDefaultHandler")
TI ARM Assembler PC v5.1.7 Wed Dec 10 18:19:48 2014

Tools Copyright (c) 1996-2014 Texas Instruments Incorporated
startup_ccs.asm                                                      PAGE    6

     276                            .dwattr $C$DW$10, DW_AT_TI_begin_file("../startup_ccs.c")
     277                            .dwattr $C$DW$10, DW_AT_TI_begin_line(0xd8)
     278                            .dwattr $C$DW$10, DW_AT_TI_begin_column(0x01)
     279                            .dwattr $C$DW$10, DW_AT_decl_file("../startup_ccs.c")
     280                            .dwattr $C$DW$10, DW_AT_decl_line(0xd8)
     281                            .dwattr $C$DW$10, DW_AT_decl_column(0x01)
     282                            .dwattr $C$DW$10, DW_AT_TI_max_frame_size(0x00)
     283                            .dwpsn  file "../startup_ccs.c",line 217,column 1,is_stmt,address IntDefaultHandler,isa 1
     284                    
     285                            .dwfde $C$DW$CIE, IntDefaultHandler
     286                    
     287                    ;*****************************************************************************
     288                    ;* FUNCTION NAME: IntDefaultHandler                                          *
     289                    ;*                                                                           *
     290                    ;*   Regs Modified     :                                                     *
     291                    ;*   Regs Used         : LR                                                  *
     292                    ;*   Local Frame Size  : 0 Args + 0 Auto + 0 Save = 0 byte                   *
     293                    ;*****************************************************************************
     294 0000000a           IntDefaultHandler:
     295                    ;* --------------------------------------------------------------------------*
     296                            .dwcfi  cfa_offset, 0
     297                            .dwpsn  file "../startup_ccs.c",line 221,column 11,is_stmt,isa 1
     298                    ;* --------------------------------------------------------------------------*
     299                    ;*   BEGIN LOOP ||$C$L3||
     300                    ;*
     301                    ;*   Loop source line                : 221
     302                    ;*   Loop closing brace source line  : 223
     303                    ;*   Known Minimum Trip Count        : 1
     304                    ;*   Known Maximum Trip Count        : 4294967295
     305                    ;*   Known Max Trip Count Factor     : 1
     306                    ;* --------------------------------------------------------------------------*
     307 0000000a           ||$C$L3||:    
     308 0000000a E7FE              B         ||$C$L3||             ; [DPU_3_PIPE] |221|  ; [ORIG 16-BIT INS]
     309                            ; BRANCH OCCURS {||$C$L3||}      ; [] |221| 
     310                    ;* --------------------------------------------------------------------------*
     311                            .dwattr $C$DW$10, DW_AT_TI_end_file("../startup_ccs.c")
     312                            .dwattr $C$DW$10, DW_AT_TI_end_line(0xe0)
     313                            .dwattr $C$DW$10, DW_AT_TI_end_column(0x01)
     314                            .dwendentry
     315                            .dwendtag $C$DW$10
     316                    
     317                    ;*****************************************************************************
     318                    ;* UNDEFINED EXTERNAL REFERENCES                                             *
     319                    ;*****************************************************************************
     320                            .global xPortPendSVHandler
     321                            .global vPortSVCHandler
     322                            .global xPortSysTickHandler
     323                    
     324                    ;******************************************************************************
     325                    ;* BUILD ATTRIBUTES                                                           *
     326                    ;******************************************************************************
     327                            .battr "aeabi", Tag_File, 1, Tag_ABI_PCS_wchar_t(2)
     328                            .battr "aeabi", Tag_File, 1, Tag_ABI_FP_rounding(0)
     329                            .battr "aeabi", Tag_File, 1, Tag_ABI_FP_denormal(0)
     330                            .battr "aeabi", Tag_File, 1, Tag_ABI_FP_exceptions(0)
TI ARM Assembler PC v5.1.7 Wed Dec 10 18:19:48 2014

Tools Copyright (c) 1996-2014 Texas Instruments Incorporated
startup_ccs.asm                                                      PAGE    7

     331                            .battr "aeabi", Tag_File, 1, Tag_ABI_FP_number_model(1)
     332                            .battr "aeabi", Tag_File, 1, Tag_ABI_enum_size(0)
     333                            .battr "aeabi", Tag_File, 1, Tag_ABI_optimization_goals(5)
     334                            .battr "aeabi", Tag_File, 1, Tag_ABI_FP_optimization_goals(0)
     335                            .battr "TI", Tag_File, 1, Tag_Bitfield_layout(2)
     336                            .battr "TI", Tag_File, 1, Tag_FP_interface(1)
     337                    
     338                    ;******************************************************************************
     339                    ;* TYPE INFORMATION                                                           *
     340                    ;******************************************************************************
     341                    $C$DW$T$2       .dwtag  DW_TAG_unspecified_type
     342                            .dwattr $C$DW$T$2, DW_AT_name("void")
     343                    
     344                    $C$DW$T$19      .dwtag  DW_TAG_subroutine_type
     345                            .dwattr $C$DW$T$19, DW_AT_language(DW_LANG_C)
     346                    $C$DW$T$20      .dwtag  DW_TAG_pointer_type
     347                            .dwattr $C$DW$T$20, DW_AT_type(*$C$DW$T$19)
     348                            .dwattr $C$DW$T$20, DW_AT_address_class(0x20)
     349                    $C$DW$T$21      .dwtag  DW_TAG_const_type
     350                            .dwattr $C$DW$T$21, DW_AT_type(*$C$DW$T$20)
     351                    
     352                    $C$DW$T$22      .dwtag  DW_TAG_array_type
     353                            .dwattr $C$DW$T$22, DW_AT_type(*$C$DW$T$21)
     354                            .dwattr $C$DW$T$22, DW_AT_language(DW_LANG_C)
     355                            .dwattr $C$DW$T$22, DW_AT_byte_size(0xf0)
     356                    $C$DW$11        .dwtag  DW_TAG_subrange_type
     357                            .dwattr $C$DW$11, DW_AT_upper_bound(0x3b)
     358                            .dwendtag $C$DW$T$22
     359                    
     360                    $C$DW$T$4       .dwtag  DW_TAG_base_type
     361                            .dwattr $C$DW$T$4, DW_AT_encoding(DW_ATE_boolean)
     362                            .dwattr $C$DW$T$4, DW_AT_name("bool")
     363                            .dwattr $C$DW$T$4, DW_AT_byte_size(0x01)
     364                    $C$DW$T$5       .dwtag  DW_TAG_base_type
     365                            .dwattr $C$DW$T$5, DW_AT_encoding(DW_ATE_signed_char)
     366                            .dwattr $C$DW$T$5, DW_AT_name("signed char")
     367                            .dwattr $C$DW$T$5, DW_AT_byte_size(0x01)
     368                    $C$DW$T$6       .dwtag  DW_TAG_base_type
     369                            .dwattr $C$DW$T$6, DW_AT_encoding(DW_ATE_unsigned_char)
     370                            .dwattr $C$DW$T$6, DW_AT_name("unsigned char")
     371                            .dwattr $C$DW$T$6, DW_AT_byte_size(0x01)
     372                    $C$DW$T$7       .dwtag  DW_TAG_base_type
     373                            .dwattr $C$DW$T$7, DW_AT_encoding(DW_ATE_signed_char)
     374                            .dwattr $C$DW$T$7, DW_AT_name("wchar_t")
     375                            .dwattr $C$DW$T$7, DW_AT_byte_size(0x02)
     376                    $C$DW$T$8       .dwtag  DW_TAG_base_type
     377                            .dwattr $C$DW$T$8, DW_AT_encoding(DW_ATE_signed)
     378                            .dwattr $C$DW$T$8, DW_AT_name("short")
     379                            .dwattr $C$DW$T$8, DW_AT_byte_size(0x02)
     380                    $C$DW$T$9       .dwtag  DW_TAG_base_type
     381                            .dwattr $C$DW$T$9, DW_AT_encoding(DW_ATE_unsigned)
     382                            .dwattr $C$DW$T$9, DW_AT_name("unsigned short")
     383                            .dwattr $C$DW$T$9, DW_AT_byte_size(0x02)
     384                    $C$DW$T$10      .dwtag  DW_TAG_base_type
     385                            .dwattr $C$DW$T$10, DW_AT_encoding(DW_ATE_signed)
TI ARM Assembler PC v5.1.7 Wed Dec 10 18:19:48 2014

Tools Copyright (c) 1996-2014 Texas Instruments Incorporated
startup_ccs.asm                                                      PAGE    8

     386                            .dwattr $C$DW$T$10, DW_AT_name("int")
     387                            .dwattr $C$DW$T$10, DW_AT_byte_size(0x04)
     388                    $C$DW$T$11      .dwtag  DW_TAG_base_type
     389                            .dwattr $C$DW$T$11, DW_AT_encoding(DW_ATE_unsigned)
     390                            .dwattr $C$DW$T$11, DW_AT_name("unsigned int")
     391                            .dwattr $C$DW$T$11, DW_AT_byte_size(0x04)
     392                    $C$DW$T$12      .dwtag  DW_TAG_base_type
     393                            .dwattr $C$DW$T$12, DW_AT_encoding(DW_ATE_signed)
     394                            .dwattr $C$DW$T$12, DW_AT_name("long")
     395                            .dwattr $C$DW$T$12, DW_AT_byte_size(0x04)
     396                    $C$DW$T$13      .dwtag  DW_TAG_base_type
     397                            .dwattr $C$DW$T$13, DW_AT_encoding(DW_ATE_unsigned)
     398                            .dwattr $C$DW$T$13, DW_AT_name("unsigned long")
     399                            .dwattr $C$DW$T$13, DW_AT_byte_size(0x04)
     400                    
     401                    $C$DW$T$23      .dwtag  DW_TAG_array_type
     402                            .dwattr $C$DW$T$23, DW_AT_type(*$C$DW$T$13)
     403                            .dwattr $C$DW$T$23, DW_AT_language(DW_LANG_C)
     404                            .dwattr $C$DW$T$23, DW_AT_byte_size(0x100)
     405                    $C$DW$12        .dwtag  DW_TAG_subrange_type
     406                            .dwattr $C$DW$12, DW_AT_upper_bound(0x3f)
     407                            .dwendtag $C$DW$T$23
     408                    
     409                    $C$DW$T$14      .dwtag  DW_TAG_base_type
     410                            .dwattr $C$DW$T$14, DW_AT_encoding(DW_ATE_signed)
     411                            .dwattr $C$DW$T$14, DW_AT_name("long long")
     412                            .dwattr $C$DW$T$14, DW_AT_byte_size(0x08)
     413                    $C$DW$T$15      .dwtag  DW_TAG_base_type
     414                            .dwattr $C$DW$T$15, DW_AT_encoding(DW_ATE_unsigned)
     415                            .dwattr $C$DW$T$15, DW_AT_name("unsigned long long")
     416                            .dwattr $C$DW$T$15, DW_AT_byte_size(0x08)
     417                    $C$DW$T$16      .dwtag  DW_TAG_base_type
     418                            .dwattr $C$DW$T$16, DW_AT_encoding(DW_ATE_float)
     419                            .dwattr $C$DW$T$16, DW_AT_name("float")
     420                            .dwattr $C$DW$T$16, DW_AT_byte_size(0x04)
     421                    $C$DW$T$17      .dwtag  DW_TAG_base_type
     422                            .dwattr $C$DW$T$17, DW_AT_encoding(DW_ATE_float)
     423                            .dwattr $C$DW$T$17, DW_AT_name("double")
     424                            .dwattr $C$DW$T$17, DW_AT_byte_size(0x08)
     425                    $C$DW$T$18      .dwtag  DW_TAG_base_type
     426                            .dwattr $C$DW$T$18, DW_AT_encoding(DW_ATE_float)
     427                            .dwattr $C$DW$T$18, DW_AT_name("long double")
     428                            .dwattr $C$DW$T$18, DW_AT_byte_size(0x08)
     429                            .dwattr $C$DW$CU, DW_AT_language(DW_LANG_C)
     430                    
     431                    ;***************************************************************
     432                    ;* DWARF CIE ENTRIES                                           *
     433                    ;***************************************************************
     434                    
     435                    $C$DW$CIE       .dwcie 14
     436                            .dwcfi  cfa_register, 13
     437                            .dwcfi  cfa_offset, 0
     438                            .dwcfi  undefined, 0
     439                            .dwcfi  undefined, 1
     440                            .dwcfi  undefined, 2
TI ARM Assembler PC v5.1.7 Wed Dec 10 18:19:48 2014

Tools Copyright (c) 1996-2014 Texas Instruments Incorporated
startup_ccs.asm                                                      PAGE    9

     441                            .dwcfi  undefined, 3
     442                            .dwcfi  same_value, 4
     443                            .dwcfi  same_value, 5
     444                            .dwcfi  same_value, 6
     445                            .dwcfi  same_value, 7
     446                            .dwcfi  same_value, 8
     447                            .dwcfi  same_value, 9
     448                            .dwcfi  same_value, 10
     449                            .dwcfi  same_value, 11
     450                            .dwcfi  undefined, 12
     451                            .dwcfi  undefined, 13
     452                            .dwcfi  undefined, 14
     453                            .dwcfi  undefined, 14
     454                            .dwcfi  undefined, 7
     455                            .dwendentry
     456                            .dwendtag $C$DW$CU
     457                    

--------------------------
Thumb2 Statistics
--------------------------
Number of Thumb2 ins converted to Thumb = 0 (0%)
Number of Thumb ins in input = 4 (80%)
Number of Thumb2 ins encoded as Thumb2 = 1 (100%)
Number of Thumb2 ins converted to 2 OPND Thumb = 0


No Assembly Errors, No Assembly Warnings
