<?xml version="1.0"?>
<link_info>
   <banner>TI ARM Linker PC v5.1.7</banner>
   <copyright>Copyright (c) 1996-2014 Texas Instruments Incorporated</copyright>
   <link_time>0x54621a92</link_time>
   <link_errors>0x0</link_errors>
   <output_file>FreeRTOS_Timer_Lab6.out</output_file>
   <entry_point>
      <name>_c_int00</name>
      <address>0x2e59</address>
   </entry_point>
   <input_file_list>
      <input_file id="fl-2">
         <path>.\</path>
         <kind>object</kind>
         <file>Task_TimerInterrupt.obj</file>
         <name>Task_TimerInterrupt.obj</name>
      </input_file>
      <input_file id="fl-3">
         <path>.\</path>
         <kind>object</kind>
         <file>Timer_main.obj</file>
         <name>Timer_main.obj</name>
      </input_file>
      <input_file id="fl-4">
         <path>.\</path>
         <kind>object</kind>
         <file>heap_2.obj</file>
         <name>heap_2.obj</name>
      </input_file>
      <input_file id="fl-5">
         <path>.\</path>
         <kind>object</kind>
         <file>startup_ccs.obj</file>
         <name>startup_ccs.obj</name>
      </input_file>
      <input_file id="fl-6">
         <path>.\Source\</path>
         <kind>object</kind>
         <file>croutine.obj</file>
         <name>croutine.obj</name>
      </input_file>
      <input_file id="fl-7">
         <path>.\Source\</path>
         <kind>object</kind>
         <file>list.obj</file>
         <name>list.obj</name>
      </input_file>
      <input_file id="fl-8">
         <path>.\Source\</path>
         <kind>object</kind>
         <file>queue.obj</file>
         <name>queue.obj</name>
      </input_file>
      <input_file id="fl-9">
         <path>.\Source\</path>
         <kind>object</kind>
         <file>tasks.obj</file>
         <name>tasks.obj</name>
      </input_file>
      <input_file id="fl-a">
         <path>.\Source\</path>
         <kind>object</kind>
         <file>timers.obj</file>
         <name>timers.obj</name>
      </input_file>
      <input_file id="fl-b">
         <path>.\Source\portable\CCS5\ARM_CM3\</path>
         <kind>object</kind>
         <file>port.obj</file>
         <name>port.obj</name>
      </input_file>
      <input_file id="fl-c">
         <path>.\Source\portable\CCS5\ARM_CM3\</path>
         <kind>object</kind>
         <file>portasm.obj</file>
         <name>portasm.obj</name>
      </input_file>
      <input_file id="fl-d">
         <path>.\Drivers\</path>
         <kind>object</kind>
         <file>rit128x96x4.obj</file>
         <name>rit128x96x4.obj</name>
      </input_file>
      <input_file id="fl-e">
         <path>.\Drivers\</path>
         <kind>object</kind>
         <file>uartstdio.obj</file>
         <name>uartstdio.obj</name>
      </input_file>
      <input_file id="fl-13">
         <path>C:\TI_CodeComposer\StellarisWare-LM3S1968\boards\ek-lm3s1968\blinky\ccs\..\..\..\..\driverlib\ccs-cm3\Debug\</path>
         <kind>archive</kind>
         <file>driverlib-cm3.lib</file>
         <name>uart.obj</name>
      </input_file>
      <input_file id="fl-14">
         <path>C:\TI_CodeComposer\StellarisWare-LM3S1968\boards\ek-lm3s1968\blinky\ccs\..\..\..\..\driverlib\ccs-cm3\Debug\</path>
         <kind>archive</kind>
         <file>driverlib-cm3.lib</file>
         <name>timer.obj</name>
      </input_file>
      <input_file id="fl-15">
         <path>C:\TI_CodeComposer\StellarisWare-LM3S1968\boards\ek-lm3s1968\blinky\ccs\..\..\..\..\driverlib\ccs-cm3\Debug\</path>
         <kind>archive</kind>
         <file>driverlib-cm3.lib</file>
         <name>sysctl.obj</name>
      </input_file>
      <input_file id="fl-16">
         <path>C:\TI_CodeComposer\StellarisWare-LM3S1968\boards\ek-lm3s1968\blinky\ccs\..\..\..\..\driverlib\ccs-cm3\Debug\</path>
         <kind>archive</kind>
         <file>driverlib-cm3.lib</file>
         <name>ssi.obj</name>
      </input_file>
      <input_file id="fl-17">
         <path>C:\TI_CodeComposer\StellarisWare-LM3S1968\boards\ek-lm3s1968\blinky\ccs\..\..\..\..\driverlib\ccs-cm3\Debug\</path>
         <kind>archive</kind>
         <file>driverlib-cm3.lib</file>
         <name>interrupt.obj</name>
      </input_file>
      <input_file id="fl-18">
         <path>C:\TI_CodeComposer\StellarisWare-LM3S1968\boards\ek-lm3s1968\blinky\ccs\..\..\..\..\driverlib\ccs-cm3\Debug\</path>
         <kind>archive</kind>
         <file>driverlib-cm3.lib</file>
         <name>gpio.obj</name>
      </input_file>
      <input_file id="fl-19">
         <path>C:\TI_CodeComposer\StellarisWare-LM3S1968\boards\ek-lm3s1968\blinky\ccs\..\..\..\..\driverlib\ccs-cm3\Debug\</path>
         <kind>archive</kind>
         <file>driverlib-cm3.lib</file>
         <name>cpu.obj</name>
      </input_file>
      <input_file id="fl-1a">
         <path>C:\TI_CodeComposer\StellarisWare-LM3S1968\boards\ek-lm3s1968\blinky\ccs\..\..\..\..\driverlib\ccs-cm3\Debug\</path>
         <kind>archive</kind>
         <file>driverlib-cm3.lib</file>
         <name>adc.obj</name>
      </input_file>
      <input_file id="fl-144">
         <path>C:\TI_CodeComposer\ccsv6\tools\compiler\arm_5.1.7\lib\</path>
         <kind>archive</kind>
         <file>rtsv7M3_T_le_eabi.lib</file>
         <name>boot.obj</name>
      </input_file>
      <input_file id="fl-145">
         <path>C:\TI_CodeComposer\ccsv6\tools\compiler\arm_5.1.7\lib\</path>
         <kind>archive</kind>
         <file>rtsv7M3_T_le_eabi.lib</file>
         <name>copy_decompress_none.obj</name>
      </input_file>
      <input_file id="fl-146">
         <path>C:\TI_CodeComposer\ccsv6\tools\compiler\arm_5.1.7\lib\</path>
         <kind>archive</kind>
         <file>rtsv7M3_T_le_eabi.lib</file>
         <name>copy_decompress_rle.obj</name>
      </input_file>
      <input_file id="fl-147">
         <path>C:\TI_CodeComposer\ccsv6\tools\compiler\arm_5.1.7\lib\</path>
         <kind>archive</kind>
         <file>rtsv7M3_T_le_eabi.lib</file>
         <name>copy_zero_init.obj</name>
      </input_file>
      <input_file id="fl-148">
         <path>C:\TI_CodeComposer\ccsv6\tools\compiler\arm_5.1.7\lib\</path>
         <kind>archive</kind>
         <file>rtsv7M3_T_le_eabi.lib</file>
         <name>exit.obj</name>
      </input_file>
      <input_file id="fl-149">
         <path>C:\TI_CodeComposer\ccsv6\tools\compiler\arm_5.1.7\lib\</path>
         <kind>archive</kind>
         <file>rtsv7M3_T_le_eabi.lib</file>
         <name>memcpy_t2.obj</name>
      </input_file>
      <input_file id="fl-14a">
         <path>C:\TI_CodeComposer\ccsv6\tools\compiler\arm_5.1.7\lib\</path>
         <kind>archive</kind>
         <file>rtsv7M3_T_le_eabi.lib</file>
         <name>memset_t2.obj</name>
      </input_file>
      <input_file id="fl-14b">
         <path>C:\TI_CodeComposer\ccsv6\tools\compiler\arm_5.1.7\lib\</path>
         <kind>archive</kind>
         <file>rtsv7M3_T_le_eabi.lib</file>
         <name>sprintf.obj</name>
      </input_file>
      <input_file id="fl-14c">
         <path>C:\TI_CodeComposer\ccsv6\tools\compiler\arm_5.1.7\lib\</path>
         <kind>archive</kind>
         <file>rtsv7M3_T_le_eabi.lib</file>
         <name>stkdepth_vars.obj</name>
      </input_file>
      <input_file id="fl-14d">
         <path>C:\TI_CodeComposer\ccsv6\tools\compiler\arm_5.1.7\lib\</path>
         <kind>archive</kind>
         <file>rtsv7M3_T_le_eabi.lib</file>
         <name>strncpy.obj</name>
      </input_file>
      <input_file id="fl-14e">
         <path>C:\TI_CodeComposer\ccsv6\tools\compiler\arm_5.1.7\lib\</path>
         <kind>archive</kind>
         <file>rtsv7M3_T_le_eabi.lib</file>
         <name>u_divt2.obj</name>
      </input_file>
      <input_file id="fl-14f">
         <path>C:\TI_CodeComposer\ccsv6\tools\compiler\arm_5.1.7\lib\</path>
         <kind>archive</kind>
         <file>rtsv7M3_T_le_eabi.lib</file>
         <name>_lock.obj</name>
      </input_file>
      <input_file id="fl-150">
         <path>C:\TI_CodeComposer\ccsv6\tools\compiler\arm_5.1.7\lib\</path>
         <kind>archive</kind>
         <file>rtsv7M3_T_le_eabi.lib</file>
         <name>_printfi_nf.obj</name>
      </input_file>
      <input_file id="fl-151">
         <path>C:\TI_CodeComposer\ccsv6\tools\compiler\arm_5.1.7\lib\</path>
         <kind>archive</kind>
         <file>rtsv7M3_T_le_eabi.lib</file>
         <name>args_main.obj</name>
      </input_file>
      <input_file id="fl-152">
         <path>C:\TI_CodeComposer\ccsv6\tools\compiler\arm_5.1.7\lib\</path>
         <kind>archive</kind>
         <file>rtsv7M3_T_le_eabi.lib</file>
         <name>atoi.obj</name>
      </input_file>
      <input_file id="fl-153">
         <path>C:\TI_CodeComposer\ccsv6\tools\compiler\arm_5.1.7\lib\</path>
         <kind>archive</kind>
         <file>rtsv7M3_T_le_eabi.lib</file>
         <name>auto_init.obj</name>
      </input_file>
      <input_file id="fl-154">
         <path>C:\TI_CodeComposer\ccsv6\tools\compiler\arm_5.1.7\lib\</path>
         <kind>archive</kind>
         <file>rtsv7M3_T_le_eabi.lib</file>
         <name>cpy_tbl.obj</name>
      </input_file>
      <input_file id="fl-155">
         <path>C:\TI_CodeComposer\ccsv6\tools\compiler\arm_5.1.7\lib\</path>
         <kind>archive</kind>
         <file>rtsv7M3_T_le_eabi.lib</file>
         <name>ctype.obj</name>
      </input_file>
      <input_file id="fl-156">
         <path>C:\TI_CodeComposer\ccsv6\tools\compiler\arm_5.1.7\lib\</path>
         <kind>archive</kind>
         <file>rtsv7M3_T_le_eabi.lib</file>
         <name>ll_mul_t2.obj</name>
      </input_file>
      <input_file id="fl-157">
         <path>C:\TI_CodeComposer\ccsv6\tools\compiler\arm_5.1.7\lib\</path>
         <kind>archive</kind>
         <file>rtsv7M3_T_le_eabi.lib</file>
         <name>memccpy.obj</name>
      </input_file>
      <input_file id="fl-158">
         <path>C:\TI_CodeComposer\ccsv6\tools\compiler\arm_5.1.7\lib\</path>
         <kind>archive</kind>
         <file>rtsv7M3_T_le_eabi.lib</file>
         <name>strlen.obj</name>
      </input_file>
      <input_file id="fl-159">
         <path>C:\TI_CodeComposer\ccsv6\tools\compiler\arm_5.1.7\lib\</path>
         <kind>archive</kind>
         <file>rtsv7M3_T_le_eabi.lib</file>
         <name>ull_div_t2.obj</name>
      </input_file>
   </input_file_list>
   <object_component_list>
      <object_component id="oc-d">
         <name>.intvecs</name>
         <load_address>0x0</load_address>
         <run_address>0x0</run_address>
         <size>0xf0</size>
         <input_file_ref idref="fl-5"/>
      </object_component>
      <object_component id="oc-7d">
         <name>.text</name>
         <load_address>0xf0</load_address>
         <run_address>0xf0</run_address>
         <size>0x794</size>
         <input_file_ref idref="fl-9"/>
      </object_component>
      <object_component id="oc-154">
         <name>.text</name>
         <load_address>0x884</load_address>
         <run_address>0x884</run_address>
         <size>0x754</size>
         <input_file_ref idref="fl-150"/>
      </object_component>
      <object_component id="oc-96">
         <name>.text</name>
         <load_address>0xfd8</load_address>
         <run_address>0xfd8</run_address>
         <size>0x5ec</size>
         <input_file_ref idref="fl-8"/>
      </object_component>
      <object_component id="oc-be">
         <name>.text</name>
         <load_address>0x15c4</load_address>
         <run_address>0x15c4</run_address>
         <size>0x510</size>
         <input_file_ref idref="fl-d"/>
      </object_component>
      <object_component id="oc-d6">
         <name>.text</name>
         <load_address>0x1ad4</load_address>
         <run_address>0x1ad4</run_address>
         <size>0x2d8</size>
         <input_file_ref idref="fl-3"/>
      </object_component>
      <object_component id="oc-22f">
         <name>.text</name>
         <load_address>0x1dac</load_address>
         <run_address>0x1dac</run_address>
         <size>0x1f4</size>
         <input_file_ref idref="fl-159"/>
      </object_component>
      <object_component id="oc-110">
         <name>.text</name>
         <load_address>0x1fa0</load_address>
         <run_address>0x1fa0</run_address>
         <size>0x1b4</size>
         <input_file_ref idref="fl-4"/>
      </object_component>
      <object_component id="oc-174">
         <name>.text:SysCtlClockGet</name>
         <load_address>0x2154</load_address>
         <run_address>0x2154</run_address>
         <size>0x198</size>
         <input_file_ref idref="fl-15"/>
      </object_component>
      <object_component id="oc-1d5">
         <name>.text:SysCtlClockSet</name>
         <load_address>0x22ec</load_address>
         <run_address>0x22ec</run_address>
         <size>0x144</size>
         <input_file_ref idref="fl-15"/>
      </object_component>
      <object_component id="oc-3c">
         <name>.text</name>
         <load_address>0x2430</load_address>
         <run_address>0x2430</run_address>
         <size>0x13c</size>
         <input_file_ref idref="fl-2"/>
      </object_component>
      <object_component id="oc-fb">
         <name>.text</name>
         <load_address>0x256c</load_address>
         <run_address>0x256c</run_address>
         <size>0x132</size>
         <input_file_ref idref="fl-7"/>
      </object_component>
      <object_component id="oc-36">
         <name>.text</name>
         <load_address>0x26a0</load_address>
         <run_address>0x26a0</run_address>
         <size>0xe8</size>
         <input_file_ref idref="fl-b"/>
      </object_component>
      <object_component id="oc-180">
         <name>.text:GPIOPadConfigSet</name>
         <load_address>0x2788</load_address>
         <run_address>0x2788</run_address>
         <size>0xc8</size>
         <input_file_ref idref="fl-18"/>
      </object_component>
      <object_component id="oc-5a">
         <name>.text</name>
         <load_address>0x2850</load_address>
         <run_address>0x2850</run_address>
         <size>0x9c</size>
         <input_file_ref idref="fl-149"/>
      </object_component>
      <object_component id="oc-45">
         <name>.text</name>
         <load_address>0x28ec</load_address>
         <run_address>0x28ec</run_address>
         <size>0x94</size>
         <input_file_ref idref="fl-153"/>
      </object_component>
      <object_component id="oc-1b1">
         <name>.text:SysCtlPeripheralReset</name>
         <load_address>0x2980</load_address>
         <run_address>0x2980</run_address>
         <size>0x88</size>
         <input_file_ref idref="fl-15"/>
      </object_component>
      <object_component id="oc-31">
         <name>.text</name>
         <load_address>0x2a08</load_address>
         <run_address>0x2a08</run_address>
         <size>0x80</size>
         <input_file_ref idref="fl-c"/>
      </object_component>
      <object_component id="oc-116">
         <name>.text</name>
         <load_address>0x2a88</load_address>
         <run_address>0x2a88</run_address>
         <size>0x78</size>
         <input_file_ref idref="fl-14a"/>
      </object_component>
      <object_component id="oc-1bd">
         <name>.text:ADCSequenceStepConfigure</name>
         <load_address>0x2b00</load_address>
         <run_address>0x2b00</run_address>
         <size>0x6c</size>
         <input_file_ref idref="fl-1a"/>
      </object_component>
      <object_component id="oc-b0">
         <name>.text:IntEnable</name>
         <load_address>0x2b6c</load_address>
         <run_address>0x2b6c</run_address>
         <size>0x64</size>
         <input_file_ref idref="fl-17"/>
      </object_component>
      <object_component id="oc-b8">
         <name>.text</name>
         <load_address>0x2bd0</load_address>
         <run_address>0x2bd0</run_address>
         <size>0x60</size>
         <input_file_ref idref="fl-14b"/>
      </object_component>
      <object_component id="oc-6d">
         <name>.text</name>
         <load_address>0x2c30</load_address>
         <run_address>0x2c30</run_address>
         <size>0x5e</size>
         <input_file_ref idref="fl-146"/>
      </object_component>
      <object_component id="oc-1b5">
         <name>.text:SysCtlPeripheralDisable</name>
         <load_address>0x2c90</load_address>
         <run_address>0x2c90</run_address>
         <size>0x58</size>
         <input_file_ref idref="fl-15"/>
      </object_component>
      <object_component id="oc-9c">
         <name>.text:SysCtlPeripheralEnable</name>
         <load_address>0x2ce8</load_address>
         <run_address>0x2ce8</run_address>
         <size>0x58</size>
         <input_file_ref idref="fl-15"/>
      </object_component>
      <object_component id="oc-245">
         <name>.text</name>
         <load_address>0x2d40</load_address>
         <run_address>0x2d40</run_address>
         <size>0x4c</size>
         <input_file_ref idref="fl-152"/>
      </object_component>
      <object_component id="oc-178">
         <name>.text:SSIConfigSetExpClk</name>
         <load_address>0x2d8c</load_address>
         <run_address>0x2d8c</run_address>
         <size>0x44</size>
         <input_file_ref idref="fl-16"/>
      </object_component>
      <object_component id="oc-cf">
         <name>.text</name>
         <load_address>0x2dd0</load_address>
         <run_address>0x2dd0</run_address>
         <size>0x44</size>
         <input_file_ref idref="fl-154"/>
      </object_component>
      <object_component id="oc-50">
         <name>.text</name>
         <load_address>0x2e14</load_address>
         <run_address>0x2e14</run_address>
         <size>0x44</size>
         <input_file_ref idref="fl-148"/>
      </object_component>
      <object_component id="oc-10">
         <name>.text</name>
         <load_address>0x2e58</load_address>
         <run_address>0x2e58</run_address>
         <size>0x34</size>
         <input_file_ref idref="fl-144"/>
      </object_component>
      <object_component id="oc-10a">
         <name>.text</name>
         <load_address>0x2e8c</load_address>
         <run_address>0x2e8c</run_address>
         <size>0x30</size>
         <input_file_ref idref="fl-14d"/>
      </object_component>
      <object_component id="oc-1cd">
         <name>.text:ADCIntStatus</name>
         <load_address>0x2ebc</load_address>
         <run_address>0x2ebc</run_address>
         <size>0x2e</size>
         <input_file_ref idref="fl-1a"/>
      </object_component>
      <object_component id="oc-26f">
         <name>.text:GPIODirModeSet</name>
         <load_address>0x2eea</load_address>
         <run_address>0x2eea</run_address>
         <size>0x2e</size>
         <input_file_ref idref="fl-18"/>
      </object_component>
      <object_component id="oc-1b9">
         <name>.text:ADCSequenceConfigure</name>
         <load_address>0x2f18</load_address>
         <run_address>0x2f18</run_address>
         <size>0x2a</size>
         <input_file_ref idref="fl-1a"/>
      </object_component>
      <object_component id="oc-a0">
         <name>.text:TimerConfigure</name>
         <load_address>0x2f44</load_address>
         <run_address>0x2f44</run_address>
         <size>0x24</size>
         <input_file_ref idref="fl-14"/>
      </object_component>
      <object_component id="oc-1d1">
         <name>.text:ADCSequenceDataGet</name>
         <load_address>0x2f68</load_address>
         <run_address>0x2f68</run_address>
         <size>0x20</size>
         <input_file_ref idref="fl-1a"/>
      </object_component>
      <object_component id="oc-23f">
         <name>.text</name>
         <load_address>0x2f88</load_address>
         <run_address>0x2f88</run_address>
         <size>0x1a</size>
         <input_file_ref idref="fl-157"/>
      </object_component>
      <object_component id="oc-4a">
         <name>.text</name>
         <load_address>0x2fa4</load_address>
         <run_address>0x2fa4</run_address>
         <size>0x18</size>
         <input_file_ref idref="fl-151"/>
      </object_component>
      <object_component id="oc-234">
         <name>.text</name>
         <load_address>0x2fbc</load_address>
         <run_address>0x2fbc</run_address>
         <size>0x18</size>
         <input_file_ref idref="fl-156"/>
      </object_component>
      <object_component id="oc-1c9">
         <name>.text:ADCProcessorTrigger</name>
         <load_address>0x2fd4</load_address>
         <run_address>0x2fd4</run_address>
         <size>0x16</size>
         <input_file_ref idref="fl-1a"/>
      </object_component>
      <object_component id="oc-1e4">
         <name>.text</name>
         <load_address>0x2fec</load_address>
         <run_address>0x2fec</run_address>
         <size>0x14</size>
         <input_file_ref idref="fl-14f"/>
      </object_component>
      <object_component id="oc-239">
         <name>.text</name>
         <load_address>0x3000</load_address>
         <run_address>0x3000</run_address>
         <size>0x14</size>
         <input_file_ref idref="fl-158"/>
      </object_component>
      <object_component id="oc-1a9">
         <name>.text:GPIOPinTypeGPIOInput</name>
         <load_address>0x3014</load_address>
         <run_address>0x3014</run_address>
         <size>0x12</size>
         <input_file_ref idref="fl-18"/>
      </object_component>
      <object_component id="oc-18c">
         <name>.text:GPIOPinTypeGPIOOutput</name>
         <load_address>0x3026</load_address>
         <run_address>0x3026</run_address>
         <size>0x12</size>
         <input_file_ref idref="fl-18"/>
      </object_component>
      <object_component id="oc-17c">
         <name>.text:GPIOPinTypeSSI</name>
         <load_address>0x3038</load_address>
         <run_address>0x3038</run_address>
         <size>0x12</size>
         <input_file_ref idref="fl-18"/>
      </object_component>
      <object_component id="oc-188">
         <name>.text:SSIDataGetNonBlocking</name>
         <load_address>0x304a</load_address>
         <run_address>0x304a</run_address>
         <size>0x12</size>
         <input_file_ref idref="fl-16"/>
      </object_component>
      <object_component id="oc-a8">
         <name>.text:TimerLoadSet</name>
         <load_address>0x305c</load_address>
         <run_address>0x305c</run_address>
         <size>0x12</size>
         <input_file_ref idref="fl-14"/>
      </object_component>
      <object_component id="oc-a4">
         <name>.text:TimerPrescaleSet</name>
         <load_address>0x306e</load_address>
         <run_address>0x306e</run_address>
         <size>0x12</size>
         <input_file_ref idref="fl-14"/>
      </object_component>
      <object_component id="oc-1b">
         <name>.text:decompress:ZI</name>
         <load_address>0x3080</load_address>
         <run_address>0x3080</run_address>
         <size>0x12</size>
         <input_file_ref idref="fl-147"/>
      </object_component>
      <object_component id="oc-1c1">
         <name>.text:ADCSequenceEnable</name>
         <load_address>0x3092</load_address>
         <run_address>0x3092</run_address>
         <size>0xe</size>
         <input_file_ref idref="fl-1a"/>
      </object_component>
      <object_component id="oc-b4">
         <name>.text:TimerEnable</name>
         <load_address>0x30a0</load_address>
         <run_address>0x30a0</run_address>
         <size>0xe</size>
         <input_file_ref idref="fl-14"/>
      </object_component>
      <object_component id="oc-15">
         <name>.text:decompress:none</name>
         <load_address>0x30ae</load_address>
         <run_address>0x30ae</run_address>
         <size>0xe</size>
         <input_file_ref idref="fl-145"/>
      </object_component>
      <object_component id="oc-2b">
         <name>.text</name>
         <load_address>0x30bc</load_address>
         <run_address>0x30bc</run_address>
         <size>0xc</size>
         <input_file_ref idref="fl-5"/>
      </object_component>
      <object_component id="oc-1c5">
         <name>.text:ADCIntClear</name>
         <load_address>0x30c8</load_address>
         <run_address>0x30c8</run_address>
         <size>0xa</size>
         <input_file_ref idref="fl-1a"/>
      </object_component>
      <object_component id="oc-169">
         <name>.text:SSIDataPut</name>
         <load_address>0x30d2</load_address>
         <run_address>0x30d2</run_address>
         <size>0xa</size>
         <input_file_ref idref="fl-16"/>
      </object_component>
      <object_component id="oc-170">
         <name>.text:SSIDisable</name>
         <load_address>0x30dc</load_address>
         <run_address>0x30dc</run_address>
         <size>0xa</size>
         <input_file_ref idref="fl-16"/>
      </object_component>
      <object_component id="oc-184">
         <name>.text:SSIEnable</name>
         <load_address>0x30e6</load_address>
         <run_address>0x30e6</run_address>
         <size>0xa</size>
         <input_file_ref idref="fl-16"/>
      </object_component>
      <object_component id="oc-161">
         <name>.text:SSIBusy</name>
         <load_address>0x30f0</load_address>
         <run_address>0x30f0</run_address>
         <size>0x8</size>
         <input_file_ref idref="fl-16"/>
      </object_component>
      <object_component id="oc-ac">
         <name>.text:TimerIntEnable</name>
         <load_address>0x30f8</load_address>
         <run_address>0x30f8</run_address>
         <size>0x8</size>
         <input_file_ref idref="fl-14"/>
      </object_component>
      <object_component id="oc-1ad">
         <name>.text:GPIOPinRead</name>
         <load_address>0x3100</load_address>
         <run_address>0x3100</run_address>
         <size>0x6</size>
         <input_file_ref idref="fl-18"/>
      </object_component>
      <object_component id="oc-165">
         <name>.text:GPIOPinWrite</name>
         <load_address>0x3106</load_address>
         <run_address>0x3106</run_address>
         <size>0x6</size>
         <input_file_ref idref="fl-18"/>
      </object_component>
      <object_component id="oc-291">
         <name>.text:SysCtlDelay</name>
         <load_address>0x310c</load_address>
         <run_address>0x310c</run_address>
         <size>0x6</size>
         <input_file_ref idref="fl-15"/>
      </object_component>
      <object_component id="oc-21">
         <name>.text:decompress:rle24</name>
         <load_address>0x3112</load_address>
         <run_address>0x3112</run_address>
         <size>0x6</size>
         <input_file_ref idref="fl-146"/>
      </object_component>
      <object_component id="oc-c4">
         <name>.text:TimerIntClear</name>
         <load_address>0x3118</load_address>
         <run_address>0x3118</run_address>
         <size>0x4</size>
         <input_file_ref idref="fl-14"/>
      </object_component>
      <object_component id="oc-197">
         <name>.const:g_pucFont</name>
         <load_address>0x311c</load_address>
         <run_address>0x311c</run_address>
         <size>0x1e0</size>
         <input_file_ref idref="fl-d"/>
      </object_component>
      <object_component id="oc-2af">
         <name>.const:.string:_ctypes_</name>
         <load_address>0x32fc</load_address>
         <run_address>0x32fc</run_address>
         <size>0x102</size>
         <input_file_ref idref="fl-155"/>
      </object_component>
      <object_component id="oc-215">
         <name>.const</name>
         <load_address>0x33fe</load_address>
         <run_address>0x33fe</run_address>
         <size>0x2</size>
         <input_file_ref idref="fl-4"/>
      </object_component>
      <object_component id="oc-14f">
         <name>.const</name>
         <load_address>0x3400</load_address>
         <run_address>0x3400</run_address>
         <size>0x70</size>
         <input_file_ref idref="fl-17"/>
      </object_component>
      <object_component id="oc-26b">
         <name>.const:g_pulXtals</name>
         <load_address>0x3470</load_address>
         <run_address>0x3470</run_address>
         <size>0x6c</size>
         <input_file_ref idref="fl-15"/>
      </object_component>
      <object_component id="oc-19b">
         <name>.const:.string:g_pucRIT128x96x4Init</name>
         <load_address>0x34dc</load_address>
         <run_address>0x34dc</run_address>
         <size>0x4f</size>
         <input_file_ref idref="fl-d"/>
      </object_component>
      <object_component id="oc-142">
         <name>.const</name>
         <load_address>0x352c</load_address>
         <run_address>0x352c</run_address>
         <size>0x40</size>
         <input_file_ref idref="fl-15"/>
      </object_component>
      <object_component id="oc-192">
         <name>.const:.string</name>
         <load_address>0x356c</load_address>
         <run_address>0x356c</run_address>
         <size>0xc</size>
         <input_file_ref idref="fl-d"/>
      </object_component>
      <object_component id="oc-2ec">
         <name>.cinit..data.load</name>
         <load_address>0x3578</load_address>
         <run_address>0x3578</run_address>
         <size>0x20</size>
      </object_component>
      <object_component id="oc-2ea">
         <name>__TI_handler_table</name>
         <load_address>0x3598</load_address>
         <run_address>0x3598</run_address>
         <size>0xc</size>
      </object_component>
      <object_component id="oc-2ed">
         <name>.cinit..bss.load</name>
         <load_address>0x35a8</load_address>
         <run_address>0x35a8</run_address>
         <size>0x8</size>
      </object_component>
      <object_component id="oc-2eb">
         <name>__TI_cinit_table</name>
         <load_address>0x35b0</load_address>
         <run_address>0x35b0</run_address>
         <size>0x10</size>
      </object_component>
      <object_component id="oc-56">
         <name>.data</name>
         <load_address>0x200029e4</load_address>
         <run_address>0x200029e4</run_address>
         <size>0x4</size>
         <input_file_ref idref="fl-14c"/>
      </object_component>
      <object_component id="oc-83">
         <name>.data</name>
         <load_address>0x20002994</load_address>
         <run_address>0x20002994</run_address>
         <size>0x30</size>
         <input_file_ref idref="fl-9"/>
      </object_component>
      <object_component id="oc-87">
         <name>.data</name>
         <load_address>0x200029cc</load_address>
         <run_address>0x200029cc</run_address>
         <size>0x8</size>
         <input_file_ref idref="fl-b"/>
      </object_component>
      <object_component id="oc-de">
         <name>.data</name>
         <load_address>0x200029d4</load_address>
         <run_address>0x200029d4</run_address>
         <size>0x8</size>
         <input_file_ref idref="fl-14f"/>
      </object_component>
      <object_component id="oc-e1">
         <name>.data</name>
         <load_address>0x200029dc</load_address>
         <run_address>0x200029dc</run_address>
         <size>0x8</size>
         <input_file_ref idref="fl-148"/>
      </object_component>
      <object_component id="oc-209">
         <name>.data</name>
         <load_address>0x200029c4</load_address>
         <run_address>0x200029c4</run_address>
         <size>0x8</size>
         <input_file_ref idref="fl-4"/>
      </object_component>
      <object_component id="oc-28">
         <name>.bss:pulStack</name>
         <uninitialized>true</uninitialized>
         <run_address>0x20002000</run_address>
         <size>0x100</size>
         <input_file_ref idref="fl-5"/>
      </object_component>
      <object_component id="oc-101">
         <name>.bss:pxReadyTasksLists</name>
         <uninitialized>true</uninitialized>
         <run_address>0x20002100</run_address>
         <size>0x28</size>
         <input_file_ref idref="fl-9"/>
      </object_component>
      <object_component id="oc-20f">
         <name>.bss:xHeap</name>
         <uninitialized>true</uninitialized>
         <run_address>0x20000000</run_address>
         <size>0x2000</size>
         <input_file_ref idref="fl-4"/>
      </object_component>
      <object_component id="oc-cb">
         <name>.common:timerCount</name>
         <uninitialized>true</uninitialized>
         <run_address>0x20002190</run_address>
         <size>0x4</size>
      </object_component>
      <object_component id="oc-c8">
         <name>.common:Timer_0_A_Semaphore</name>
         <uninitialized>true</uninitialized>
         <run_address>0x2000217c</run_address>
         <size>0x4</size>
      </object_component>
      <object_component id="oc-1d9">
         <name>.common:queue</name>
         <uninitialized>true</uninitialized>
         <run_address>0x2000218c</run_address>
         <size>0x4</size>
      </object_component>
      <object_component id="oc-212">
         <name>.common:xStart</name>
         <uninitialized>true</uninitialized>
         <run_address>0x20002174</run_address>
         <size>0x8</size>
      </object_component>
      <object_component id="oc-214">
         <name>.common:xEnd</name>
         <uninitialized>true</uninitialized>
         <run_address>0x2000216c</run_address>
         <size>0x8</size>
      </object_component>
      <object_component id="oc-11c">
         <name>.common:xDelayedTaskList1</name>
         <uninitialized>true</uninitialized>
         <run_address>0x20002128</run_address>
         <size>0x14</size>
      </object_component>
      <object_component id="oc-11d">
         <name>.common:xDelayedTaskList2</name>
         <uninitialized>true</uninitialized>
         <run_address>0x2000213c</run_address>
         <size>0x14</size>
      </object_component>
      <object_component id="oc-11e">
         <name>.common:pxDelayedTaskList</name>
         <uninitialized>true</uninitialized>
         <run_address>0x20002184</run_address>
         <size>0x4</size>
      </object_component>
      <object_component id="oc-11f">
         <name>.common:pxOverflowDelayedTaskList</name>
         <uninitialized>true</uninitialized>
         <run_address>0x20002188</run_address>
         <size>0x4</size>
      </object_component>
      <object_component id="oc-11b">
         <name>.common:xPendingReadyList</name>
         <uninitialized>true</uninitialized>
         <run_address>0x20002150</run_address>
         <size>0x14</size>
      </object_component>
      <object_component id="oc-19a">
         <name>.common:g_ulSSIFlags</name>
         <uninitialized>true</uninitialized>
         <run_address>0x20002180</run_address>
         <size>0x4</size>
      </object_component>
      <object_component id="oc-196">
         <name>.common:g_pucBuffer</name>
         <uninitialized>true</uninitialized>
         <run_address>0x20002164</run_address>
         <size>0x8</size>
      </object_component>
      <object_component id="oc-27">
         <name>.stack</name>
         <uninitialized>true</uninitialized>
         <run_address>0x20002194</run_address>
         <size>0x0</size>
         <input_file_ref idref="fl-144"/>
      </object_component>
      <object_component id="oc-2ee">
         <name>.stack</name>
         <uninitialized>true</uninitialized>
         <run_address>0x20002194</run_address>
         <size>0x0</size>
      </object_component>
      <object_component id="oc-e">
         <name>.debug_info</name>
         <load_address>0x0</load_address>
         <run_address>0x0</run_address>
         <size>0xdc</size>
         <input_file_ref idref="fl-5"/>
      </object_component>
      <object_component id="oc-11">
         <name>.debug_info</name>
         <load_address>0xdc</load_address>
         <run_address>0xdc</run_address>
         <size>0xf3</size>
         <input_file_ref idref="fl-144"/>
      </object_component>
      <object_component id="oc-16">
         <name>.debug_info</name>
         <load_address>0x1cf</load_address>
         <run_address>0x1cf</run_address>
         <size>0x194</size>
         <input_file_ref idref="fl-145"/>
      </object_component>
      <object_component id="oc-1c">
         <name>.debug_info</name>
         <load_address>0x363</load_address>
         <run_address>0x363</run_address>
         <size>0x16a</size>
         <input_file_ref idref="fl-147"/>
      </object_component>
      <object_component id="oc-23">
         <name>.debug_info</name>
         <load_address>0x4cd</load_address>
         <run_address>0x4cd</run_address>
         <size>0x18e</size>
         <input_file_ref idref="fl-146"/>
      </object_component>
      <object_component id="oc-29">
         <name>.debug_info</name>
         <load_address>0x65b</load_address>
         <run_address>0x65b</run_address>
         <size>0xd3</size>
         <input_file_ref idref="fl-5"/>
      </object_component>
      <object_component id="oc-2c">
         <name>.debug_info</name>
         <load_address>0x72e</load_address>
         <run_address>0x72e</run_address>
         <size>0x1e7</size>
         <input_file_ref idref="fl-5"/>
      </object_component>
      <object_component id="oc-32">
         <name>.debug_info</name>
         <load_address>0x915</load_address>
         <run_address>0x915</run_address>
         <size>0x154</size>
         <input_file_ref idref="fl-c"/>
      </object_component>
      <object_component id="oc-37">
         <name>.debug_info</name>
         <load_address>0xa69</load_address>
         <run_address>0xa69</run_address>
         <size>0x6ee</size>
         <input_file_ref idref="fl-b"/>
      </object_component>
      <object_component id="oc-3d">
         <name>.debug_info</name>
         <load_address>0x1157</load_address>
         <run_address>0x1157</run_address>
         <size>0x3d5</size>
         <input_file_ref idref="fl-2"/>
      </object_component>
      <object_component id="oc-44">
         <name>.debug_info</name>
         <load_address>0x152c</load_address>
         <run_address>0x152c</run_address>
         <size>0x18f</size>
         <input_file_ref idref="fl-5"/>
      </object_component>
      <object_component id="oc-47">
         <name>.debug_info</name>
         <load_address>0x16bb</load_address>
         <run_address>0x16bb</run_address>
         <size>0x13d</size>
         <input_file_ref idref="fl-153"/>
      </object_component>
      <object_component id="oc-4b">
         <name>.debug_info</name>
         <load_address>0x17f8</load_address>
         <run_address>0x17f8</run_address>
         <size>0x11c</size>
         <input_file_ref idref="fl-151"/>
      </object_component>
      <object_component id="oc-51">
         <name>.debug_info</name>
         <load_address>0x1914</load_address>
         <run_address>0x1914</run_address>
         <size>0x1c2</size>
         <input_file_ref idref="fl-148"/>
      </object_component>
      <object_component id="oc-57">
         <name>.debug_info</name>
         <load_address>0x1ad6</load_address>
         <run_address>0x1ad6</run_address>
         <size>0xbe</size>
         <input_file_ref idref="fl-14c"/>
      </object_component>
      <object_component id="oc-5c">
         <name>.debug_info</name>
         <load_address>0x1b94</load_address>
         <run_address>0x1b94</run_address>
         <size>0xcc</size>
         <input_file_ref idref="fl-149"/>
      </object_component>
      <object_component id="oc-60">
         <name>.debug_info</name>
         <load_address>0x1c60</load_address>
         <run_address>0x1c60</run_address>
         <size>0x46</size>
         <input_file_ref idref="fl-145"/>
      </object_component>
      <object_component id="oc-65">
         <name>.debug_info</name>
         <load_address>0x1ca6</load_address>
         <run_address>0x1ca6</run_address>
         <size>0xf2</size>
         <input_file_ref idref="fl-145"/>
      </object_component>
      <object_component id="oc-67">
         <name>.debug_info</name>
         <load_address>0x1d98</load_address>
         <run_address>0x1d98</run_address>
         <size>0x46</size>
         <input_file_ref idref="fl-147"/>
      </object_component>
      <object_component id="oc-6c">
         <name>.debug_info</name>
         <load_address>0x1dde</load_address>
         <run_address>0x1dde</run_address>
         <size>0xad</size>
         <input_file_ref idref="fl-147"/>
      </object_component>
      <object_component id="oc-6f">
         <name>.debug_info</name>
         <load_address>0x1e8b</load_address>
         <run_address>0x1e8b</run_address>
         <size>0x1ef</size>
         <input_file_ref idref="fl-146"/>
      </object_component>
      <object_component id="oc-74">
         <name>.debug_info</name>
         <load_address>0x207a</load_address>
         <run_address>0x207a</run_address>
         <size>0xb7</size>
         <input_file_ref idref="fl-146"/>
      </object_component>
      <object_component id="oc-75">
         <name>.debug_info</name>
         <load_address>0x2131</load_address>
         <run_address>0x2131</run_address>
         <size>0x39</size>
         <input_file_ref idref="fl-146"/>
      </object_component>
      <object_component id="oc-7e">
         <name>.debug_info</name>
         <load_address>0x216a</load_address>
         <run_address>0x216a</run_address>
         <size>0x1956</size>
         <input_file_ref idref="fl-9"/>
      </object_component>
      <object_component id="oc-84">
         <name>.debug_info</name>
         <load_address>0x3ac0</load_address>
         <run_address>0x3ac0</run_address>
         <size>0x2ed</size>
         <input_file_ref idref="fl-9"/>
      </object_component>
      <object_component id="oc-88">
         <name>.debug_info</name>
         <load_address>0x3dad</load_address>
         <run_address>0x3dad</run_address>
         <size>0x12e</size>
         <input_file_ref idref="fl-b"/>
      </object_component>
      <object_component id="oc-8b">
         <name>.debug_info</name>
         <load_address>0x3edb</load_address>
         <run_address>0x3edb</run_address>
         <size>0x20e</size>
         <input_file_ref idref="fl-b"/>
      </object_component>
      <object_component id="oc-8c">
         <name>.debug_info</name>
         <load_address>0x40e9</load_address>
         <run_address>0x40e9</run_address>
         <size>0x2c</size>
         <input_file_ref idref="fl-2"/>
      </object_component>
      <object_component id="oc-91">
         <name>.debug_info</name>
         <load_address>0x4115</load_address>
         <run_address>0x4115</run_address>
         <size>0x84</size>
         <input_file_ref idref="fl-2"/>
      </object_component>
      <object_component id="oc-97">
         <name>.debug_info</name>
         <load_address>0x4199</load_address>
         <run_address>0x4199</run_address>
         <size>0x1999</size>
         <input_file_ref idref="fl-8"/>
      </object_component>
      <object_component id="oc-9d">
         <name>.debug_info</name>
         <load_address>0x5b32</load_address>
         <run_address>0x5b32</run_address>
         <size>0x1ea</size>
         <input_file_ref idref="fl-15"/>
      </object_component>
      <object_component id="oc-a2">
         <name>.debug_info</name>
         <load_address>0x5d1c</load_address>
         <run_address>0x5d1c</run_address>
         <size>0x1f1</size>
         <input_file_ref idref="fl-14"/>
      </object_component>
      <object_component id="oc-a6">
         <name>.debug_info</name>
         <load_address>0x5f0d</load_address>
         <run_address>0x5f0d</run_address>
         <size>0x21f</size>
         <input_file_ref idref="fl-14"/>
      </object_component>
      <object_component id="oc-aa">
         <name>.debug_info</name>
         <load_address>0x612c</load_address>
         <run_address>0x612c</run_address>
         <size>0x217</size>
         <input_file_ref idref="fl-14"/>
      </object_component>
      <object_component id="oc-ad">
         <name>.debug_info</name>
         <load_address>0x6343</load_address>
         <run_address>0x6343</run_address>
         <size>0x1f9</size>
         <input_file_ref idref="fl-14"/>
      </object_component>
      <object_component id="oc-b1">
         <name>.debug_info</name>
         <load_address>0x653c</load_address>
         <run_address>0x653c</run_address>
         <size>0x1d5</size>
         <input_file_ref idref="fl-17"/>
      </object_component>
      <object_component id="oc-b6">
         <name>.debug_info</name>
         <load_address>0x6711</load_address>
         <run_address>0x6711</run_address>
         <size>0x1e4</size>
         <input_file_ref idref="fl-14"/>
      </object_component>
      <object_component id="oc-b9">
         <name>.debug_info</name>
         <load_address>0x68f5</load_address>
         <run_address>0x68f5</run_address>
         <size>0x2b5</size>
         <input_file_ref idref="fl-14b"/>
      </object_component>
      <object_component id="oc-bf">
         <name>.debug_info</name>
         <load_address>0x6baa</load_address>
         <run_address>0x6baa</run_address>
         <size>0xcb5</size>
         <input_file_ref idref="fl-d"/>
      </object_component>
      <object_component id="oc-c5">
         <name>.debug_info</name>
         <load_address>0x785f</load_address>
         <run_address>0x785f</run_address>
         <size>0x1f7</size>
         <input_file_ref idref="fl-14"/>
      </object_component>
      <object_component id="oc-c9">
         <name>.debug_info</name>
         <load_address>0x7a56</load_address>
         <run_address>0x7a56</run_address>
         <size>0x532</size>
         <input_file_ref idref="fl-2"/>
      </object_component>
      <object_component id="oc-d0">
         <name>.debug_info</name>
         <load_address>0x7f88</load_address>
         <run_address>0x7f88</run_address>
         <size>0x14b</size>
         <input_file_ref idref="fl-154"/>
      </object_component>
      <object_component id="oc-d7">
         <name>.debug_info</name>
         <load_address>0x80d3</load_address>
         <run_address>0x80d3</run_address>
         <size>0x8bb</size>
         <input_file_ref idref="fl-3"/>
      </object_component>
      <object_component id="oc-dd">
         <name>.debug_info</name>
         <load_address>0x898e</load_address>
         <run_address>0x898e</run_address>
         <size>0x11b</size>
         <input_file_ref idref="fl-151"/>
      </object_component>
      <object_component id="oc-df">
         <name>.debug_info</name>
         <load_address>0x8aa9</load_address>
         <run_address>0x8aa9</run_address>
         <size>0xc8</size>
         <input_file_ref idref="fl-14f"/>
      </object_component>
      <object_component id="oc-e2">
         <name>.debug_info</name>
         <load_address>0x8b71</load_address>
         <run_address>0x8b71</run_address>
         <size>0xeb</size>
         <input_file_ref idref="fl-148"/>
      </object_component>
      <object_component id="oc-e5">
         <name>.debug_info</name>
         <load_address>0x8c5c</load_address>
         <run_address>0x8c5c</run_address>
         <size>0x146</size>
         <input_file_ref idref="fl-148"/>
      </object_component>
      <object_component id="oc-ea">
         <name>.debug_info</name>
         <load_address>0x8da2</load_address>
         <run_address>0x8da2</run_address>
         <size>0x2c</size>
         <input_file_ref idref="fl-145"/>
      </object_component>
      <object_component id="oc-f1">
         <name>.debug_info</name>
         <load_address>0x8dce</load_address>
         <run_address>0x8dce</run_address>
         <size>0x2c</size>
         <input_file_ref idref="fl-147"/>
      </object_component>
      <object_component id="oc-fc">
         <name>.debug_info</name>
         <load_address>0x8dfa</load_address>
         <run_address>0x8dfa</run_address>
         <size>0x48f</size>
         <input_file_ref idref="fl-7"/>
      </object_component>
      <object_component id="oc-102">
         <name>.debug_info</name>
         <load_address>0x9289</load_address>
         <run_address>0x9289</run_address>
         <size>0xe6</size>
         <input_file_ref idref="fl-9"/>
      </object_component>
      <object_component id="oc-105">
         <name>.debug_info</name>
         <load_address>0x936f</load_address>
         <run_address>0x936f</run_address>
         <size>0x65a</size>
         <input_file_ref idref="fl-9"/>
      </object_component>
      <object_component id="oc-10b">
         <name>.debug_info</name>
         <load_address>0x99c9</load_address>
         <run_address>0x99c9</run_address>
         <size>0x182</size>
         <input_file_ref idref="fl-14d"/>
      </object_component>
      <object_component id="oc-111">
         <name>.debug_info</name>
         <load_address>0x9b4b</load_address>
         <run_address>0x9b4b</run_address>
         <size>0x476</size>
         <input_file_ref idref="fl-4"/>
      </object_component>
      <object_component id="oc-117">
         <name>.debug_info</name>
         <load_address>0x9fc1</load_address>
         <run_address>0x9fc1</run_address>
         <size>0xfc</size>
         <input_file_ref idref="fl-14a"/>
      </object_component>
      <object_component id="oc-121">
         <name>.debug_info</name>
         <load_address>0xa0bd</load_address>
         <run_address>0xa0bd</run_address>
         <size>0x2c</size>
         <input_file_ref idref="fl-2"/>
      </object_component>
      <object_component id="oc-12c">
         <name>.debug_info</name>
         <load_address>0xa0e9</load_address>
         <run_address>0xa0e9</run_address>
         <size>0x14c</size>
         <input_file_ref idref="fl-2"/>
      </object_component>
      <object_component id="oc-131">
         <name>.debug_info</name>
         <load_address>0xa235</load_address>
         <run_address>0xa235</run_address>
         <size>0x1e3</size>
         <input_file_ref idref="fl-2"/>
      </object_component>
      <object_component id="oc-137">
         <name>.debug_info</name>
         <load_address>0xa418</load_address>
         <run_address>0xa418</run_address>
         <size>0x46</size>
         <input_file_ref idref="fl-2"/>
      </object_component>
      <object_component id="oc-13c">
         <name>.debug_info</name>
         <load_address>0xa45e</load_address>
         <run_address>0xa45e</run_address>
         <size>0x4e0</size>
         <input_file_ref idref="fl-8"/>
      </object_component>
      <object_component id="oc-13d">
         <name>.debug_info</name>
         <load_address>0xa93e</load_address>
         <run_address>0xa93e</run_address>
         <size>0x110</size>
         <input_file_ref idref="fl-4"/>
      </object_component>
      <object_component id="oc-143">
         <name>.debug_info</name>
         <load_address>0xaa4e</load_address>
         <run_address>0xaa4e</run_address>
         <size>0x1b8</size>
         <input_file_ref idref="fl-15"/>
      </object_component>
      <object_component id="oc-145">
         <name>.debug_info</name>
         <load_address>0xac06</load_address>
         <run_address>0xac06</run_address>
         <size>0x84</size>
         <input_file_ref idref="fl-13"/>
      </object_component>
      <object_component id="oc-149">
         <name>.debug_info</name>
         <load_address>0xac8a</load_address>
         <run_address>0xac8a</run_address>
         <size>0x4cc</size>
         <input_file_ref idref="fl-15"/>
      </object_component>
      <object_component id="oc-14b">
         <name>.debug_info</name>
         <load_address>0xb156</load_address>
         <run_address>0xb156</run_address>
         <size>0x473</size>
         <input_file_ref idref="fl-14"/>
      </object_component>
      <object_component id="oc-150">
         <name>.debug_info</name>
         <load_address>0xb5c9</load_address>
         <run_address>0xb5c9</run_address>
         <size>0x1bd</size>
         <input_file_ref idref="fl-17"/>
      </object_component>
      <object_component id="oc-152">
         <name>.debug_info</name>
         <load_address>0xb786</load_address>
         <run_address>0xb786</run_address>
         <size>0x478</size>
         <input_file_ref idref="fl-17"/>
      </object_component>
      <object_component id="oc-155">
         <name>.debug_info</name>
         <load_address>0xbbfe</load_address>
         <run_address>0xbbfe</run_address>
         <size>0x684</size>
         <input_file_ref idref="fl-150"/>
      </object_component>
      <object_component id="oc-15b">
         <name>.debug_info</name>
         <load_address>0xc282</load_address>
         <run_address>0xc282</run_address>
         <size>0x170</size>
         <input_file_ref idref="fl-14b"/>
      </object_component>
      <object_component id="oc-15c">
         <name>.debug_info</name>
         <load_address>0xc3f2</load_address>
         <run_address>0xc3f2</run_address>
         <size>0x4e</size>
         <input_file_ref idref="fl-2"/>
      </object_component>
      <object_component id="oc-162">
         <name>.debug_info</name>
         <load_address>0xc440</load_address>
         <run_address>0xc440</run_address>
         <size>0x1af</size>
         <input_file_ref idref="fl-16"/>
      </object_component>
      <object_component id="oc-166">
         <name>.debug_info</name>
         <load_address>0xc5ef</load_address>
         <run_address>0xc5ef</run_address>
         <size>0x208</size>
         <input_file_ref idref="fl-18"/>
      </object_component>
      <object_component id="oc-16a">
         <name>.debug_info</name>
         <load_address>0xc7f7</load_address>
         <run_address>0xc7f7</run_address>
         <size>0x261</size>
         <input_file_ref idref="fl-16"/>
      </object_component>
      <object_component id="oc-16e">
         <name>.debug_info</name>
         <load_address>0xca58</load_address>
         <run_address>0xca58</run_address>
         <size>0x3ff</size>
         <input_file_ref idref="fl-d"/>
      </object_component>
      <object_component id="oc-171">
         <name>.debug_info</name>
         <load_address>0xce57</load_address>
         <run_address>0xce57</run_address>
         <size>0x1b1</size>
         <input_file_ref idref="fl-16"/>
      </object_component>
      <object_component id="oc-175">
         <name>.debug_info</name>
         <load_address>0xd008</load_address>
         <run_address>0xd008</run_address>
         <size>0x1ea</size>
         <input_file_ref idref="fl-15"/>
      </object_component>
      <object_component id="oc-179">
         <name>.debug_info</name>
         <load_address>0xd1f2</load_address>
         <run_address>0xd1f2</run_address>
         <size>0x396</size>
         <input_file_ref idref="fl-16"/>
      </object_component>
      <object_component id="oc-17d">
         <name>.debug_info</name>
         <load_address>0xd588</load_address>
         <run_address>0xd588</run_address>
         <size>0x1e8</size>
         <input_file_ref idref="fl-18"/>
      </object_component>
      <object_component id="oc-181">
         <name>.debug_info</name>
         <load_address>0xd770</load_address>
         <run_address>0xd770</run_address>
         <size>0x25a</size>
         <input_file_ref idref="fl-18"/>
      </object_component>
      <object_component id="oc-185">
         <name>.debug_info</name>
         <load_address>0xd9ca</load_address>
         <run_address>0xd9ca</run_address>
         <size>0x1af</size>
         <input_file_ref idref="fl-16"/>
      </object_component>
      <object_component id="oc-189">
         <name>.debug_info</name>
         <load_address>0xdb79</load_address>
         <run_address>0xdb79</run_address>
         <size>0x1f9</size>
         <input_file_ref idref="fl-16"/>
      </object_component>
      <object_component id="oc-18d">
         <name>.debug_info</name>
         <load_address>0xdd72</load_address>
         <run_address>0xdd72</run_address>
         <size>0x1f6</size>
         <input_file_ref idref="fl-18"/>
      </object_component>
      <object_component id="oc-193">
         <name>.debug_info</name>
         <load_address>0xdf68</load_address>
         <run_address>0xdf68</run_address>
         <size>0x14b</size>
         <input_file_ref idref="fl-d"/>
      </object_component>
      <object_component id="oc-198">
         <name>.debug_info</name>
         <load_address>0xe0b3</load_address>
         <run_address>0xe0b3</run_address>
         <size>0xdd</size>
         <input_file_ref idref="fl-d"/>
      </object_component>
      <object_component id="oc-19c">
         <name>.debug_info</name>
         <load_address>0xe190</load_address>
         <run_address>0xe190</run_address>
         <size>0xf3</size>
         <input_file_ref idref="fl-d"/>
      </object_component>
      <object_component id="oc-1a2">
         <name>.debug_info</name>
         <load_address>0xe283</load_address>
         <run_address>0xe283</run_address>
         <size>0x2c</size>
         <input_file_ref idref="fl-2"/>
      </object_component>
      <object_component id="oc-1a8">
         <name>.debug_info</name>
         <load_address>0xe2af</load_address>
         <run_address>0xe2af</run_address>
         <size>0x148</size>
         <input_file_ref idref="fl-154"/>
      </object_component>
      <object_component id="oc-1aa">
         <name>.debug_info</name>
         <load_address>0xe3f7</load_address>
         <run_address>0xe3f7</run_address>
         <size>0x1f4</size>
         <input_file_ref idref="fl-18"/>
      </object_component>
      <object_component id="oc-1ae">
         <name>.debug_info</name>
         <load_address>0xe5eb</load_address>
         <run_address>0xe5eb</run_address>
         <size>0x1e4</size>
         <input_file_ref idref="fl-18"/>
      </object_component>
      <object_component id="oc-1b2">
         <name>.debug_info</name>
         <load_address>0xe7cf</load_address>
         <run_address>0xe7cf</run_address>
         <size>0x325</size>
         <input_file_ref idref="fl-15"/>
      </object_component>
      <object_component id="oc-1b6">
         <name>.debug_info</name>
         <load_address>0xeaf4</load_address>
         <run_address>0xeaf4</run_address>
         <size>0x1ec</size>
         <input_file_ref idref="fl-15"/>
      </object_component>
      <object_component id="oc-1ba">
         <name>.debug_info</name>
         <load_address>0xece0</load_address>
         <run_address>0xece0</run_address>
         <size>0x27b</size>
         <input_file_ref idref="fl-1a"/>
      </object_component>
      <object_component id="oc-1be">
         <name>.debug_info</name>
         <load_address>0xef5b</load_address>
         <run_address>0xef5b</run_address>
         <size>0x2ae</size>
         <input_file_ref idref="fl-1a"/>
      </object_component>
      <object_component id="oc-1c2">
         <name>.debug_info</name>
         <load_address>0xf209</load_address>
         <run_address>0xf209</run_address>
         <size>0x205</size>
         <input_file_ref idref="fl-1a"/>
      </object_component>
      <object_component id="oc-1c6">
         <name>.debug_info</name>
         <load_address>0xf40e</load_address>
         <run_address>0xf40e</run_address>
         <size>0x1f9</size>
         <input_file_ref idref="fl-1a"/>
      </object_component>
      <object_component id="oc-1ca">
         <name>.debug_info</name>
         <load_address>0xf607</load_address>
         <run_address>0xf607</run_address>
         <size>0x209</size>
         <input_file_ref idref="fl-1a"/>
      </object_component>
      <object_component id="oc-1ce">
         <name>.debug_info</name>
         <load_address>0xf810</load_address>
         <run_address>0xf810</run_address>
         <size>0x240</size>
         <input_file_ref idref="fl-1a"/>
      </object_component>
      <object_component id="oc-1d2">
         <name>.debug_info</name>
         <load_address>0xfa50</load_address>
         <run_address>0xfa50</run_address>
         <size>0x2f1</size>
         <input_file_ref idref="fl-1a"/>
      </object_component>
      <object_component id="oc-1d6">
         <name>.debug_info</name>
         <load_address>0xfd41</load_address>
         <run_address>0xfd41</run_address>
         <size>0x2e4</size>
         <input_file_ref idref="fl-15"/>
      </object_component>
      <object_component id="oc-1da">
         <name>.debug_info</name>
         <load_address>0x10025</load_address>
         <run_address>0x10025</run_address>
         <size>0x863</size>
         <input_file_ref idref="fl-3"/>
      </object_component>
      <object_component id="oc-1df">
         <name>.debug_info</name>
         <load_address>0x10888</load_address>
         <run_address>0x10888</run_address>
         <size>0x5e</size>
         <input_file_ref idref="fl-151"/>
      </object_component>
      <object_component id="oc-1e5">
         <name>.debug_info</name>
         <load_address>0x108e6</load_address>
         <run_address>0x108e6</run_address>
         <size>0x1d4</size>
         <input_file_ref idref="fl-14f"/>
      </object_component>
      <object_component id="oc-1ec">
         <name>.debug_info</name>
         <load_address>0x10aba</load_address>
         <run_address>0x10aba</run_address>
         <size>0xd9</size>
         <input_file_ref idref="fl-14f"/>
      </object_component>
      <object_component id="oc-1f3">
         <name>.debug_info</name>
         <load_address>0x10b93</load_address>
         <run_address>0x10b93</run_address>
         <size>0x13b</size>
         <input_file_ref idref="fl-7"/>
      </object_component>
      <object_component id="oc-1f8">
         <name>.debug_info</name>
         <load_address>0x10cce</load_address>
         <run_address>0x10cce</run_address>
         <size>0x39</size>
         <input_file_ref idref="fl-9"/>
      </object_component>
      <object_component id="oc-1fd">
         <name>.debug_info</name>
         <load_address>0x10d07</load_address>
         <run_address>0x10d07</run_address>
         <size>0xb2</size>
         <input_file_ref idref="fl-9"/>
      </object_component>
      <object_component id="oc-202">
         <name>.debug_info</name>
         <load_address>0x10db9</load_address>
         <run_address>0x10db9</run_address>
         <size>0xc8</size>
         <input_file_ref idref="fl-9"/>
      </object_component>
      <object_component id="oc-208">
         <name>.debug_info</name>
         <load_address>0x10e81</load_address>
         <run_address>0x10e81</run_address>
         <size>0xab</size>
         <input_file_ref idref="fl-14d"/>
      </object_component>
      <object_component id="oc-20a">
         <name>.debug_info</name>
         <load_address>0x10f2c</load_address>
         <run_address>0x10f2c</run_address>
         <size>0xe4</size>
         <input_file_ref idref="fl-4"/>
      </object_component>
      <object_component id="oc-20d">
         <name>.debug_info</name>
         <load_address>0x11010</load_address>
         <run_address>0x11010</run_address>
         <size>0x1fe</size>
         <input_file_ref idref="fl-4"/>
      </object_component>
      <object_component id="oc-210">
         <name>.debug_info</name>
         <load_address>0x1120e</load_address>
         <run_address>0x1120e</run_address>
         <size>0xc8</size>
         <input_file_ref idref="fl-4"/>
      </object_component>
      <object_component id="oc-216">
         <name>.debug_info</name>
         <load_address>0x112d6</load_address>
         <run_address>0x112d6</run_address>
         <size>0xdc</size>
         <input_file_ref idref="fl-4"/>
      </object_component>
      <object_component id="oc-21c">
         <name>.debug_info</name>
         <load_address>0x113b2</load_address>
         <run_address>0x113b2</run_address>
         <size>0x116</size>
         <input_file_ref idref="fl-8"/>
      </object_component>
      <object_component id="oc-225">
         <name>.debug_info</name>
         <load_address>0x114c8</load_address>
         <run_address>0x114c8</run_address>
         <size>0x2c</size>
         <input_file_ref idref="fl-13"/>
      </object_component>
      <object_component id="oc-231">
         <name>.debug_info</name>
         <load_address>0x114f4</load_address>
         <run_address>0x114f4</run_address>
         <size>0x13a</size>
         <input_file_ref idref="fl-159"/>
      </object_component>
      <object_component id="oc-236">
         <name>.debug_info</name>
         <load_address>0x1162e</load_address>
         <run_address>0x1162e</run_address>
         <size>0xd5</size>
         <input_file_ref idref="fl-156"/>
      </object_component>
      <object_component id="oc-23a">
         <name>.debug_info</name>
         <load_address>0x11703</load_address>
         <run_address>0x11703</run_address>
         <size>0x153</size>
         <input_file_ref idref="fl-158"/>
      </object_component>
      <object_component id="oc-240">
         <name>.debug_info</name>
         <load_address>0x11856</load_address>
         <run_address>0x11856</run_address>
         <size>0x160</size>
         <input_file_ref idref="fl-157"/>
      </object_component>
      <object_component id="oc-246">
         <name>.debug_info</name>
         <load_address>0x119b6</load_address>
         <run_address>0x119b6</run_address>
         <size>0x126</size>
         <input_file_ref idref="fl-152"/>
      </object_component>
      <object_component id="oc-24c">
         <name>.debug_info</name>
         <load_address>0x11adc</load_address>
         <run_address>0x11adc</run_address>
         <size>0x204</size>
         <input_file_ref idref="fl-150"/>
      </object_component>
      <object_component id="oc-24d">
         <name>.debug_info</name>
         <load_address>0x11ce0</load_address>
         <run_address>0x11ce0</run_address>
         <size>0x86</size>
         <input_file_ref idref="fl-150"/>
      </object_component>
      <object_component id="oc-252">
         <name>.debug_info</name>
         <load_address>0x11d66</load_address>
         <run_address>0x11d66</run_address>
         <size>0x39</size>
         <input_file_ref idref="fl-150"/>
      </object_component>
      <object_component id="oc-259">
         <name>.debug_info</name>
         <load_address>0x11d9f</load_address>
         <run_address>0x11d9f</run_address>
         <size>0x2c</size>
         <input_file_ref idref="fl-14b"/>
      </object_component>
      <object_component id="oc-25f">
         <name>.debug_info</name>
         <load_address>0x11dcb</load_address>
         <run_address>0x11dcb</run_address>
         <size>0x477</size>
         <input_file_ref idref="fl-16"/>
      </object_component>
      <object_component id="oc-261">
         <name>.debug_info</name>
         <load_address>0x12242</load_address>
         <run_address>0x12242</run_address>
         <size>0x471</size>
         <input_file_ref idref="fl-18"/>
      </object_component>
      <object_component id="oc-265">
         <name>.debug_info</name>
         <load_address>0x126b3</load_address>
         <run_address>0x126b3</run_address>
         <size>0x2c</size>
         <input_file_ref idref="fl-2"/>
      </object_component>
      <object_component id="oc-26c">
         <name>.debug_info</name>
         <load_address>0x126df</load_address>
         <run_address>0x126df</run_address>
         <size>0x10e</size>
         <input_file_ref idref="fl-15"/>
      </object_component>
      <object_component id="oc-270">
         <name>.debug_info</name>
         <load_address>0x127ed</load_address>
         <run_address>0x127ed</run_address>
         <size>0x214</size>
         <input_file_ref idref="fl-18"/>
      </object_component>
      <object_component id="oc-280">
         <name>.debug_info</name>
         <load_address>0x12a01</load_address>
         <run_address>0x12a01</run_address>
         <size>0xcd</size>
         <input_file_ref idref="fl-154"/>
      </object_component>
      <object_component id="oc-28a">
         <name>.debug_info</name>
         <load_address>0x12ace</load_address>
         <run_address>0x12ace</run_address>
         <size>0x466</size>
         <input_file_ref idref="fl-1a"/>
      </object_component>
      <object_component id="oc-2a0">
         <name>.debug_info</name>
         <load_address>0x12f34</load_address>
         <run_address>0x12f34</run_address>
         <size>0x99</size>
         <input_file_ref idref="fl-4"/>
      </object_component>
      <object_component id="oc-2ac">
         <name>.debug_info</name>
         <load_address>0x12fcd</load_address>
         <run_address>0x12fcd</run_address>
         <size>0x9f</size>
         <input_file_ref idref="fl-158"/>
      </object_component>
      <object_component id="oc-2ae">
         <name>.debug_info</name>
         <load_address>0x1306c</load_address>
         <run_address>0x1306c</run_address>
         <size>0xa6</size>
         <input_file_ref idref="fl-157"/>
      </object_component>
      <object_component id="oc-2b0">
         <name>.debug_info</name>
         <load_address>0x13112</load_address>
         <run_address>0x13112</run_address>
         <size>0xaf</size>
         <input_file_ref idref="fl-155"/>
      </object_component>
      <object_component id="oc-2b3">
         <name>.debug_info</name>
         <load_address>0x131c1</load_address>
         <run_address>0x131c1</run_address>
         <size>0xc5</size>
         <input_file_ref idref="fl-152"/>
      </object_component>
      <object_component id="oc-2b6">
         <name>.debug_info</name>
         <load_address>0x13286</load_address>
         <run_address>0x13286</run_address>
         <size>0x46</size>
         <input_file_ref idref="fl-150"/>
      </object_component>
      <object_component id="oc-2ca">
         <name>.debug_info</name>
         <load_address>0x132cc</load_address>
         <run_address>0x132cc</run_address>
         <size>0xa3</size>
         <input_file_ref idref="fl-155"/>
      </object_component>
      <object_component id="oc-2ef">
         <name>.debug_info</name>
         <load_address>0x1336f</load_address>
         <run_address>0x1336f</run_address>
         <size>0xa3</size>
      </object_component>
      <object_component id="oc-f">
         <name>.debug_pubnames</name>
         <load_address>0x0</load_address>
         <run_address>0x0</run_address>
         <size>0x23</size>
         <input_file_ref idref="fl-5"/>
      </object_component>
      <object_component id="oc-12">
         <name>.debug_pubnames</name>
         <load_address>0x23</load_address>
         <run_address>0x23</run_address>
         <size>0x1f</size>
         <input_file_ref idref="fl-144"/>
      </object_component>
      <object_component id="oc-18">
         <name>.debug_pubnames</name>
         <load_address>0x42</load_address>
         <run_address>0x42</run_address>
         <size>0x2b</size>
         <input_file_ref idref="fl-145"/>
      </object_component>
      <object_component id="oc-1e">
         <name>.debug_pubnames</name>
         <load_address>0x6d</load_address>
         <run_address>0x6d</run_address>
         <size>0x25</size>
         <input_file_ref idref="fl-147"/>
      </object_component>
      <object_component id="oc-25">
         <name>.debug_pubnames</name>
         <load_address>0x92</load_address>
         <run_address>0x92</run_address>
         <size>0x2c</size>
         <input_file_ref idref="fl-146"/>
      </object_component>
      <object_component id="oc-2a">
         <name>.debug_pubnames</name>
         <load_address>0xbe</load_address>
         <run_address>0xbe</run_address>
         <size>0x1f</size>
         <input_file_ref idref="fl-5"/>
      </object_component>
      <object_component id="oc-2e">
         <name>.debug_pubnames</name>
         <load_address>0xdd</load_address>
         <run_address>0xdd</run_address>
         <size>0x4c</size>
         <input_file_ref idref="fl-5"/>
      </object_component>
      <object_component id="oc-34">
         <name>.debug_pubnames</name>
         <load_address>0x129</load_address>
         <run_address>0x129</run_address>
         <size>0x49</size>
         <input_file_ref idref="fl-c"/>
      </object_component>
      <object_component id="oc-39">
         <name>.debug_pubnames</name>
         <load_address>0x172</load_address>
         <run_address>0x172</run_address>
         <size>0xd2</size>
         <input_file_ref idref="fl-b"/>
      </object_component>
      <object_component id="oc-3f">
         <name>.debug_pubnames</name>
         <load_address>0x244</load_address>
         <run_address>0x244</run_address>
         <size>0x3f</size>
         <input_file_ref idref="fl-2"/>
      </object_component>
      <object_component id="oc-49">
         <name>.debug_pubnames</name>
         <load_address>0x283</load_address>
         <run_address>0x283</run_address>
         <size>0x37</size>
         <input_file_ref idref="fl-153"/>
      </object_component>
      <object_component id="oc-4d">
         <name>.debug_pubnames</name>
         <load_address>0x2ba</load_address>
         <run_address>0x2ba</run_address>
         <size>0x21</size>
         <input_file_ref idref="fl-151"/>
      </object_component>
      <object_component id="oc-53">
         <name>.debug_pubnames</name>
         <load_address>0x2db</load_address>
         <run_address>0x2db</run_address>
         <size>0x35</size>
         <input_file_ref idref="fl-148"/>
      </object_component>
      <object_component id="oc-58">
         <name>.debug_pubnames</name>
         <load_address>0x310</load_address>
         <run_address>0x310</run_address>
         <size>0x23</size>
         <input_file_ref idref="fl-14c"/>
      </object_component>
      <object_component id="oc-5e">
         <name>.debug_pubnames</name>
         <load_address>0x333</load_address>
         <run_address>0x333</run_address>
         <size>0x1d</size>
         <input_file_ref idref="fl-149"/>
      </object_component>
      <object_component id="oc-71">
         <name>.debug_pubnames</name>
         <load_address>0x350</load_address>
         <run_address>0x350</run_address>
         <size>0x2f</size>
         <input_file_ref idref="fl-146"/>
      </object_component>
      <object_component id="oc-80">
         <name>.debug_pubnames</name>
         <load_address>0x37f</load_address>
         <run_address>0x37f</run_address>
         <size>0x246</size>
         <input_file_ref idref="fl-9"/>
      </object_component>
      <object_component id="oc-85">
         <name>.debug_pubnames</name>
         <load_address>0x5c5</load_address>
         <run_address>0x5c5</run_address>
         <size>0x10a</size>
         <input_file_ref idref="fl-9"/>
      </object_component>
      <object_component id="oc-89">
         <name>.debug_pubnames</name>
         <load_address>0x6cf</load_address>
         <run_address>0x6cf</run_address>
         <size>0x3e</size>
         <input_file_ref idref="fl-b"/>
      </object_component>
      <object_component id="oc-99">
         <name>.debug_pubnames</name>
         <load_address>0x70d</load_address>
         <run_address>0x70d</run_address>
         <size>0x199</size>
         <input_file_ref idref="fl-8"/>
      </object_component>
      <object_component id="oc-bb">
         <name>.debug_pubnames</name>
         <load_address>0x8a6</load_address>
         <run_address>0x8a6</run_address>
         <size>0x32</size>
         <input_file_ref idref="fl-14b"/>
      </object_component>
      <object_component id="oc-c1">
         <name>.debug_pubnames</name>
         <load_address>0x8d8</load_address>
         <run_address>0x8d8</run_address>
         <size>0xf3</size>
         <input_file_ref idref="fl-d"/>
      </object_component>
      <object_component id="oc-ca">
         <name>.debug_pubnames</name>
         <load_address>0x9cb</load_address>
         <run_address>0x9cb</run_address>
         <size>0x39</size>
         <input_file_ref idref="fl-2"/>
      </object_component>
      <object_component id="oc-d2">
         <name>.debug_pubnames</name>
         <load_address>0xa04</load_address>
         <run_address>0xa04</run_address>
         <size>0x1e</size>
         <input_file_ref idref="fl-154"/>
      </object_component>
      <object_component id="oc-d9">
         <name>.debug_pubnames</name>
         <load_address>0xa22</load_address>
         <run_address>0xa22</run_address>
         <size>0x59</size>
         <input_file_ref idref="fl-3"/>
      </object_component>
      <object_component id="oc-e0">
         <name>.debug_pubnames</name>
         <load_address>0xa7b</load_address>
         <run_address>0xa7b</run_address>
         <size>0x28</size>
         <input_file_ref idref="fl-14f"/>
      </object_component>
      <object_component id="oc-e3">
         <name>.debug_pubnames</name>
         <load_address>0xaa3</load_address>
         <run_address>0xaa3</run_address>
         <size>0x3a</size>
         <input_file_ref idref="fl-148"/>
      </object_component>
      <object_component id="oc-fe">
         <name>.debug_pubnames</name>
         <load_address>0xadd</load_address>
         <run_address>0xadd</run_address>
         <size>0x72</size>
         <input_file_ref idref="fl-7"/>
      </object_component>
      <object_component id="oc-103">
         <name>.debug_pubnames</name>
         <load_address>0xb4f</load_address>
         <run_address>0xb4f</run_address>
         <size>0x28</size>
         <input_file_ref idref="fl-9"/>
      </object_component>
      <object_component id="oc-106">
         <name>.debug_pubnames</name>
         <load_address>0xb77</load_address>
         <run_address>0xb77</run_address>
         <size>0x88</size>
         <input_file_ref idref="fl-9"/>
      </object_component>
      <object_component id="oc-10d">
         <name>.debug_pubnames</name>
         <load_address>0xbff</load_address>
         <run_address>0xbff</run_address>
         <size>0x1e</size>
         <input_file_ref idref="fl-14d"/>
[...]
      </symbol>
      <symbol id="sm-190">
         <name>xQueueGenericSend</name>
         <value>0x10cb</value>
         <object_component_ref idref="oc-96"/>
      </symbol>
      <symbol id="sm-191">
         <name>xQueueGenericReset</name>
         <value>0xfd9</value>
         <object_component_ref idref="oc-96"/>
      </symbol>
      <symbol id="sm-192">
         <name>xQueueReceiveFromISR</name>
         <value>0x1349</value>
         <object_component_ref idref="oc-96"/>
      </symbol>
      <symbol id="sm-193">
         <name>uxQueueMessagesWaitingFromISR</name>
         <value>0x13d7</value>
         <object_component_ref idref="oc-96"/>
      </symbol>
      <symbol id="sm-194">
         <name>xQueueGenericReceive</name>
         <value>0x122f</value>
         <object_component_ref idref="oc-96"/>
      </symbol>
      <symbol id="sm-195">
         <name>vQueueDelete</name>
         <value>0x13e9</value>
         <object_component_ref idref="oc-96"/>
      </symbol>
      <symbol id="sm-260">
         <name>vTaskDelay</name>
         <value>0x291</value>
         <object_component_ref idref="oc-7d"/>
      </symbol>
      <symbol id="sm-261">
         <name>vTaskSuspendAll</name>
         <value>0x323</value>
         <object_component_ref idref="oc-7d"/>
      </symbol>
      <symbol id="sm-262">
         <name>vTaskPlaceOnEventList</name>
         <value>0x5b1</value>
         <object_component_ref idref="oc-7d"/>
      </symbol>
      <symbol id="sm-263">
         <name>xTaskCheckForTimeOut</name>
         <value>0x685</value>
         <object_component_ref idref="oc-7d"/>
      </symbol>
      <symbol id="sm-264">
         <name>vTaskStartScheduler</name>
         <value>0x2cb</value>
         <object_component_ref idref="oc-7d"/>
      </symbol>
      <symbol id="sm-265">
         <name>vTaskDelayUntil</name>
         <value>0x20b</value>
         <object_component_ref idref="oc-7d"/>
      </symbol>
      <symbol id="sm-266">
         <name>vTaskEndScheduler</name>
         <value>0x311</value>
         <object_component_ref idref="oc-7d"/>
      </symbol>
      <symbol id="sm-267">
         <name>vTaskMissedYield</name>
         <value>0x6e9</value>
         <object_component_ref idref="oc-7d"/>
      </symbol>
      <symbol id="sm-268">
         <name>uxTaskGetNumberOfTasks</name>
         <value>0x425</value>
         <object_component_ref idref="oc-7d"/>
      </symbol>
      <symbol id="sm-269">
         <name>xTaskResumeAll</name>
         <value>0x32d</value>
         <object_component_ref idref="oc-7d"/>
      </symbol>
      <symbol id="sm-26a">
         <name>xTaskGetTickCount</name>
         <value>0x3f5</value>
         <object_component_ref idref="oc-7d"/>
      </symbol>
      <symbol id="sm-26b">
         <name>xTaskGenericCreate</name>
         <value>0xf1</value>
         <object_component_ref idref="oc-7d"/>
      </symbol>
      <symbol id="sm-26c">
         <name>pxCurrentTCB</name>
         <value>0x20002994</value>
         <object_component_ref idref="oc-83"/>
      </symbol>
      <symbol id="sm-26d">
         <name>xTaskGetTickCountFromISR</name>
         <value>0x40d</value>
         <object_component_ref idref="oc-7d"/>
      </symbol>
      <symbol id="sm-26e">
         <name>vTaskSetTimeOutState</name>
         <value>0x661</value>
         <object_component_ref idref="oc-7d"/>
      </symbol>
      <symbol id="sm-26f">
         <name>vTaskIncrementTick</name>
         <value>0x43d</value>
         <object_component_ref idref="oc-7d"/>
      </symbol>
      <symbol id="sm-270">
         <name>vTaskSwitchContext</name>
         <value>0x541</value>
         <object_component_ref idref="oc-7d"/>
      </symbol>
      <symbol id="sm-271">
         <name>xTaskRemoveFromEventList</name>
         <value>0x5ed</value>
         <object_component_ref idref="oc-7d"/>
      </symbol>
      <symbol id="sm-296">
         <name>vPortSetupTimerInterrupt</name>
         <value>0x275f</value>
         <object_component_ref idref="oc-36"/>
      </symbol>
      <symbol id="sm-297">
         <name>vPortEndScheduler</name>
         <value>0x2711</value>
         <object_component_ref idref="oc-36"/>
      </symbol>
      <symbol id="sm-298">
         <name>xPortSysTickCount</name>
         <value>0x200029d0</value>
         <object_component_ref idref="oc-87"/>
      </symbol>
      <symbol id="sm-299">
         <name>xPortSysTickHandler</name>
         <value>0x2745</value>
         <object_component_ref idref="oc-36"/>
      </symbol>
      <symbol id="sm-29a">
         <name>vPortYieldFromISR</name>
         <value>0x2713</value>
         <object_component_ref idref="oc-36"/>
      </symbol>
      <symbol id="sm-29b">
         <name>pxPortInitialiseStack</name>
         <value>0x26a1</value>
         <object_component_ref idref="oc-36"/>
      </symbol>
      <symbol id="sm-29c">
         <name>vPortExitCritical</name>
         <value>0x272d</value>
         <object_component_ref idref="oc-36"/>
      </symbol>
      <symbol id="sm-29d">
         <name>xPortStartScheduler</name>
         <value>0x26e9</value>
         <object_component_ref idref="oc-36"/>
      </symbol>
      <symbol id="sm-29e">
         <name>vPortEnterCritical</name>
         <value>0x271d</value>
         <object_component_ref idref="oc-36"/>
      </symbol>
      <symbol id="sm-2ac">
         <name>vPortStartFirstTask</name>
         <value>0x2a77</value>
         <object_component_ref idref="oc-31"/>
      </symbol>
      <symbol id="sm-2ad">
         <name>xPortPendSVHandler</name>
         <value>0x2a09</value>
         <object_component_ref idref="oc-31"/>
      </symbol>
      <symbol id="sm-2ae">
         <name>vPortClearInterruptMask</name>
         <value>0x2a53</value>
         <object_component_ref idref="oc-31"/>
      </symbol>
      <symbol id="sm-2af">
         <name>ulPortSetInterruptMask</name>
         <value>0x2a45</value>
         <object_component_ref idref="oc-31"/>
      </symbol>
      <symbol id="sm-2b0">
         <name>vPortSVCHandler</name>
         <value>0x2a59</value>
         <object_component_ref idref="oc-31"/>
      </symbol>
      <symbol id="sm-321">
         <name>RIT128x96x4StringDraw</name>
         <value>0x1729</value>
         <object_component_ref idref="oc-be"/>
      </symbol>
      <symbol id="sm-322">
         <name>RIT128x96x4DisplayOn</name>
         <value>0x1a69</value>
         <object_component_ref idref="oc-be"/>
      </symbol>
      <symbol id="sm-323">
         <name>RIT128x96x4Enable</name>
         <value>0x18f1</value>
         <object_component_ref idref="oc-be"/>
      </symbol>
      <symbol id="sm-324">
         <name>RIT128x96x4Clear</name>
         <value>0x16cd</value>
         <object_component_ref idref="oc-be"/>
      </symbol>
      <symbol id="sm-325">
         <name>RIT128x96x4Disable</name>
         <value>0x194b</value>
         <object_component_ref idref="oc-be"/>
      </symbol>
      <symbol id="sm-326">
         <name>RIT128x96x4DisplayOff</name>
         <value>0x1a9d</value>
         <object_component_ref idref="oc-be"/>
      </symbol>
      <symbol id="sm-327">
         <name>RIT128x96x4ImageDraw</name>
         <value>0x1869</value>
         <object_component_ref idref="oc-be"/>
      </symbol>
      <symbol id="sm-328">
         <name>RIT128x96x4Init</name>
         <value>0x19c5</value>
         <object_component_ref idref="oc-be"/>
      </symbol>
      <symbol id="sm-361">
         <name>TimerLoadSet</name>
         <value>0x305d</value>
         <object_component_ref idref="oc-a8"/>
      </symbol>
      <symbol id="sm-362">
         <name>TimerEnable</name>
         <value>0x30a1</value>
         <object_component_ref idref="oc-b4"/>
      </symbol>
      <symbol id="sm-363">
         <name>TimerPrescaleSet</name>
         <value>0x306f</value>
         <object_component_ref idref="oc-a4"/>
      </symbol>
      <symbol id="sm-364">
         <name>TimerIntEnable</name>
         <value>0x30f9</value>
         <object_component_ref idref="oc-ac"/>
      </symbol>
      <symbol id="sm-365">
         <name>TimerConfigure</name>
         <value>0x2f45</value>
         <object_component_ref idref="oc-a0"/>
      </symbol>
      <symbol id="sm-366">
         <name>TimerIntClear</name>
         <value>0x3119</value>
         <object_component_ref idref="oc-c4"/>
      </symbol>
      <symbol id="sm-3f9">
         <name>SysCtlClockSet</name>
         <value>0x22ed</value>
         <object_component_ref idref="oc-1d5"/>
      </symbol>
      <symbol id="sm-3fa">
         <name>SysCtlDelay</name>
         <value>0x310d</value>
         <object_component_ref idref="oc-291"/>
      </symbol>
      <symbol id="sm-3fb">
         <name>SysCtlPeripheralEnable</name>
         <value>0x2ce9</value>
         <object_component_ref idref="oc-9c"/>
      </symbol>
      <symbol id="sm-3fc">
         <name>SysCtlClockGet</name>
         <value>0x2155</value>
         <object_component_ref idref="oc-174"/>
      </symbol>
      <symbol id="sm-3fd">
         <name>SysCtlPeripheralDisable</name>
         <value>0x2c91</value>
         <object_component_ref idref="oc-1b5"/>
      </symbol>
      <symbol id="sm-3fe">
         <name>SysCtlPeripheralReset</name>
         <value>0x2981</value>
         <object_component_ref idref="oc-1b1"/>
      </symbol>
      <symbol id="sm-432">
         <name>SSIDataPut</name>
         <value>0x30d3</value>
         <object_component_ref idref="oc-169"/>
      </symbol>
      <symbol id="sm-433">
         <name>SSIDataGetNonBlocking</name>
         <value>0x304b</value>
         <object_component_ref idref="oc-188"/>
      </symbol>
      <symbol id="sm-434">
         <name>SSIConfigSetExpClk</name>
         <value>0x2d8d</value>
         <object_component_ref idref="oc-178"/>
      </symbol>
      <symbol id="sm-435">
         <name>SSIEnable</name>
         <value>0x30e7</value>
         <object_component_ref idref="oc-184"/>
      </symbol>
      <symbol id="sm-436">
         <name>SSIBusy</name>
         <value>0x30f1</value>
         <object_component_ref idref="oc-161"/>
      </symbol>
      <symbol id="sm-437">
         <name>SSIDisable</name>
         <value>0x30dd</value>
         <object_component_ref idref="oc-170"/>
      </symbol>
      <symbol id="sm-459">
         <name>IntEnable</name>
         <value>0x2b6d</value>
         <object_component_ref idref="oc-b0"/>
      </symbol>
      <symbol id="sm-49e">
         <name>GPIOPinTypeGPIOInput</name>
         <value>0x3015</value>
         <object_component_ref idref="oc-1a9"/>
      </symbol>
      <symbol id="sm-49f">
         <name>GPIOPinTypeGPIOOutput</name>
         <value>0x3027</value>
         <object_component_ref idref="oc-18c"/>
      </symbol>
      <symbol id="sm-4a0">
         <name>GPIOPinRead</name>
         <value>0x3101</value>
         <object_component_ref idref="oc-1ad"/>
      </symbol>
      <symbol id="sm-4a1">
         <name>GPIODirModeSet</name>
         <value>0x2eeb</value>
         <object_component_ref idref="oc-26f"/>
      </symbol>
      <symbol id="sm-4a2">
         <name>GPIOPinWrite</name>
         <value>0x3107</value>
         <object_component_ref idref="oc-165"/>
      </symbol>
      <symbol id="sm-4a3">
         <name>GPIOPadConfigSet</name>
         <value>0x2789</value>
         <object_component_ref idref="oc-180"/>
      </symbol>
      <symbol id="sm-4a4">
         <name>GPIOPinTypeSSI</name>
         <value>0x3039</value>
         <object_component_ref idref="oc-17c"/>
      </symbol>
      <symbol id="sm-4e1">
         <name>ADCProcessorTrigger</name>
         <value>0x2fd5</value>
         <object_component_ref idref="oc-1c9"/>
      </symbol>
      <symbol id="sm-4e2">
         <name>ADCSequenceEnable</name>
         <value>0x3093</value>
         <object_component_ref idref="oc-1c1"/>
      </symbol>
      <symbol id="sm-4e3">
         <name>ADCSequenceConfigure</name>
         <value>0x2f19</value>
         <object_component_ref idref="oc-1b9"/>
      </symbol>
      <symbol id="sm-4e4">
         <name>ADCSequenceStepConfigure</name>
         <value>0x2b01</value>
         <object_component_ref idref="oc-1bd"/>
      </symbol>
      <symbol id="sm-4e5">
         <name>ADCIntClear</name>
         <value>0x30c9</value>
         <object_component_ref idref="oc-1c5"/>
      </symbol>
      <symbol id="sm-4e6">
         <name>ADCIntStatus</name>
         <value>0x2ebd</value>
         <object_component_ref idref="oc-1cd"/>
      </symbol>
      <symbol id="sm-4e7">
         <name>ADCSequenceDataGet</name>
         <value>0x2f69</value>
         <object_component_ref idref="oc-1d1"/>
      </symbol>
      <symbol id="sm-4f6">
         <name>_c_int00</name>
         <value>0x2e59</value>
         <object_component_ref idref="oc-10"/>
      </symbol>
      <symbol id="sm-4f7">
         <name>__stack</name>
         <value>0x20002194</value>
         <object_component_ref idref="oc-27"/>
      </symbol>
      <symbol id="sm-50e">
         <name>__TI_decompress_none</name>
         <value>0x30af</value>
         <object_component_ref idref="oc-15"/>
      </symbol>
      <symbol id="sm-532">
         <name>__TI_decompress_rle24</name>
         <value>0x3113</value>
         <object_component_ref idref="oc-21"/>
      </symbol>
      <symbol id="sm-54b">
         <name>__TI_zero_init</name>
         <value>0x3081</value>
         <object_component_ref idref="oc-1b"/>
      </symbol>
      <symbol id="sm-56a">
         <name>C$$EXIT</name>
         <value>0x2e15</value>
         <object_component_ref idref="oc-50"/>
      </symbol>
      <symbol id="sm-56b">
         <name>abort</name>
         <value>0x2e19</value>
         <object_component_ref idref="oc-50"/>
      </symbol>
      <symbol id="sm-56c">
         <name>exit</name>
         <value>0x2e21</value>
         <object_component_ref idref="oc-50"/>
      </symbol>
      <symbol id="sm-56d">
         <name>__TI_dtors_ptr</name>
         <value>0x200029e0</value>
         <object_component_ref idref="oc-e1"/>
      </symbol>
      <symbol id="sm-56e">
         <name>__TI_cleanup_ptr</name>
         <value>0x200029dc</value>
         <object_component_ref idref="oc-e1"/>
      </symbol>
      <symbol id="sm-589">
         <name>memcpy</name>
         <value>0x2851</value>
         <object_component_ref idref="oc-5a"/>
      </symbol>
      <symbol id="sm-58a">
         <name>__aeabi_memcpy</name>
         <value>0x2851</value>
         <object_component_ref idref="oc-5a"/>
      </symbol>
      <symbol id="sm-58b">
         <name>__aeabi_memcpy8</name>
         <value>0x2851</value>
         <object_component_ref idref="oc-5a"/>
      </symbol>
      <symbol id="sm-58c">
         <name>__aeabi_memcpy4</name>
         <value>0x2851</value>
         <object_component_ref idref="oc-5a"/>
      </symbol>
      <symbol id="sm-59b">
         <name>__aeabi_memset</name>
         <value>0x2a8b</value>
         <object_component_ref idref="oc-116"/>
      </symbol>
      <symbol id="sm-59c">
         <name>memset</name>
         <value>0x2a91</value>
         <object_component_ref idref="oc-116"/>
      </symbol>
      <symbol id="sm-59d">
         <name>__aeabi_memset8</name>
         <value>0x2a8b</value>
         <object_component_ref idref="oc-116"/>
      </symbol>
      <symbol id="sm-59e">
         <name>__aeabi_memset4</name>
         <value>0x2a8b</value>
         <object_component_ref idref="oc-116"/>
      </symbol>
      <symbol id="sm-59f">
         <name>__aeabi_memclr8</name>
         <value>0x2a89</value>
         <object_component_ref idref="oc-116"/>
      </symbol>
      <symbol id="sm-5a0">
         <name>__aeabi_memclr4</name>
         <value>0x2a89</value>
         <object_component_ref idref="oc-116"/>
      </symbol>
      <symbol id="sm-5a1">
         <name>__aeabi_memclr</name>
         <value>0x2a89</value>
         <object_component_ref idref="oc-116"/>
      </symbol>
      <symbol id="sm-5ba">
         <name>sprintf</name>
         <value>0x2bd1</value>
         <object_component_ref idref="oc-b8"/>
      </symbol>
      <symbol id="sm-5c2">
         <name>main_func_sp</name>
         <value>0x200029e4</value>
         <object_component_ref idref="oc-56"/>
      </symbol>
      <symbol id="sm-5d2">
         <name>strncpy</name>
         <value>0x2e8d</value>
         <object_component_ref idref="oc-10a"/>
      </symbol>
      <symbol id="sm-5ec">
         <name>_nop</name>
         <value>0x2ffb</value>
         <object_component_ref idref="oc-1e4"/>
      </symbol>
      <symbol id="sm-5ed">
         <name>_lock</name>
         <value>0x200029d4</value>
         <object_component_ref idref="oc-de"/>
      </symbol>
      <symbol id="sm-5ee">
         <name>_unlock</name>
         <value>0x200029d8</value>
         <object_component_ref idref="oc-de"/>
      </symbol>
      <symbol id="sm-5ef">
         <name>_register_lock</name>
         <value>0x2ff3</value>
         <object_component_ref idref="oc-1e4"/>
      </symbol>
      <symbol id="sm-5f0">
         <name>_register_unlock</name>
         <value>0x2fed</value>
         <object_component_ref idref="oc-1e4"/>
      </symbol>
      <symbol id="sm-670">
         <name>__TI_printfi_nofloat</name>
         <value>0xcd1</value>
         <object_component_ref idref="oc-154"/>
      </symbol>
      <symbol id="sm-684">
         <name>_args_main</name>
         <value>0x2fa5</value>
         <object_component_ref idref="oc-4a"/>
      </symbol>
      <symbol id="sm-69a">
         <name>atoi</name>
         <value>0x2d41</value>
         <object_component_ref idref="oc-245"/>
      </symbol>
      <symbol id="sm-6b7">
         <name>__TI_auto_init</name>
         <value>0x28ed</value>
         <object_component_ref idref="oc-45"/>
      </symbol>
      <symbol id="sm-6d0">
         <name>copy_in</name>
         <value>0x2dd1</value>
         <object_component_ref idref="oc-cf"/>
      </symbol>
      <symbol id="sm-6db">
         <name>_ctypes_</name>
         <value>0x32fc</value>
         <object_component_ref idref="oc-2af"/>
      </symbol>
      <symbol id="sm-6e4">
         <name>__aeabi_lmul</name>
         <value>0x2fbd</value>
         <object_component_ref idref="oc-234"/>
      </symbol>
      <symbol id="sm-6f4">
         <name>memccpy</name>
         <value>0x2f89</value>
         <object_component_ref idref="oc-23f"/>
      </symbol>
      <symbol id="sm-702">
         <name>strlen</name>
         <value>0x3001</value>
         <object_component_ref idref="oc-239"/>
      </symbol>
      <symbol id="sm-71e">
         <name>__aeabi_uldivmod</name>
         <value>0x1dad</value>
         <object_component_ref idref="oc-22f"/>
      </symbol>
      <symbol id="sm-71f">
         <name>__TI_static_base__</name>
         <value>0x0</value>
      </symbol>
      <symbol id="sm-720">
         <name>__TI_args_main</name>
         <value>0x1</value>
      </symbol>
      <symbol id="sm-721">
         <name>SHT$$INIT_ARRAY$$Limit</name>
         <value>0x0</value>
      </symbol>
      <symbol id="sm-722">
         <name>SHT$$INIT_ARRAY$$Base</name>
         <value>0x0</value>
      </symbol>
   </symbol_table>
   <title>Link successful</title>
</link_info>
