******************************************************************************
                  TI ARM Linker PC v5.1.7                      
******************************************************************************
>> Linked Tue Nov 11 08:17:54 2014

OUTPUT FILE NAME:   <FreeRTOS_Timer_Lab6.out>
ENTRY POINT SYMBOL: "_c_int00"  address: 00002e59


MEMORY CONFIGURATION

         name            origin    length      used     unused   attr    fill
----------------------  --------  ---------  --------  --------  ----  --------
  FLASH                 00000000   00040000  000035c0  0003ca40  R  X
  SRAM                  20000000   00010000  000029e8  0000d618  RW X


SEGMENT ALLOCATION MAP

run origin  load origin   length   init length attrs members
----------  ----------- ---------- ----------- ----- -------
00000000    00000000    000035c0   000035c0    r-x
  00000000    00000000    000000f0   000000f0    r-- .intvecs
  000000f0    000000f0    0000302c   0000302c    r-x .text
  0000311c    0000311c    0000045c   0000045c    r-- .const
  00003578    00003578    00000048   00000048    r-- .cinit
20000000    20000000    000029e8   00000000    rw-
  20000000    20000000    00002194   00000000    rw- .bss
  20002194    20002194    00000800   00000000    rw- .stack
  20002994    20002994    00000054   00000000    rw- .data


SECTION ALLOCATION MAP

 output                                  attributes/
section   page    origin      length       input sections
--------  ----  ----------  ----------   ----------------
.intvecs   0    00000000    000000f0     
                  00000000    000000f0     startup_ccs.obj (.intvecs)

.text      0    000000f0    0000302c     
                  000000f0    00000794     tasks.obj (.text)
                  00000884    00000754     rtsv7M3_T_le_eabi.lib : _printfi_nf.obj (.text)
                  00000fd8    000005ec     queue.obj (.text)
                  000015c4    00000510     rit128x96x4.obj (.text)
                  00001ad4    000002d8     Timer_main.obj (.text)
                  00001dac    000001f4     rtsv7M3_T_le_eabi.lib : ull_div_t2.obj (.text)
                  00001fa0    000001b4     heap_2.obj (.text)
                  00002154    00000198     driverlib-cm3.lib : sysctl.obj (.text:SysCtlClockGet)
                  000022ec    00000144                       : sysctl.obj (.text:SysCtlClockSet)
                  00002430    0000013c     Task_TimerInterrupt.obj (.text)
                  0000256c    00000132     list.obj (.text)
                  0000269e    00000002     --HOLE-- [fill = 0]
                  000026a0    000000e8     port.obj (.text)
                  00002788    000000c8     driverlib-cm3.lib : gpio.obj (.text:GPIOPadConfigSet)
                  00002850    0000009c     rtsv7M3_T_le_eabi.lib : memcpy_t2.obj (.text)
                  000028ec    00000094                           : auto_init.obj (.text)
                  00002980    00000088     driverlib-cm3.lib : sysctl.obj (.text:SysCtlPeripheralReset)
                  00002a08    00000080     portasm.obj (.text)
                  00002a88    00000078     rtsv7M3_T_le_eabi.lib : memset_t2.obj (.text)
                  00002b00    0000006c     driverlib-cm3.lib : adc.obj (.text:ADCSequenceStepConfigure)
                  00002b6c    00000064                       : interrupt.obj (.text:IntEnable)
                  00002bd0    00000060     rtsv7M3_T_le_eabi.lib : sprintf.obj (.text)
                  00002c30    0000005e                           : copy_decompress_rle.obj (.text)
                  00002c8e    00000002     --HOLE-- [fill = 0]
                  00002c90    00000058     driverlib-cm3.lib : sysctl.obj (.text:SysCtlPeripheralDisable)
                  00002ce8    00000058                       : sysctl.obj (.text:SysCtlPeripheralEnable)
                  00002d40    0000004c     rtsv7M3_T_le_eabi.lib : atoi.obj (.text)
                  00002d8c    00000044     driverlib-cm3.lib : ssi.obj (.text:SSIConfigSetExpClk)
                  00002dd0    00000044     rtsv7M3_T_le_eabi.lib : cpy_tbl.obj (.text)
                  00002e14    00000044                           : exit.obj (.text)
                  00002e58    00000034                           : boot.obj (.text)
                  00002e8c    00000030                           : strncpy.obj (.text)
                  00002ebc    0000002e     driverlib-cm3.lib : adc.obj (.text:ADCIntStatus)
                  00002eea    0000002e                       : gpio.obj (.text:GPIODirModeSet)
                  00002f18    0000002a                       : adc.obj (.text:ADCSequenceConfigure)
                  00002f42    00000002     --HOLE-- [fill = 0]
                  00002f44    00000024                       : timer.obj (.text:TimerConfigure)
                  00002f68    00000020                       : adc.obj (.text:ADCSequenceDataGet)
                  00002f88    0000001a     rtsv7M3_T_le_eabi.lib : memccpy.obj (.text)
                  00002fa2    00000002     --HOLE-- [fill = 0]
                  00002fa4    00000018                           : args_main.obj (.text)
                  00002fbc    00000018                           : ll_mul_t2.obj (.text)
                  00002fd4    00000016     driverlib-cm3.lib : adc.obj (.text:ADCProcessorTrigger)
                  00002fea    00000002     --HOLE-- [fill = 0]
                  00002fec    00000014     rtsv7M3_T_le_eabi.lib : _lock.obj (.text)
                  00003000    00000014                           : strlen.obj (.text)
                  00003014    00000012     driverlib-cm3.lib : gpio.obj (.text:GPIOPinTypeGPIOInput)
                  00003026    00000012                       : gpio.obj (.text:GPIOPinTypeGPIOOutput)
                  00003038    00000012                       : gpio.obj (.text:GPIOPinTypeSSI)
                  0000304a    00000012                       : ssi.obj (.text:SSIDataGetNonBlocking)
                  0000305c    00000012                       : timer.obj (.text:TimerLoadSet)
                  0000306e    00000012                       : timer.obj (.text:TimerPrescaleSet)
                  00003080    00000012     rtsv7M3_T_le_eabi.lib : copy_zero_init.obj (.text:decompress:ZI)
                  00003092    0000000e     driverlib-cm3.lib : adc.obj (.text:ADCSequenceEnable)
                  000030a0    0000000e                       : timer.obj (.text:TimerEnable)
                  000030ae    0000000e     rtsv7M3_T_le_eabi.lib : copy_decompress_none.obj (.text:decompress:none)
                  000030bc    0000000c     startup_ccs.obj (.text)
                  000030c8    0000000a     driverlib-cm3.lib : adc.obj (.text:ADCIntClear)
                  000030d2    0000000a                       : ssi.obj (.text:SSIDataPut)
                  000030dc    0000000a                       : ssi.obj (.text:SSIDisable)
                  000030e6    0000000a                       : ssi.obj (.text:SSIEnable)
                  000030f0    00000008                       : ssi.obj (.text:SSIBusy)
                  000030f8    00000008                       : timer.obj (.text:TimerIntEnable)
                  00003100    00000006                       : gpio.obj (.text:GPIOPinRead)
                  00003106    00000006                       : gpio.obj (.text:GPIOPinWrite)
                  0000310c    00000006                       : sysctl.obj (.text:SysCtlDelay)
                  00003112    00000006     rtsv7M3_T_le_eabi.lib : copy_decompress_rle.obj (.text:decompress:rle24)
                  00003118    00000004     driverlib-cm3.lib : timer.obj (.text:TimerIntClear)

.const     0    0000311c    0000045c     
                  0000311c    000001e0     rit128x96x4.obj (.const:g_pucFont)
                  000032fc    00000102     rtsv7M3_T_le_eabi.lib : ctype.obj (.const:.string:_ctypes_)
                  000033fe    00000002     heap_2.obj (.const)
                  00003400    00000070     driverlib-cm3.lib : interrupt.obj (.const)
                  00003470    0000006c                       : sysctl.obj (.const:g_pulXtals)
                  000034dc    0000004f     rit128x96x4.obj (.const:.string:g_pucRIT128x96x4Init)
                  0000352b    00000001     --HOLE-- [fill = 0]
                  0000352c    00000040     driverlib-cm3.lib : sysctl.obj (.const)
                  0000356c    0000000c     rit128x96x4.obj (.const:.string)

.cinit     0    00003578    00000048     
                  00003578    00000020     (.cinit..data.load) [load image, compression = rle]
                  00003598    0000000c     (__TI_handler_table)
                  000035a4    00000004     --HOLE-- [fill = 0]
                  000035a8    00000008     (.cinit..bss.load) [load image, compression = zero_init]
                  000035b0    00000010     (__TI_cinit_table)

.bss       0    20000000    00002194     UNINITIALIZED
                  20000000    00002000     heap_2.obj (.bss:xHeap)
                  20002000    00000100     startup_ccs.obj (.bss:pulStack)
                  20002100    00000028     tasks.obj (.bss:pxReadyTasksLists)
                  20002128    00000014     (.common:xDelayedTaskList1)
                  2000213c    00000014     (.common:xDelayedTaskList2)
                  20002150    00000014     (.common:xPendingReadyList)
                  20002164    00000008     (.common:g_pucBuffer)
                  2000216c    00000008     (.common:xEnd)
                  20002174    00000008     (.common:xStart)
                  2000217c    00000004     (.common:Timer_0_A_Semaphore)
                  20002180    00000004     (.common:g_ulSSIFlags)
                  20002184    00000004     (.common:pxDelayedTaskList)
                  20002188    00000004     (.common:pxOverflowDelayedTaskList)
                  2000218c    00000004     (.common:queue)
                  20002190    00000004     (.common:timerCount)

.stack     0    20002194    00000800     UNINITIALIZED
                  20002194    00000800     --HOLE--

.data      0    20002994    00000054     UNINITIALIZED
                  20002994    00000030     tasks.obj (.data)
                  200029c4    00000008     heap_2.obj (.data)
                  200029cc    00000008     port.obj (.data)
                  200029d4    00000008     rtsv7M3_T_le_eabi.lib : _lock.obj (.data)
                  200029dc    00000008                           : exit.obj (.data)
                  200029e4    00000004                           : stkdepth_vars.obj (.data)


LINKER GENERATED COPY TABLES

__TI_cinit_table @ 000035b0 records: 2, size/record: 8, table size: 16
	.data: load addr=00003578, load size=00000020 bytes, run addr=20002994, run size=00000054 bytes, compression=rle
	.bss: load addr=000035a8, load size=00000008 bytes, run addr=20000000, run size=00002194 bytes, compression=zero_init


LINKER GENERATED HANDLER TABLE

__TI_handler_table @ 00003598 records: 3, size/record: 4, table size: 12
	index: 0, handler: __TI_decompress_rle24
	index: 1, handler: __TI_decompress_none
	index: 2, handler: __TI_zero_init


GLOBAL SYMBOLS: SORTED ALPHABETICALLY BY Name 

address    name
--------   ----
00001bb5   ADC
000030c9   ADCIntClear
00002ebd   ADCIntStatus
00002fd5   ADCProcessorTrigger
00002f19   ADCSequenceConfigure
00002f69   ADCSequenceDataGet
00003093   ADCSequenceEnable
00002b01   ADCSequenceStepConfigure
00001b35   BlinkLED
00002e15   C$$EXIT
00001b7d   Display
00001c4d   DisplayADC
00002eeb   GPIODirModeSet
00002789   GPIOPadConfigSet
00003101   GPIOPinRead
00003015   GPIOPinTypeGPIOInput
00003027   GPIOPinTypeGPIOOutput
00003039   GPIOPinTypeSSI
00003107   GPIOPinWrite
00002b6d   IntEnable
00001ad5   PrintInit
000016cd   RIT128x96x4Clear
0000194b   RIT128x96x4Disable
00001a9d   RIT128x96x4DisplayOff
00001a69   RIT128x96x4DisplayOn
000018f1   RIT128x96x4Enable
00001869   RIT128x96x4ImageDraw
000019c5   RIT128x96x4Init
00001729   RIT128x96x4StringDraw
000030bd   ResetISR
UNDEFED    SHT$$INIT_ARRAY$$Base
UNDEFED    SHT$$INIT_ARRAY$$Limit
000030f1   SSIBusy
00002d8d   SSIConfigSetExpClk
0000304b   SSIDataGetNonBlocking
000030d3   SSIDataPut
000030dd   SSIDisable
000030e7   SSIEnable
00002155   SysCtlClockGet
000022ed   SysCtlClockSet
0000310d   SysCtlDelay
00002c91   SysCtlPeripheralDisable
00002ce9   SysCtlPeripheralEnable
00002981   SysCtlPeripheralReset
00002431   Task_TimeOfDay
00002f45   TimerConfigure
000030a1   TimerEnable
00003119   TimerIntClear
000030f9   TimerIntEnable
0000305d   TimerLoadSet
0000306f   TimerPrescaleSet
0000250d   Timer_0_A_ISR_Handler
2000217c   Timer_0_A_Semaphore
20002994   __STACK_END
00000800   __STACK_SIZE
20002294   __STACK_TOP
000035b0   __TI_CINIT_Base
000035c0   __TI_CINIT_Limit
00003598   __TI_Handler_Table_Base
000035a4   __TI_Handler_Table_Limit
00000001   __TI_args_main
000028ed   __TI_auto_init
200029dc   __TI_cleanup_ptr
000030af   __TI_decompress_none
00003113   __TI_decompress_rle24
200029e0   __TI_dtors_ptr
00000cd1   __TI_printfi_nofloat
00000000   __TI_static_base__
00003081   __TI_zero_init
00002fbd   __aeabi_lmul
00002a89   __aeabi_memclr
00002a89   __aeabi_memclr4
00002a89   __aeabi_memclr8
00002851   __aeabi_memcpy
00002851   __aeabi_memcpy4
00002851   __aeabi_memcpy8
00002a8b   __aeabi_memset
00002a8b   __aeabi_memset4
00002a8b   __aeabi_memset8
00001dad   __aeabi_uldivmod
ffffffff   __binit__
ffffffff   __c_args__
20002194   __stack
00002fa5   _args_main
00002e59   _c_int00
000032fc   _ctypes_
200029d4   _lock
00002ffb   _nop
00002ff3   _register_lock
00002fed   _register_unlock
200029d8   _unlock
00002e19   abort
00002d41   atoi
ffffffff   binit
00002dd1   copy_in
00002e21   exit
00000000   g_pfnVectors
00001c8f   main
200029e4   main_func_sp
00002f89   memccpy
00002851   memcpy
00002a91   memset
00001fa1   pvPortMalloc
20002994   pxCurrentTCB
000026a1   pxPortInitialiseStack
2000218c   queue
00002bd1   sprintf
00003001   strlen
00002e8d   strncpy
20002190   timerCount
00002a45   ulPortSetInterruptMask
00002657   uxListRemove
000013c1   uxQueueMessagesWaiting
000013d7   uxQueueMessagesWaitingFromISR
00000425   uxTaskGetNumberOfTasks
0000256d   vListInitialise
0000259d   vListInitialiseItem
000025f1   vListInsert
000025ad   vListInsertEnd
00002a53   vPortClearInterruptMask
00002711   vPortEndScheduler
0000271d   vPortEnterCritical
0000272d   vPortExitCritical
000020c9   vPortFree
00002131   vPortInitialiseBlocks
00002a59   vPortSVCHandler
0000275f   vPortSetupTimerInterrupt
00002a77   vPortStartFirstTask
00002713   vPortYieldFromISR
000013e9   vQueueDelete
00000291   vTaskDelay
0000020b   vTaskDelayUntil
00000311   vTaskEndScheduler
0000043d   vTaskIncrementTick
000006e9   vTaskMissedYield
000005b1   vTaskPlaceOnEventList
00000661   vTaskSetTimeOutState
000002cb   vTaskStartScheduler
00000323   vTaskSuspendAll
00000541   vTaskSwitchContext
0000212b   xPortGetFreeHeapSize
00002a09   xPortPendSVHandler
000026e9   xPortStartScheduler
200029d0   xPortSysTickCount
00002745   xPortSysTickHandler
00001069   xQueueGenericCreate
0000122f   xQueueGenericReceive
00000fd9   xQueueGenericReset
000010cb   xQueueGenericSend
000011b7   xQueueGenericSendFromISR
00001561   xQueueIsQueueEmptyFromISR
000015a3   xQueueIsQueueFullFromISR
00001349   xQueueReceiveFromISR
00000685   xTaskCheckForTimeOut
000000f1   xTaskGenericCreate
000003f5   xTaskGetTickCount
0000040d   xTaskGetTickCountFromISR
000005ed   xTaskRemoveFromEventList
0000032d   xTaskResumeAll


GLOBAL SYMBOLS: SORTED BY Symbol Address 

address    name
--------   ----
00000000   __TI_static_base__
00000000   g_pfnVectors
00000001   __TI_args_main
000000f1   xTaskGenericCreate
0000020b   vTaskDelayUntil
00000291   vTaskDelay
000002cb   vTaskStartScheduler
00000311   vTaskEndScheduler
00000323   vTaskSuspendAll
0000032d   xTaskResumeAll
000003f5   xTaskGetTickCount
0000040d   xTaskGetTickCountFromISR
00000425   uxTaskGetNumberOfTasks
0000043d   vTaskIncrementTick
00000541   vTaskSwitchContext
000005b1   vTaskPlaceOnEventList
000005ed   xTaskRemoveFromEventList
00000661   vTaskSetTimeOutState
00000685   xTaskCheckForTimeOut
000006e9   vTaskMissedYield
00000800   __STACK_SIZE
00000cd1   __TI_printfi_nofloat
00000fd9   xQueueGenericReset
00001069   xQueueGenericCreate
000010cb   xQueueGenericSend
000011b7   xQueueGenericSendFromISR
0000122f   xQueueGenericReceive
00001349   xQueueReceiveFromISR
000013c1   uxQueueMessagesWaiting
000013d7   uxQueueMessagesWaitingFromISR
000013e9   vQueueDelete
00001561   xQueueIsQueueEmptyFromISR
000015a3   xQueueIsQueueFullFromISR
000016cd   RIT128x96x4Clear
00001729   RIT128x96x4StringDraw
00001869   RIT128x96x4ImageDraw
000018f1   RIT128x96x4Enable
0000194b   RIT128x96x4Disable
000019c5   RIT128x96x4Init
00001a69   RIT128x96x4DisplayOn
00001a9d   RIT128x96x4DisplayOff
00001ad5   PrintInit
00001b35   BlinkLED
00001b7d   Display
00001bb5   ADC
00001c4d   DisplayADC
00001c8f   main
00001dad   __aeabi_uldivmod
00001fa1   pvPortMalloc
000020c9   vPortFree
0000212b   xPortGetFreeHeapSize
00002131   vPortInitialiseBlocks
00002155   SysCtlClockGet
000022ed   SysCtlClockSet
00002431   Task_TimeOfDay
0000250d   Timer_0_A_ISR_Handler
0000256d   vListInitialise
0000259d   vListInitialiseItem
000025ad   vListInsertEnd
000025f1   vListInsert
00002657   uxListRemove
000026a1   pxPortInitialiseStack
000026e9   xPortStartScheduler
00002711   vPortEndScheduler
00002713   vPortYieldFromISR
0000271d   vPortEnterCritical
0000272d   vPortExitCritical
00002745   xPortSysTickHandler
0000275f   vPortSetupTimerInterrupt
00002789   GPIOPadConfigSet
00002851   __aeabi_memcpy
00002851   __aeabi_memcpy4
00002851   __aeabi_memcpy8
00002851   memcpy
000028ed   __TI_auto_init
00002981   SysCtlPeripheralReset
00002a09   xPortPendSVHandler
00002a45   ulPortSetInterruptMask
00002a53   vPortClearInterruptMask
00002a59   vPortSVCHandler
00002a77   vPortStartFirstTask
00002a89   __aeabi_memclr
00002a89   __aeabi_memclr4
00002a89   __aeabi_memclr8
00002a8b   __aeabi_memset
00002a8b   __aeabi_memset4
00002a8b   __aeabi_memset8
00002a91   memset
00002b01   ADCSequenceStepConfigure
00002b6d   IntEnable
00002bd1   sprintf
00002c91   SysCtlPeripheralDisable
00002ce9   SysCtlPeripheralEnable
00002d41   atoi
00002d8d   SSIConfigSetExpClk
00002dd1   copy_in
00002e15   C$$EXIT
00002e19   abort
00002e21   exit
00002e59   _c_int00
00002e8d   strncpy
00002ebd   ADCIntStatus
00002eeb   GPIODirModeSet
00002f19   ADCSequenceConfigure
00002f45   TimerConfigure
00002f69   ADCSequenceDataGet
00002f89   memccpy
00002fa5   _args_main
00002fbd   __aeabi_lmul
00002fd5   ADCProcessorTrigger
00002fed   _register_unlock
00002ff3   _register_lock
00002ffb   _nop
00003001   strlen
00003015   GPIOPinTypeGPIOInput
00003027   GPIOPinTypeGPIOOutput
00003039   GPIOPinTypeSSI
0000304b   SSIDataGetNonBlocking
0000305d   TimerLoadSet
0000306f   TimerPrescaleSet
00003081   __TI_zero_init
00003093   ADCSequenceEnable
000030a1   TimerEnable
000030af   __TI_decompress_none
000030bd   ResetISR
000030c9   ADCIntClear
000030d3   SSIDataPut
000030dd   SSIDisable
000030e7   SSIEnable
000030f1   SSIBusy
000030f9   TimerIntEnable
00003101   GPIOPinRead
00003107   GPIOPinWrite
0000310d   SysCtlDelay
00003113   __TI_decompress_rle24
00003119   TimerIntClear
000032fc   _ctypes_
00003598   __TI_Handler_Table_Base
000035a4   __TI_Handler_Table_Limit
000035b0   __TI_CINIT_Base
000035c0   __TI_CINIT_Limit
2000217c   Timer_0_A_Semaphore
2000218c   queue
20002190   timerCount
20002194   __stack
20002294   __STACK_TOP
20002994   __STACK_END
20002994   pxCurrentTCB
200029d0   xPortSysTickCount
200029d4   _lock
200029d8   _unlock
200029dc   __TI_cleanup_ptr
200029e0   __TI_dtors_ptr
200029e4   main_func_sp
ffffffff   __binit__
ffffffff   __c_args__
ffffffff   binit
UNDEFED    SHT$$INIT_ARRAY$$Base
UNDEFED    SHT$$INIT_ARRAY$$Limit

[159 symbols]
