<?xml version="1.0"?>
<link_info>
   <banner>TI ARM Linker PC v5.1.7</banner>
   <copyright>Copyright (c) 1996-2014 Texas Instruments Incorporated</copyright>
   <link_time>0x5488defc</link_time>
   <link_errors>0x0</link_errors>
   <output_file>FreeRTOS_ADC_Lab7.out</output_file>
   <entry_point>
      <name>_c_int00</name>
      <address>0x34e1</address>
   </entry_point>
   <input_file_list>
      <input_file id="fl-2">
         <path>.\</path>
         <kind>object</kind>
         <file>Main_ADC.obj</file>
         <name>Main_ADC.obj</name>
      </input_file>
      <input_file id="fl-3">
         <path>.\</path>
         <kind>object</kind>
         <file>Task_ADC.obj</file>
         <name>Task_ADC.obj</name>
      </input_file>
      <input_file id="fl-4">
         <path>.\</path>
         <kind>object</kind>
         <file>heap_2.obj</file>
         <name>heap_2.obj</name>
      </input_file>
      <input_file id="fl-5">
         <path>.\</path>
         <kind>object</kind>
         <file>startup_ccs.obj</file>
         <name>startup_ccs.obj</name>
      </input_file>
      <input_file id="fl-6">
         <path>.\Source\</path>
         <kind>object</kind>
         <file>croutine.obj</file>
         <name>croutine.obj</name>
      </input_file>
      <input_file id="fl-7">
         <path>.\Source\</path>
         <kind>object</kind>
         <file>list.obj</file>
         <name>list.obj</name>
      </input_file>
      <input_file id="fl-8">
         <path>.\Source\</path>
         <kind>object</kind>
         <file>queue.obj</file>
         <name>queue.obj</name>
      </input_file>
      <input_file id="fl-9">
         <path>.\Source\</path>
         <kind>object</kind>
         <file>tasks.obj</file>
         <name>tasks.obj</name>
      </input_file>
      <input_file id="fl-a">
         <path>.\Source\</path>
         <kind>object</kind>
         <file>timers.obj</file>
         <name>timers.obj</name>
      </input_file>
      <input_file id="fl-b">
         <path>.\Source\portable\CCS5\ARM_CM3\</path>
         <kind>object</kind>
         <file>port.obj</file>
         <name>port.obj</name>
      </input_file>
      <input_file id="fl-c">
         <path>.\Source\portable\CCS5\ARM_CM3\</path>
         <kind>object</kind>
         <file>portasm.obj</file>
         <name>portasm.obj</name>
      </input_file>
      <input_file id="fl-d">
         <path>.\Drivers\</path>
         <kind>object</kind>
         <file>rit128x96x4.obj</file>
         <name>rit128x96x4.obj</name>
      </input_file>
      <input_file id="fl-e">
         <path>.\Drivers\</path>
         <kind>object</kind>
         <file>uartstdio.obj</file>
         <name>uartstdio.obj</name>
      </input_file>
      <input_file id="fl-13">
         <path>C:\TI_CodeComposer\StellarisWare-LM3S1968\boards\ek-lm3s1968\blinky\ccs\..\..\..\..\driverlib\ccs-cm3\Debug\</path>
         <kind>archive</kind>
         <file>driverlib-cm3.lib</file>
         <name>uart.obj</name>
      </input_file>
      <input_file id="fl-14">
         <path>C:\TI_CodeComposer\StellarisWare-LM3S1968\boards\ek-lm3s1968\blinky\ccs\..\..\..\..\driverlib\ccs-cm3\Debug\</path>
         <kind>archive</kind>
         <file>driverlib-cm3.lib</file>
         <name>sysctl.obj</name>
      </input_file>
      <input_file id="fl-15">
         <path>C:\TI_CodeComposer\StellarisWare-LM3S1968\boards\ek-lm3s1968\blinky\ccs\..\..\..\..\driverlib\ccs-cm3\Debug\</path>
         <kind>archive</kind>
         <file>driverlib-cm3.lib</file>
         <name>ssi.obj</name>
      </input_file>
      <input_file id="fl-16">
         <path>C:\TI_CodeComposer\StellarisWare-LM3S1968\boards\ek-lm3s1968\blinky\ccs\..\..\..\..\driverlib\ccs-cm3\Debug\</path>
         <kind>archive</kind>
         <file>driverlib-cm3.lib</file>
         <name>interrupt.obj</name>
      </input_file>
      <input_file id="fl-17">
         <path>C:\TI_CodeComposer\StellarisWare-LM3S1968\boards\ek-lm3s1968\blinky\ccs\..\..\..\..\driverlib\ccs-cm3\Debug\</path>
         <kind>archive</kind>
         <file>driverlib-cm3.lib</file>
         <name>gpio.obj</name>
      </input_file>
      <input_file id="fl-18">
         <path>C:\TI_CodeComposer\StellarisWare-LM3S1968\boards\ek-lm3s1968\blinky\ccs\..\..\..\..\driverlib\ccs-cm3\Debug\</path>
         <kind>archive</kind>
         <file>driverlib-cm3.lib</file>
         <name>cpu.obj</name>
      </input_file>
      <input_file id="fl-19">
         <path>C:\TI_CodeComposer\StellarisWare-LM3S1968\boards\ek-lm3s1968\blinky\ccs\..\..\..\..\driverlib\ccs-cm3\Debug\</path>
         <kind>archive</kind>
         <file>driverlib-cm3.lib</file>
         <name>adc.obj</name>
      </input_file>
      <input_file id="fl-143">
         <path>C:\TI_CodeComposer\ccsv6\tools\compiler\arm_5.1.7\lib\</path>
         <kind>archive</kind>
         <file>rtsv7M3_T_le_eabi.lib</file>
         <name>boot.obj</name>
      </input_file>
      <input_file id="fl-144">
         <path>C:\TI_CodeComposer\ccsv6\tools\compiler\arm_5.1.7\lib\</path>
         <kind>archive</kind>
         <file>rtsv7M3_T_le_eabi.lib</file>
         <name>copy_decompress_none.obj</name>
      </input_file>
      <input_file id="fl-145">
         <path>C:\TI_CodeComposer\ccsv6\tools\compiler\arm_5.1.7\lib\</path>
         <kind>archive</kind>
         <file>rtsv7M3_T_le_eabi.lib</file>
         <name>copy_decompress_rle.obj</name>
      </input_file>
      <input_file id="fl-146">
         <path>C:\TI_CodeComposer\ccsv6\tools\compiler\arm_5.1.7\lib\</path>
         <kind>archive</kind>
         <file>rtsv7M3_T_le_eabi.lib</file>
         <name>copy_zero_init.obj</name>
      </input_file>
      <input_file id="fl-147">
         <path>C:\TI_CodeComposer\ccsv6\tools\compiler\arm_5.1.7\lib\</path>
         <kind>archive</kind>
         <file>rtsv7M3_T_le_eabi.lib</file>
         <name>exit.obj</name>
      </input_file>
      <input_file id="fl-148">
         <path>C:\TI_CodeComposer\ccsv6\tools\compiler\arm_5.1.7\lib\</path>
         <kind>archive</kind>
         <file>rtsv7M3_T_le_eabi.lib</file>
         <name>memcpy_t2.obj</name>
      </input_file>
      <input_file id="fl-149">
         <path>C:\TI_CodeComposer\ccsv6\tools\compiler\arm_5.1.7\lib\</path>
         <kind>archive</kind>
         <file>rtsv7M3_T_le_eabi.lib</file>
         <name>memset_t2.obj</name>
      </input_file>
      <input_file id="fl-14a">
         <path>C:\TI_CodeComposer\ccsv6\tools\compiler\arm_5.1.7\lib\</path>
         <kind>archive</kind>
         <file>rtsv7M3_T_le_eabi.lib</file>
         <name>sprintf.obj</name>
      </input_file>
      <input_file id="fl-14b">
         <path>C:\TI_CodeComposer\ccsv6\tools\compiler\arm_5.1.7\lib\</path>
         <kind>archive</kind>
         <file>rtsv7M3_T_le_eabi.lib</file>
         <name>stkdepth_vars.obj</name>
      </input_file>
      <input_file id="fl-14c">
         <path>C:\TI_CodeComposer\ccsv6\tools\compiler\arm_5.1.7\lib\</path>
         <kind>archive</kind>
         <file>rtsv7M3_T_le_eabi.lib</file>
         <name>strncpy.obj</name>
      </input_file>
      <input_file id="fl-14d">
         <path>C:\TI_CodeComposer\ccsv6\tools\compiler\arm_5.1.7\lib\</path>
         <kind>archive</kind>
         <file>rtsv7M3_T_le_eabi.lib</file>
         <name>u_divt2.obj</name>
      </input_file>
      <input_file id="fl-14e">
         <path>C:\TI_CodeComposer\ccsv6\tools\compiler\arm_5.1.7\lib\</path>
         <kind>archive</kind>
         <file>rtsv7M3_T_le_eabi.lib</file>
         <name>_lock.obj</name>
      </input_file>
      <input_file id="fl-14f">
         <path>C:\TI_CodeComposer\ccsv6\tools\compiler\arm_5.1.7\lib\</path>
         <kind>archive</kind>
         <file>rtsv7M3_T_le_eabi.lib</file>
         <name>_printfi_nf.obj</name>
      </input_file>
      <input_file id="fl-150">
         <path>C:\TI_CodeComposer\ccsv6\tools\compiler\arm_5.1.7\lib\</path>
         <kind>archive</kind>
         <file>rtsv7M3_T_le_eabi.lib</file>
         <name>args_main.obj</name>
      </input_file>
      <input_file id="fl-151">
         <path>C:\TI_CodeComposer\ccsv6\tools\compiler\arm_5.1.7\lib\</path>
         <kind>archive</kind>
         <file>rtsv7M3_T_le_eabi.lib</file>
         <name>atoi.obj</name>
      </input_file>
      <input_file id="fl-152">
         <path>C:\TI_CodeComposer\ccsv6\tools\compiler\arm_5.1.7\lib\</path>
         <kind>archive</kind>
         <file>rtsv7M3_T_le_eabi.lib</file>
         <name>auto_init.obj</name>
      </input_file>
      <input_file id="fl-153">
         <path>C:\TI_CodeComposer\ccsv6\tools\compiler\arm_5.1.7\lib\</path>
         <kind>archive</kind>
         <file>rtsv7M3_T_le_eabi.lib</file>
         <name>cpy_tbl.obj</name>
      </input_file>
      <input_file id="fl-154">
         <path>C:\TI_CodeComposer\ccsv6\tools\compiler\arm_5.1.7\lib\</path>
         <kind>archive</kind>
         <file>rtsv7M3_T_le_eabi.lib</file>
         <name>ctype.obj</name>
      </input_file>
      <input_file id="fl-155">
         <path>C:\TI_CodeComposer\ccsv6\tools\compiler\arm_5.1.7\lib\</path>
         <kind>archive</kind>
         <file>rtsv7M3_T_le_eabi.lib</file>
         <name>ll_mul_t2.obj</name>
      </input_file>
      <input_file id="fl-156">
         <path>C:\TI_CodeComposer\ccsv6\tools\compiler\arm_5.1.7\lib\</path>
         <kind>archive</kind>
         <file>rtsv7M3_T_le_eabi.lib</file>
         <name>memccpy.obj</name>
      </input_file>
      <input_file id="fl-157">
         <path>C:\TI_CodeComposer\ccsv6\tools\compiler\arm_5.1.7\lib\</path>
         <kind>archive</kind>
         <file>rtsv7M3_T_le_eabi.lib</file>
         <name>strlen.obj</name>
      </input_file>
      <input_file id="fl-158">
         <path>C:\TI_CodeComposer\ccsv6\tools\compiler\arm_5.1.7\lib\</path>
         <kind>archive</kind>
         <file>rtsv7M3_T_le_eabi.lib</file>
         <name>ull_div_t2.obj</name>
      </input_file>
   </input_file_list>
   <object_component_list>
      <object_component id="oc-d">
         <name>.intvecs</name>
         <load_address>0x0</load_address>
         <run_address>0x0</run_address>
         <size>0xf0</size>
         <input_file_ref idref="fl-5"/>
      </object_component>
      <object_component id="oc-77">
         <name>.text</name>
         <load_address>0xf0</load_address>
         <run_address>0xf0</run_address>
         <size>0x794</size>
         <input_file_ref idref="fl-9"/>
      </object_component>
      <object_component id="oc-203">
         <name>.text</name>
         <load_address>0x884</load_address>
         <run_address>0x884</run_address>
         <size>0x754</size>
         <input_file_ref idref="fl-14f"/>
      </object_component>
      <object_component id="oc-13f">
         <name>.text</name>
         <load_address>0xfd8</load_address>
         <run_address>0xfd8</run_address>
         <size>0x5ec</size>
         <input_file_ref idref="fl-8"/>
      </object_component>
      <object_component id="oc-109">
         <name>.text</name>
         <load_address>0x15c4</load_address>
         <run_address>0x15c4</run_address>
         <size>0x510</size>
         <input_file_ref idref="fl-d"/>
      </object_component>
      <object_component id="oc-214">
         <name>.text</name>
         <load_address>0x1ad4</load_address>
         <run_address>0x1ad4</run_address>
         <size>0x4a8</size>
         <input_file_ref idref="fl-e"/>
      </object_component>
      <object_component id="oc-99">
         <name>.text</name>
         <load_address>0x1f7c</load_address>
         <run_address>0x1f7c</run_address>
         <size>0x36c</size>
         <input_file_ref idref="fl-2"/>
      </object_component>
      <object_component id="oc-25a">
         <name>.text</name>
         <load_address>0x22e8</load_address>
         <run_address>0x22e8</run_address>
         <size>0x1f4</size>
         <input_file_ref idref="fl-158"/>
      </object_component>
      <object_component id="oc-153">
         <name>.text</name>
         <load_address>0x24dc</load_address>
         <run_address>0x24dc</run_address>
         <size>0x1f0</size>
         <input_file_ref idref="fl-3"/>
      </object_component>
      <object_component id="oc-d3">
         <name>.text</name>
         <load_address>0x26cc</load_address>
         <run_address>0x26cc</run_address>
         <size>0x1b4</size>
         <input_file_ref idref="fl-4"/>
      </object_component>
      <object_component id="oc-1cd">
         <name>.text:SysCtlClockGet</name>
         <load_address>0x2880</load_address>
         <run_address>0x2880</run_address>
         <size>0x198</size>
         <input_file_ref idref="fl-14"/>
      </object_component>
      <object_component id="oc-14b">
         <name>.text:SysCtlClockSet</name>
         <load_address>0x2a18</load_address>
         <run_address>0x2a18</run_address>
         <size>0x144</size>
         <input_file_ref idref="fl-14"/>
      </object_component>
      <object_component id="oc-be">
         <name>.text</name>
         <load_address>0x2b5c</load_address>
         <run_address>0x2b5c</run_address>
         <size>0x132</size>
         <input_file_ref idref="fl-7"/>
      </object_component>
      <object_component id="oc-36">
         <name>.text</name>
         <load_address>0x2c90</load_address>
         <run_address>0x2c90</run_address>
         <size>0xe8</size>
         <input_file_ref idref="fl-b"/>
      </object_component>
      <object_component id="oc-105">
         <name>.text:GPIOPadConfigSet</name>
         <load_address>0x2d78</load_address>
         <run_address>0x2d78</run_address>
         <size>0xc8</size>
         <input_file_ref idref="fl-17"/>
      </object_component>
      <object_component id="oc-54">
         <name>.text</name>
         <load_address>0x2e40</load_address>
         <run_address>0x2e40</run_address>
         <size>0x9c</size>
         <input_file_ref idref="fl-148"/>
      </object_component>
      <object_component id="oc-3f">
         <name>.text</name>
         <load_address>0x2edc</load_address>
         <run_address>0x2edc</run_address>
         <size>0x94</size>
         <input_file_ref idref="fl-152"/>
      </object_component>
      <object_component id="oc-113">
         <name>.text:SysCtlPeripheralReset</name>
         <load_address>0x2f70</load_address>
         <run_address>0x2f70</run_address>
         <size>0x88</size>
         <input_file_ref idref="fl-14"/>
      </object_component>
      <object_component id="oc-31">
         <name>.text</name>
         <load_address>0x2ff8</load_address>
         <run_address>0x2ff8</run_address>
         <size>0x80</size>
         <input_file_ref idref="fl-c"/>
      </object_component>
      <object_component id="oc-289">
         <name>.text:SysCtlPeripheralPresent</name>
         <load_address>0x3078</load_address>
         <run_address>0x3078</run_address>
         <size>0x78</size>
         <input_file_ref idref="fl-14"/>
      </object_component>
      <object_component id="oc-d9">
         <name>.text</name>
         <load_address>0x30f0</load_address>
         <run_address>0x30f0</run_address>
         <size>0x78</size>
         <input_file_ref idref="fl-149"/>
      </object_component>
      <object_component id="oc-127">
         <name>.text:ADCSequenceStepConfigure</name>
         <load_address>0x3168</load_address>
         <run_address>0x3168</run_address>
         <size>0x6c</size>
         <input_file_ref idref="fl-19"/>
      </object_component>
      <object_component id="oc-145">
         <name>.text</name>
         <load_address>0x31d4</load_address>
         <run_address>0x31d4</run_address>
         <size>0x60</size>
         <input_file_ref idref="fl-14a"/>
      </object_component>
      <object_component id="oc-67">
         <name>.text</name>
         <load_address>0x3234</load_address>
         <run_address>0x3234</run_address>
         <size>0x5e</size>
         <input_file_ref idref="fl-145"/>
      </object_component>
      <object_component id="oc-117">
         <name>.text:SysCtlPeripheralDisable</name>
         <load_address>0x3294</load_address>
         <run_address>0x3294</run_address>
         <size>0x58</size>
         <input_file_ref idref="fl-14"/>
      </object_component>
      <object_component id="oc-fd">
         <name>.text:SysCtlPeripheralEnable</name>
         <load_address>0x32ec</load_address>
         <run_address>0x32ec</run_address>
         <size>0x58</size>
         <input_file_ref idref="fl-14"/>
      </object_component>
      <object_component id="oc-270">
         <name>.text</name>
         <load_address>0x3344</load_address>
         <run_address>0x3344</run_address>
         <size>0x4c</size>
         <input_file_ref idref="fl-151"/>
      </object_component>
      <object_component id="oc-1d1">
         <name>.text:SSIConfigSetExpClk</name>
         <load_address>0x3390</load_address>
         <run_address>0x3390</run_address>
         <size>0x44</size>
         <input_file_ref idref="fl-15"/>
      </object_component>
      <object_component id="oc-92">
         <name>.text</name>
         <load_address>0x33d4</load_address>
         <run_address>0x33d4</run_address>
         <size>0x44</size>
         <input_file_ref idref="fl-153"/>
      </object_component>
      <object_component id="oc-4a">
         <name>.text</name>
         <load_address>0x3418</load_address>
         <run_address>0x3418</run_address>
         <size>0x44</size>
         <input_file_ref idref="fl-147"/>
      </object_component>
      <object_component id="oc-28d">
         <name>.text:UARTConfigSetExpClk</name>
         <load_address>0x345c</load_address>
         <run_address>0x345c</run_address>
         <size>0x42</size>
         <input_file_ref idref="fl-13"/>
      </object_component>
      <object_component id="oc-2a3">
         <name>.text</name>
         <load_address>0x349e</load_address>
         <run_address>0x349e</run_address>
         <size>0x42</size>
         <input_file_ref idref="fl-14d"/>
      </object_component>
      <object_component id="oc-10">
         <name>.text</name>
         <load_address>0x34e0</load_address>
         <run_address>0x34e0</run_address>
         <size>0x34</size>
         <input_file_ref idref="fl-143"/>
      </object_component>
      <object_component id="oc-cd">
         <name>.text</name>
         <load_address>0x3514</load_address>
         <run_address>0x3514</run_address>
         <size>0x30</size>
         <input_file_ref idref="fl-14c"/>
      </object_component>
      <object_component id="oc-137">
         <name>.text:ADCIntStatus</name>
         <load_address>0x3544</load_address>
         <run_address>0x3544</run_address>
         <size>0x2e</size>
         <input_file_ref idref="fl-19"/>
      </object_component>
      <object_component id="oc-1b7">
         <name>.text:GPIODirModeSet</name>
         <load_address>0x3572</load_address>
         <run_address>0x3572</run_address>
         <size>0x2e</size>
         <input_file_ref idref="fl-17"/>
      </object_component>
      <object_component id="oc-123">
         <name>.text:ADCSequenceConfigure</name>
         <load_address>0x35a0</load_address>
         <run_address>0x35a0</run_address>
         <size>0x2a</size>
         <input_file_ref idref="fl-19"/>
      </object_component>
      <object_component id="oc-13b">
         <name>.text:ADCSequenceDataGet</name>
         <load_address>0x35ca</load_address>
         <run_address>0x35ca</run_address>
         <size>0x20</size>
         <input_file_ref idref="fl-19"/>
      </object_component>
      <object_component id="oc-2c4">
         <name>.text:UARTDisable</name>
         <load_address>0x35ec</load_address>
         <run_address>0x35ec</run_address>
         <size>0x1c</size>
         <input_file_ref idref="fl-13"/>
      </object_component>
      <object_component id="oc-26a">
         <name>.text</name>
         <load_address>0x3608</load_address>
         <run_address>0x3608</run_address>
         <size>0x1a</size>
         <input_file_ref idref="fl-156"/>
      </object_component>
      <object_component id="oc-44">
         <name>.text</name>
         <load_address>0x3624</load_address>
         <run_address>0x3624</run_address>
         <size>0x18</size>
         <input_file_ref idref="fl-150"/>
      </object_component>
      <object_component id="oc-25f">
         <name>.text</name>
         <load_address>0x363c</load_address>
         <run_address>0x363c</run_address>
         <size>0x18</size>
         <input_file_ref idref="fl-155"/>
      </object_component>
      <object_component id="oc-133">
         <name>.text:ADCProcessorTrigger</name>
         <load_address>0x3654</load_address>
         <run_address>0x3654</run_address>
         <size>0x16</size>
         <input_file_ref idref="fl-19"/>
      </object_component>
      <object_component id="oc-291">
         <name>.text:UARTEnable</name>
         <load_address>0x366a</load_address>
         <run_address>0x366a</run_address>
         <size>0x14</size>
         <input_file_ref idref="fl-13"/>
      </object_component>
      <object_component id="oc-161">
         <name>.text</name>
         <load_address>0x3680</load_address>
         <run_address>0x3680</run_address>
         <size>0x14</size>
         <input_file_ref idref="fl-14e"/>
      </object_component>
      <object_component id="oc-264">
         <name>.text</name>
         <load_address>0x3694</load_address>
         <run_address>0x3694</run_address>
         <size>0x14</size>
         <input_file_ref idref="fl-157"/>
      </object_component>
      <object_component id="oc-101">
         <name>.text:GPIOPinTypeGPIOInput</name>
         <load_address>0x36a8</load_address>
         <run_address>0x36a8</run_address>
         <size>0x12</size>
         <input_file_ref idref="fl-17"/>
      </object_component>
      <object_component id="oc-11b">
         <name>.text:GPIOPinTypeGPIOOutput</name>
         <load_address>0x36ba</load_address>
         <run_address>0x36ba</run_address>
         <size>0x12</size>
         <input_file_ref idref="fl-17"/>
      </object_component>
      <object_component id="oc-1d5">
         <name>.text:GPIOPinTypeSSI</name>
         <load_address>0x36cc</load_address>
         <run_address>0x36cc</run_address>
         <size>0x12</size>
         <input_file_ref idref="fl-17"/>
      </object_component>
      <object_component id="oc-21a">
         <name>.text:GPIOPinTypeUART</name>
         <load_address>0x36de</load_address>
         <run_address>0x36de</run_address>
         <size>0x12</size>
         <input_file_ref idref="fl-17"/>
      </object_component>
      <object_component id="oc-1dd">
         <name>.text:SSIDataGetNonBlocking</name>
         <load_address>0x36f0</load_address>
         <run_address>0x36f0</run_address>
         <size>0x12</size>
         <input_file_ref idref="fl-15"/>
      </object_component>
      <object_component id="oc-1b">
         <name>.text:decompress:ZI</name>
         <load_address>0x3702</load_address>
         <run_address>0x3702</run_address>
         <size>0x12</size>
         <input_file_ref idref="fl-146"/>
      </object_component>
      <object_component id="oc-12b">
         <name>.text:ADCSequenceEnable</name>
         <load_address>0x3714</load_address>
         <run_address>0x3714</run_address>
         <size>0xe</size>
         <input_file_ref idref="fl-19"/>
      </object_component>
      <object_component id="oc-15">
         <name>.text:decompress:none</name>
         <load_address>0x3722</load_address>
         <run_address>0x3722</run_address>
         <size>0xe</size>
         <input_file_ref idref="fl-144"/>
      </object_component>
      <object_component id="oc-2b">
         <name>.text</name>
         <load_address>0x3730</load_address>
         <run_address>0x3730</run_address>
         <size>0xc</size>
         <input_file_ref idref="fl-5"/>
      </object_component>
      <object_component id="oc-12f">
         <name>.text:ADCIntClear</name>
         <load_address>0x373c</load_address>
         <run_address>0x373c</run_address>
         <size>0xa</size>
         <input_file_ref idref="fl-19"/>
      </object_component>
      <object_component id="oc-1c2">
         <name>.text:SSIDataPut</name>
         <load_address>0x3746</load_address>
         <run_address>0x3746</run_address>
         <size>0xa</size>
         <input_file_ref idref="fl-15"/>
      </object_component>
      <object_component id="oc-1c9">
         <name>.text:SSIDisable</name>
         <load_address>0x3750</load_address>
         <run_address>0x3750</run_address>
         <size>0xa</size>
         <input_file_ref idref="fl-15"/>
      </object_component>
      <object_component id="oc-1d9">
         <name>.text:SSIEnable</name>
         <load_address>0x375a</load_address>
         <run_address>0x375a</run_address>
         <size>0xa</size>
         <input_file_ref idref="fl-15"/>
      </object_component>
      <object_component id="oc-299">
         <name>.text:UARTCharGet</name>
         <load_address>0x3764</load_address>
         <run_address>0x3764</run_address>
         <size>0xa</size>
         <input_file_ref idref="fl-13"/>
      </object_component>
      <object_component id="oc-295">
         <name>.text:UARTCharPut</name>
         <load_address>0x376e</load_address>
         <run_address>0x376e</run_address>
         <size>0xa</size>
         <input_file_ref idref="fl-13"/>
      </object_component>
      <object_component id="oc-1be">
         <name>.text:SSIBusy</name>
         <load_address>0x3778</load_address>
         <run_address>0x3778</run_address>
         <size>0x8</size>
         <input_file_ref idref="fl-15"/>
      </object_component>
      <object_component id="oc-10f">
         <name>.text:GPIOPinRead</name>
         <load_address>0x3780</load_address>
         <run_address>0x3780</run_address>
         <size>0x6</size>
         <input_file_ref idref="fl-17"/>
      </object_component>
      <object_component id="oc-11f">
         <name>.text:GPIOPinWrite</name>
         <load_address>0x3786</load_address>
         <run_address>0x3786</run_address>
         <size>0x6</size>
         <input_file_ref idref="fl-17"/>
      </object_component>
      <object_component id="oc-210">
         <name>.text:SysCtlDelay</name>
         <load_address>0x378c</load_address>
         <run_address>0x378c</run_address>
         <size>0x6</size>
         <input_file_ref idref="fl-14"/>
      </object_component>
      <object_component id="oc-21">
         <name>.text:decompress:rle24</name>
         <load_address>0x3792</load_address>
         <run_address>0x3792</run_address>
         <size>0x6</size>
         <input_file_ref idref="fl-145"/>
      </object_component>
      <object_component id="oc-1e8">
         <name>.const:g_pucFont</name>
         <load_address>0x3798</load_address>
         <run_address>0x3798</run_address>
         <size>0x1e0</size>
         <input_file_ref idref="fl-d"/>
      </object_component>
      <object_component id="oc-2b7">
         <name>.const:.string:_ctypes_</name>
         <load_address>0x3978</load_address>
         <run_address>0x3978</run_address>
         <size>0x102</size>
         <input_file_ref idref="fl-154"/>
      </object_component>
      <object_component id="oc-192">
         <name>.const</name>
         <load_address>0x3a7a</load_address>
         <run_address>0x3a7a</run_address>
         <size>0x2</size>
         <input_file_ref idref="fl-4"/>
      </object_component>
      <object_component id="oc-244">
         <name>.const:g_pulXtals</name>
         <load_address>0x3a7c</load_address>
         <run_address>0x3a7c</run_address>
         <size>0x6c</size>
         <input_file_ref idref="fl-14"/>
      </object_component>
      <object_component id="oc-1ec">
         <name>.const:.string:g_pucRIT128x96x4Init</name>
         <load_address>0x3ae8</load_address>
         <run_address>0x3ae8</run_address>
         <size>0x4f</size>
         <input_file_ref idref="fl-d"/>
      </object_component>
      <object_component id="oc-1af">
         <name>.const</name>
         <load_address>0x3b38</load_address>
         <run_address>0x3b38</run_address>
         <size>0x40</size>
         <input_file_ref idref="fl-14"/>
      </object_component>
      <object_component id="oc-29d">
         <name>.const</name>
         <load_address>0x3b78</load_address>
         <run_address>0x3b78</run_address>
         <size>0x1c</size>
         <input_file_ref idref="fl-e"/>
      </object_component>
      <object_component id="oc-2cd">
         <name>.const:.string</name>
         <load_address>0x3b94</load_address>
         <run_address>0x3b94</run_address>
         <size>0x12</size>
         <input_file_ref idref="fl-e"/>
      </object_component>
      <object_component id="oc-1e3">
         <name>.const:.string</name>
         <load_address>0x3ba6</load_address>
         <run_address>0x3ba6</run_address>
         <size>0xc</size>
         <input_file_ref idref="fl-d"/>
      </object_component>
      <object_component id="oc-300">
         <name>.cinit..data.load</name>
         <load_address>0x3bb8</load_address>
         <run_address>0x3bb8</run_address>
         <size>0x25</size>
      </object_component>
      <object_component id="oc-2fe">
         <name>__TI_handler_table</name>
         <load_address>0x3be0</load_address>
         <run_address>0x3be0</run_address>
         <size>0xc</size>
      </object_component>
      <object_component id="oc-301">
         <name>.cinit..bss.load</name>
         <load_address>0x3bf0</load_address>
         <run_address>0x3bf0</run_address>
         <size>0x8</size>
      </object_component>
      <object_component id="oc-2ff">
         <name>__TI_cinit_table</name>
         <load_address>0x3bf8</load_address>
         <run_address>0x3bf8</run_address>
         <size>0x10</size>
      </object_component>
      <object_component id="oc-50">
         <name>.data</name>
         <load_address>0x200029e8</load_address>
         <run_address>0x200029e8</run_address>
         <size>0x4</size>
         <input_file_ref idref="fl-14b"/>
      </object_component>
      <object_component id="oc-7d">
         <name>.data</name>
         <load_address>0x20002990</load_address>
         <run_address>0x20002990</run_address>
         <size>0x30</size>
         <input_file_ref idref="fl-9"/>
      </object_component>
      <object_component id="oc-81">
         <name>.data</name>
         <load_address>0x200029c8</load_address>
         <run_address>0x200029c8</run_address>
         <size>0x8</size>
         <input_file_ref idref="fl-b"/>
      </object_component>
      <object_component id="oc-a1">
         <name>.data</name>
         <load_address>0x200029d0</load_address>
         <run_address>0x200029d0</run_address>
         <size>0x8</size>
         <input_file_ref idref="fl-14e"/>
      </object_component>
      <object_component id="oc-a4">
         <name>.data</name>
         <load_address>0x200029d8</load_address>
         <run_address>0x200029d8</run_address>
         <size>0x8</size>
         <input_file_ref idref="fl-147"/>
      </object_component>
      <object_component id="oc-186">
         <name>.data</name>
         <load_address>0x200029c0</load_address>
         <run_address>0x200029c0</run_address>
         <size>0x8</size>
         <input_file_ref idref="fl-4"/>
      </object_component>
      <object_component id="oc-21e">
         <name>.data</name>
         <load_address>0x200029e5</load_address>
         <run_address>0x200029e5</run_address>
         <size>0x2</size>
         <input_file_ref idref="fl-3"/>
      </object_component>
      <object_component id="oc-2a0">
         <name>.data</name>
         <load_address>0x200029e0</load_address>
         <run_address>0x200029e0</run_address>
         <size>0x5</size>
         <input_file_ref idref="fl-e"/>
      </object_component>
      <object_component id="oc-28">
         <name>.bss:pulStack</name>
         <uninitialized>true</uninitialized>
         <run_address>0x20002000</run_address>
         <size>0x100</size>
         <input_file_ref idref="fl-5"/>
      </object_component>
      <object_component id="oc-c4">
         <name>.bss:pxReadyTasksLists</name>
         <uninitialized>true</uninitialized>
         <run_address>0x20002100</run_address>
         <size>0x28</size>
         <input_file_ref idref="fl-9"/>
      </object_component>
      <object_component id="oc-18c">
         <name>.bss:xHeap</name>
         <uninitialized>true</uninitialized>
         <run_address>0x20000000</run_address>
         <size>0x2000</size>
         <input_file_ref idref="fl-4"/>
      </object_component>
      <object_component id="oc-14f">
         <name>.common:queue</name>
         <uninitialized>true</uninitialized>
         <run_address>0x20002188</run_address>
         <size>0x4</size>
      </object_component>
      <object_component id="oc-221">
         <name>.common:queue2</name>
         <uninitialized>true</uninitialized>
         <run_address>0x2000218c</run_address>
         <size>0x4</size>
      </object_component>
      <object_component id="oc-18f">
         <name>.common:xStart</name>
         <uninitialized>true</uninitialized>
         <run_address>0x20002174</run_address>
         <size>0x8</size>
      </object_component>
      <object_component id="oc-191">
         <name>.common:xEnd</name>
         <uninitialized>true</uninitialized>
         <run_address>0x2000216c</run_address>
         <size>0x8</size>
      </object_component>
      <object_component id="oc-df">
         <name>.common:xDelayedTaskList1</name>
         <uninitialized>true</uninitialized>
         <run_address>0x20002128</run_address>
         <size>0x14</size>
      </object_component>
      <object_component id="oc-e0">
         <name>.common:xDelayedTaskList2</name>
         <uninitialized>true</uninitialized>
         <run_address>0x2000213c</run_address>
         <size>0x14</size>
      </object_component>
      <object_component id="oc-e1">
         <name>.common:pxDelayedTaskList</name>
         <uninitialized>true</uninitialized>
         <run_address>0x20002180</run_address>
         <size>0x4</size>
      </object_component>
      <object_component id="oc-e2">
         <name>.common:pxOverflowDelayedTaskList</name>
         <uninitialized>true</uninitialized>
         <run_address>0x20002184</run_address>
         <size>0x4</size>
      </object_component>
      <object_component id="oc-de">
         <name>.common:xPendingReadyList</name>
         <uninitialized>true</uninitialized>
         <run_address>0x20002150</run_address>
         <size>0x14</size>
      </object_component>
      <object_component id="oc-1eb">
         <name>.common:g_ulSSIFlags</name>
         <uninitialized>true</uninitialized>
         <run_address>0x2000217c</run_address>
         <size>0x4</size>
      </object_component>
      <object_component id="oc-1e7">
         <name>.common:g_pucBuffer</name>
         <uninitialized>true</uninitialized>
         <run_address>0x20002164</run_address>
         <size>0x8</size>
      </object_component>
      <object_component id="oc-27">
         <name>.stack</name>
         <uninitialized>true</uninitialized>
         <run_address>0x20002190</run_address>
         <size>0x0</size>
         <input_file_ref idref="fl-143"/>
      </object_component>
      <object_component id="oc-302">
         <name>.stack</name>
         <uninitialized>true</uninitialized>
         <run_address>0x20002190</run_address>
         <size>0x0</size>
      </object_component>
      <object_component id="oc-e">
         <name>.debug_info</name>
         <load_address>0x0</load_address>
         <run_address>0x0</run_address>
         <size>0xda</size>
         <input_file_ref idref="fl-5"/>
      </object_component>
      <object_component id="oc-11">
         <name>.debug_info</name>
         <load_address>0xda</load_address>
         <run_address>0xda</run_address>
         <size>0xf3</size>
         <input_file_ref idref="fl-143"/>
      </object_component>
      <object_component id="oc-16">
         <name>.debug_info</name>
         <load_address>0x1cd</load_address>
         <run_address>0x1cd</run_address>
         <size>0x194</size>
         <input_file_ref idref="fl-144"/>
      </object_component>
      <object_component id="oc-1c">
         <name>.debug_info</name>
         <load_address>0x361</load_address>
         <run_address>0x361</run_address>
         <size>0x16a</size>
         <input_file_ref idref="fl-146"/>
      </object_component>
      <object_component id="oc-22">
         <name>.debug_info</name>
         <load_address>0x4cb</load_address>
         <run_address>0x4cb</run_address>
         <size>0x18e</size>
         <input_file_ref idref="fl-145"/>
      </object_component>
      <object_component id="oc-29">
         <name>.debug_info</name>
         <load_address>0x659</load_address>
         <run_address>0x659</run_address>
         <size>0xd1</size>
         <input_file_ref idref="fl-5"/>
      </object_component>
      <object_component id="oc-2c">
         <name>.debug_info</name>
         <load_address>0x72a</load_address>
         <run_address>0x72a</run_address>
         <size>0x1e5</size>
         <input_file_ref idref="fl-5"/>
      </object_component>
      <object_component id="oc-32">
         <name>.debug_info</name>
         <load_address>0x90f</load_address>
         <run_address>0x90f</run_address>
         <size>0x152</size>
         <input_file_ref idref="fl-c"/>
      </object_component>
      <object_component id="oc-37">
         <name>.debug_info</name>
         <load_address>0xa61</load_address>
         <run_address>0xa61</run_address>
         <size>0x6ec</size>
         <input_file_ref idref="fl-b"/>
      </object_component>
      <object_component id="oc-3e">
         <name>.debug_info</name>
         <load_address>0x114d</load_address>
         <run_address>0x114d</run_address>
         <size>0x15b</size>
         <input_file_ref idref="fl-5"/>
      </object_component>
      <object_component id="oc-41">
         <name>.debug_info</name>
         <load_address>0x12a8</load_address>
         <run_address>0x12a8</run_address>
         <size>0x13d</size>
         <input_file_ref idref="fl-152"/>
      </object_component>
      <object_component id="oc-47">
         <name>.debug_info</name>
         <load_address>0x13e5</load_address>
         <run_address>0x13e5</run_address>
         <size>0x11c</size>
         <input_file_ref idref="fl-150"/>
      </object_component>
      <object_component id="oc-4c">
         <name>.debug_info</name>
         <load_address>0x1501</load_address>
         <run_address>0x1501</run_address>
         <size>0x1c2</size>
         <input_file_ref idref="fl-147"/>
      </object_component>
      <object_component id="oc-51">
         <name>.debug_info</name>
         <load_address>0x16c3</load_address>
         <run_address>0x16c3</run_address>
         <size>0xbe</size>
         <input_file_ref idref="fl-14b"/>
      </object_component>
      <object_component id="oc-55">
         <name>.debug_info</name>
         <load_address>0x1781</load_address>
         <run_address>0x1781</run_address>
         <size>0xcc</size>
         <input_file_ref idref="fl-148"/>
      </object_component>
      <object_component id="oc-5a">
         <name>.debug_info</name>
         <load_address>0x184d</load_address>
         <run_address>0x184d</run_address>
         <size>0x46</size>
         <input_file_ref idref="fl-144"/>
      </object_component>
      <object_component id="oc-5f">
         <name>.debug_info</name>
         <load_address>0x1893</load_address>
         <run_address>0x1893</run_address>
         <size>0xf2</size>
         <input_file_ref idref="fl-144"/>
      </object_component>
      <object_component id="oc-61">
         <name>.debug_info</name>
         <load_address>0x1985</load_address>
         <run_address>0x1985</run_address>
         <size>0x46</size>
         <input_file_ref idref="fl-146"/>
      </object_component>
      <object_component id="oc-66">
         <name>.debug_info</name>
         <load_address>0x19cb</load_address>
         <run_address>0x19cb</run_address>
         <size>0xad</size>
         <input_file_ref idref="fl-146"/>
      </object_component>
      <object_component id="oc-68">
         <name>.debug_info</name>
         <load_address>0x1a78</load_address>
         <run_address>0x1a78</run_address>
         <size>0x1ef</size>
         <input_file_ref idref="fl-145"/>
      </object_component>
      <object_component id="oc-6e">
         <name>.debug_info</name>
         <load_address>0x1c67</load_address>
         <run_address>0x1c67</run_address>
         <size>0xb7</size>
         <input_file_ref idref="fl-145"/>
      </object_component>
      <object_component id="oc-6f">
         <name>.debug_info</name>
         <load_address>0x1d1e</load_address>
         <run_address>0x1d1e</run_address>
         <size>0x39</size>
         <input_file_ref idref="fl-145"/>
      </object_component>
      <object_component id="oc-78">
         <name>.debug_info</name>
         <load_address>0x1d57</load_address>
         <run_address>0x1d57</run_address>
         <size>0x1954</size>
         <input_file_ref idref="fl-9"/>
      </object_component>
      <object_component id="oc-7e">
         <name>.debug_info</name>
         <load_address>0x36ab</load_address>
         <run_address>0x36ab</run_address>
         <size>0x2eb</size>
         <input_file_ref idref="fl-9"/>
      </object_component>
      <object_component id="oc-82">
         <name>.debug_info</name>
         <load_address>0x3996</load_address>
         <run_address>0x3996</run_address>
         <size>0x12c</size>
         <input_file_ref idref="fl-b"/>
      </object_component>
      <object_component id="oc-85">
         <name>.debug_info</name>
         <load_address>0x3ac2</load_address>
         <run_address>0x3ac2</run_address>
         <size>0x20c</size>
         <input_file_ref idref="fl-b"/>
      </object_component>
      <object_component id="oc-86">
         <name>.debug_info</name>
         <load_address>0x3cce</load_address>
         <run_address>0x3cce</run_address>
         <size>0x2c</size>
         <input_file_ref idref="fl-2"/>
      </object_component>
      <object_component id="oc-8b">
         <name>.debug_info</name>
         <load_address>0x3cfa</load_address>
         <run_address>0x3cfa</run_address>
         <size>0x84</size>
         <input_file_ref idref="fl-2"/>
      </object_component>
      <object_component id="oc-93">
         <name>.debug_info</name>
         <load_address>0x3d7e</load_address>
         <run_address>0x3d7e</run_address>
         <size>0x14b</size>
         <input_file_ref idref="fl-153"/>
      </object_component>
      <object_component id="oc-9a">
         <name>.debug_info</name>
         <load_address>0x3ec9</load_address>
         <run_address>0x3ec9</run_address>
         <size>0x905</size>
         <input_file_ref idref="fl-2"/>
      </object_component>
      <object_component id="oc-a0">
         <name>.debug_info</name>
         <load_address>0x47ce</load_address>
         <run_address>0x47ce</run_address>
         <size>0x11b</size>
         <input_file_ref idref="fl-150"/>
      </object_component>
      <object_component id="oc-a2">
         <name>.debug_info</name>
         <load_address>0x48e9</load_address>
         <run_address>0x48e9</run_address>
         <size>0xc8</size>
         <input_file_ref idref="fl-14e"/>
      </object_component>
      <object_component id="oc-a5">
         <name>.debug_info</name>
         <load_address>0x49b1</load_address>
         <run_address>0x49b1</run_address>
         <size>0xeb</size>
         <input_file_ref idref="fl-147"/>
      </object_component>
      <object_component id="oc-a8">
         <name>.debug_info</name>
         <load_address>0x4a9c</load_address>
         <run_address>0x4a9c</run_address>
         <size>0x146</size>
         <input_file_ref idref="fl-147"/>
      </object_component>
      <object_component id="oc-ad">
         <name>.debug_info</name>
         <load_address>0x4be2</load_address>
         <run_address>0x4be2</run_address>
         <size>0x2c</size>
         <input_file_ref idref="fl-144"/>
      </object_component>
      <object_component id="oc-b4">
         <name>.debug_info</name>
         <load_address>0x4c0e</load_address>
         <run_address>0x4c0e</run_address>
         <size>0x2c</size>
         <input_file_ref idref="fl-146"/>
      </object_component>
      <object_component id="oc-bf">
         <name>.debug_info</name>
         <load_address>0x4c3a</load_address>
         <run_address>0x4c3a</run_address>
         <size>0x48d</size>
         <input_file_ref idref="fl-7"/>
      </object_component>
      <object_component id="oc-c5">
         <name>.debug_info</name>
         <load_address>0x50c7</load_address>
         <run_address>0x50c7</run_address>
         <size>0xe4</size>
         <input_file_ref idref="fl-9"/>
      </object_component>
      <object_component id="oc-c8">
         <name>.debug_info</name>
         <load_address>0x51ab</load_address>
         <run_address>0x51ab</run_address>
         <size>0x658</size>
         <input_file_ref idref="fl-9"/>
      </object_component>
      <object_component id="oc-ce">
         <name>.debug_info</name>
         <load_address>0x5803</load_address>
         <run_address>0x5803</run_address>
         <size>0x182</size>
         <input_file_ref idref="fl-14c"/>
      </object_component>
      <object_component id="oc-d4">
         <name>.debug_info</name>
         <load_address>0x5985</load_address>
         <run_address>0x5985</run_address>
         <size>0x474</size>
         <input_file_ref idref="fl-4"/>
      </object_component>
      <object_component id="oc-da">
         <name>.debug_info</name>
         <load_address>0x5df9</load_address>
         <run_address>0x5df9</run_address>
         <size>0xfc</size>
         <input_file_ref idref="fl-149"/>
      </object_component>
      <object_component id="oc-e4">
         <name>.debug_info</name>
         <load_address>0x5ef5</load_address>
         <run_address>0x5ef5</run_address>
         <size>0x2c</size>
         <input_file_ref idref="fl-2"/>
      </object_component>
      <object_component id="oc-ef">
         <name>.debug_info</name>
         <load_address>0x5f21</load_address>
         <run_address>0x5f21</run_address>
         <size>0x14c</size>
         <input_file_ref idref="fl-2"/>
      </object_component>
      <object_component id="oc-f4">
         <name>.debug_info</name>
         <load_address>0x606d</load_address>
         <run_address>0x606d</run_address>
         <size>0x1e3</size>
         <input_file_ref idref="fl-2"/>
      </object_component>
      <object_component id="oc-f9">
         <name>.debug_info</name>
         <load_address>0x6250</load_address>
         <run_address>0x6250</run_address>
         <size>0x8a9</size>
         <input_file_ref idref="fl-2"/>
      </object_component>
      <object_component id="oc-fc">
         <name>.debug_info</name>
         <load_address>0x6af9</load_address>
         <run_address>0x6af9</run_address>
         <size>0x148</size>
         <input_file_ref idref="fl-153"/>
      </object_component>
      <object_component id="oc-ff">
         <name>.debug_info</name>
         <load_address>0x6c41</load_address>
         <run_address>0x6c41</run_address>
         <size>0x1ea</size>
         <input_file_ref idref="fl-14"/>
      </object_component>
      <object_component id="oc-102">
         <name>.debug_info</name>
         <load_address>0x6e2b</load_address>
         <run_address>0x6e2b</run_address>
         <size>0x1f4</size>
         <input_file_ref idref="fl-17"/>
      </object_component>
      <object_component id="oc-106">
         <name>.debug_info</name>
         <load_address>0x701f</load_address>
         <run_address>0x701f</run_address>
         <size>0x25a</size>
         <input_file_ref idref="fl-17"/>
      </object_component>
      <object_component id="oc-10a">
         <name>.debug_info</name>
         <load_address>0x7279</load_address>
         <run_address>0x7279</run_address>
         <size>0xcb3</size>
         <input_file_ref idref="fl-d"/>
      </object_component>
      <object_component id="oc-110">
         <name>.debug_info</name>
         <load_address>0x7f2c</load_address>
         <run_address>0x7f2c</run_address>
         <size>0x1e4</size>
         <input_file_ref idref="fl-17"/>
      </object_component>
      <object_component id="oc-116">
         <name>.debug_info</name>
         <load_address>0x8110</load_address>
         <run_address>0x8110</run_address>
         <size>0x325</size>
         <input_file_ref idref="fl-14"/>
      </object_component>
      <object_component id="oc-119">
         <name>.debug_info</name>
         <load_address>0x8435</load_address>
         <run_address>0x8435</run_address>
         <size>0x1ec</size>
         <input_file_ref idref="fl-14"/>
      </object_component>
      <object_component id="oc-11c">
         <name>.debug_info</name>
         <load_address>0x8621</load_address>
         <run_address>0x8621</run_address>
         <size>0x1f6</size>
         <input_file_ref idref="fl-17"/>
      </object_component>
      <object_component id="oc-120">
         <name>.debug_info</name>
         <load_address>0x8817</load_address>
         <run_address>0x8817</run_address>
         <size>0x208</size>
         <input_file_ref idref="fl-17"/>
      </object_component>
      <object_component id="oc-125">
         <name>.debug_info</name>
         <load_address>0x8a1f</load_address>
         <run_address>0x8a1f</run_address>
         <size>0x27b</size>
         <input_file_ref idref="fl-19"/>
      </object_component>
      <object_component id="oc-128">
         <name>.debug_info</name>
         <load_address>0x8c9a</load_address>
         <run_address>0x8c9a</run_address>
         <size>0x2ae</size>
         <input_file_ref idref="fl-19"/>
      </object_component>
      <object_component id="oc-12c">
         <name>.debug_info</name>
         <load_address>0x8f48</load_address>
         <run_address>0x8f48</run_address>
         <size>0x205</size>
         <input_file_ref idref="fl-19"/>
      </object_component>
      <object_component id="oc-130">
         <name>.debug_info</name>
         <load_address>0x914d</load_address>
         <run_address>0x914d</run_address>
         <size>0x1f9</size>
         <input_file_ref idref="fl-19"/>
      </object_component>
      <object_component id="oc-135">
         <name>.debug_info</name>
         <load_address>0x9346</load_address>
         <run_address>0x9346</run_address>
         <size>0x209</size>
         <input_file_ref idref="fl-19"/>
      </object_component>
      <object_component id="oc-138">
         <name>.debug_info</name>
         <load_address>0x954f</load_address>
         <run_address>0x954f</run_address>
         <size>0x240</size>
         <input_file_ref idref="fl-19"/>
      </object_component>
      <object_component id="oc-13d">
         <name>.debug_info</name>
         <load_address>0x978f</load_address>
         <run_address>0x978f</run_address>
         <size>0x2f1</size>
         <input_file_ref idref="fl-19"/>
      </object_component>
      <object_component id="oc-140">
         <name>.debug_info</name>
         <load_address>0x9a80</load_address>
         <run_address>0x9a80</run_address>
         <size>0x1997</size>
         <input_file_ref idref="fl-8"/>
      </object_component>
      <object_component id="oc-146">
         <name>.debug_info</name>
         <load_address>0xb417</load_address>
         <run_address>0xb417</run_address>
         <size>0x2b5</size>
         <input_file_ref idref="fl-14a"/>
      </object_component>
      <object_component id="oc-14c">
         <name>.debug_info</name>
         <load_address>0xb6cc</load_address>
         <run_address>0xb6cc</run_address>
         <size>0x2e4</size>
         <input_file_ref idref="fl-14"/>
      </object_component>
      <object_component id="oc-151">
         <name>.debug_info</name>
         <load_address>0xb9b0</load_address>
         <run_address>0xb9b0</run_address>
         <size>0x5f1</size>
         <input_file_ref idref="fl-3"/>
      </object_component>
      <object_component id="oc-154">
         <name>.debug_info</name>
         <load_address>0xbfa1</load_address>
         <run_address>0xbfa1</run_address>
         <size>0x559</size>
         <input_file_ref idref="fl-3"/>
      </object_component>
      <object_component id="oc-15c">
         <name>.debug_info</name>
         <load_address>0xc4fa</load_address>
         <run_address>0xc4fa</run_address>
         <size>0x5e</size>
         <input_file_ref idref="fl-150"/>
      </object_component>
      <object_component id="oc-162">
         <name>.debug_info</name>
         <load_address>0xc558</load_address>
         <run_address>0xc558</run_address>
         <size>0x1d4</size>
         <input_file_ref idref="fl-14e"/>
      </object_component>
      <object_component id="oc-169">
         <name>.debug_info</name>
         <load_address>0xc72c</load_address>
         <run_address>0xc72c</run_address>
         <size>0xd9</size>
         <input_file_ref idref="fl-14e"/>
      </object_component>
      <object_component id="oc-170">
         <name>.debug_info</name>
         <load_address>0xc805</load_address>
         <run_address>0xc805</run_address>
         <size>0x139</size>
         <input_file_ref idref="fl-7"/>
      </object_component>
      <object_component id="oc-175">
         <name>.debug_info</name>
         <load_address>0xc93e</load_address>
         <run_address>0xc93e</run_address>
         <size>0x39</size>
         <input_file_ref idref="fl-9"/>
      </object_component>
      <object_component id="oc-17a">
         <name>.debug_info</name>
         <load_address>0xc977</load_address>
         <run_address>0xc977</run_address>
         <size>0xb2</size>
         <input_file_ref idref="fl-9"/>
      </object_component>
      <object_component id="oc-17f">
         <name>.debug_info</name>
         <load_address>0xca29</load_address>
         <run_address>0xca29</run_address>
         <size>0xc8</size>
         <input_file_ref idref="fl-9"/>
      </object_component>
      <object_component id="oc-185">
         <name>.debug_info</name>
         <load_address>0xcaf1</load_address>
         <run_address>0xcaf1</run_address>
         <size>0xab</size>
         <input_file_ref idref="fl-14c"/>
      </object_component>
      <object_component id="oc-187">
         <name>.debug_info</name>
         <load_address>0xcb9c</load_address>
         <run_address>0xcb9c</run_address>
         <size>0xe2</size>
         <input_file_ref idref="fl-4"/>
      </object_component>
      <object_component id="oc-18a">
         <name>.debug_info</name>
         <load_address>0xcc7e</load_address>
         <run_address>0xcc7e</run_address>
         <size>0x1fc</size>
         <input_file_ref idref="fl-4"/>
      </object_component>
      <object_component id="oc-18d">
         <name>.debug_info</name>
         <load_address>0xce7a</load_address>
         <run_address>0xce7a</run_address>
         <size>0xc6</size>
         <input_file_ref idref="fl-4"/>
      </object_component>
      <object_component id="oc-193">
         <name>.debug_info</name>
         <load_address>0xcf40</load_address>
         <run_address>0xcf40</run_address>
         <size>0xda</size>
         <input_file_ref idref="fl-4"/>
      </object_component>
      <object_component id="oc-196">
         <name>.debug_info</name>
         <load_address>0xd01a</load_address>
         <run_address>0xd01a</run_address>
         <size>0x110</size>
         <input_file_ref idref="fl-4"/>
      </object_component>
      <object_component id="oc-19e">
         <name>.debug_info</name>
         <load_address>0xd12a</load_address>
         <run_address>0xd12a</run_address>
         <size>0x46</size>
         <input_file_ref idref="fl-2"/>
      </object_component>
      <object_component id="oc-1a3">
         <name>.debug_info</name>
         <load_address>0xd170</load_address>
         <run_address>0xd170</run_address>
         <size>0x2c</size>
         <input_file_ref idref="fl-2"/>
      </object_component>
      <object_component id="oc-1aa">
         <name>.debug_info</name>
         <load_address>0xd19c</load_address>
         <run_address>0xd19c</run_address>
         <size>0xcd</size>
         <input_file_ref idref="fl-153"/>
      </object_component>
      <object_component id="oc-1b0">
         <name>.debug_info</name>
         <load_address>0xd269</load_address>
         <run_address>0xd269</run_address>
         <size>0x1b8</size>
         <input_file_ref idref="fl-14"/>
      </object_component>
      <object_component id="oc-1b2">
         <name>.debug_info</name>
         <load_address>0xd421</load_address>
         <run_address>0xd421</run_address>
         <size>0x84</size>
         <input_file_ref idref="fl-13"/>
      </object_component>
      <object_component id="oc-1b6">
         <name>.debug_info</name>
         <load_address>0xd4a5</load_address>
         <run_address>0xd4a5</run_address>
         <size>0x4cc</size>
         <input_file_ref idref="fl-14"/>
      </object_component>
      <object_component id="oc-1b8">
         <name>.debug_info</name>
         <load_address>0xd971</load_address>
         <run_address>0xd971</run_address>
         <size>0x214</size>
         <input_file_ref idref="fl-17"/>
      </object_component>
      <object_component id="oc-1bd">
         <name>.debug_info</name>
         <load_address>0xdb85</load_address>
         <run_address>0xdb85</run_address>
         <size>0x471</size>
         <input_file_ref idref="fl-17"/>
      </object_component>
      <object_component id="oc-1bf">
         <name>.debug_info</name>
         <load_address>0xdff6</load_address>
         <run_address>0xdff6</run_address>
         <size>0x1af</size>
         <input_file_ref idref="fl-15"/>
      </object_component>
      <object_component id="oc-1c3">
         <name>.debug_info</name>
         <load_address>0xe1a5</load_address>
         <run_address>0xe1a5</run_address>
         <size>0x261</size>
         <input_file_ref idref="fl-15"/>
      </object_component>
      <object_component id="oc-1c7">
         <name>.debug_info</name>
         <load_address>0xe406</load_address>
         <run_address>0xe406</run_address>
         <size>0x3fd</size>
         <input_file_ref idref="fl-d"/>
      </object_component>
      <object_component id="oc-1ca">
         <name>.debug_info</name>
         <load_address>0xe803</load_address>
         <run_address>0xe803</run_address>
         <size>0x1b1</size>
         <input_file_ref idref="fl-15"/>
      </object_component>
      <object_component id="oc-1ce">
         <name>.debug_info</name>
         <load_address>0xe9b4</load_address>
         <run_address>0xe9b4</run_address>
         <size>0x1ea</size>
         <input_file_ref idref="fl-14"/>
      </object_component>
      <object_component id="oc-1d2">
         <name>.debug_info</name>
         <load_address>0xeb9e</load_address>
         <run_address>0xeb9e</run_address>
         <size>0x396</size>
         <input_file_ref idref="fl-15"/>
      </object_component>
      <object_component id="oc-1d6">
         <name>.debug_info</name>
         <load_address>0xef34</load_address>
         <run_address>0xef34</run_address>
         <size>0x1e8</size>
         <input_file_ref idref="fl-17"/>
      </object_component>
      <object_component id="oc-1da">
         <name>.debug_info</name>
         <load_address>0xf11c</load_address>
         <run_address>0xf11c</run_address>
         <size>0x1af</size>
         <input_file_ref idref="fl-15"/>
      </object_component>
      <object_component id="oc-1de">
         <name>.debug_info</name>
         <load_address>0xf2cb</load_address>
         <run_address>0xf2cb</run_address>
         <size>0x1f9</size>
         <input_file_ref idref="fl-15"/>
      </object_component>
      <object_component id="oc-1e4">
         <name>.debug_info</name>
         <load_address>0xf4c4</load_address>
         <run_address>0xf4c4</run_address>
         <size>0x149</size>
         <input_file_ref idref="fl-d"/>
      </object_component>
      <object_component id="oc-1e9">
         <name>.debug_info</name>
         <load_address>0xf60d</load_address>
         <run_address>0xf60d</run_address>
         <size>0xdb</size>
         <input_file_ref idref="fl-d"/>
      </object_component>
      <object_component id="oc-1ed">
         <name>.debug_info</name>
         <load_address>0xf6e8</load_address>
         <run_address>0xf6e8</run_address>
         <size>0xf1</size>
         <input_file_ref idref="fl-d"/>
      </object_component>
      <object_component id="oc-1f6">
         <name>.debug_info</name>
         <load_address>0xf7d9</load_address>
         <run_address>0xf7d9</run_address>
         <size>0x466</size>
         <input_file_ref idref="fl-19"/>
      </object_component>
      <object_component id="oc-1fc">
         <name>.debug_info</name>
         <load_address>0xfc3f</load_address>
         <run_address>0xfc3f</run_address>
         <size>0x2c</size>
         <input_file_ref idref="fl-13"/>
      </object_component>
      <object_component id="oc-202">
         <name>.debug_info</name>
         <load_address>0xfc6b</load_address>
         <run_address>0xfc6b</run_address>
         <size>0x4de</size>
         <input_file_ref idref="fl-8"/>
      </object_component>
      <object_component id="oc-204">
         <name>.debug_info</name>
         <load_address>0x10149</load_address>
         <run_address>0x10149</run_address>
         <size>0x684</size>
         <input_file_ref idref="fl-14f"/>
      </object_component>
      <object_component id="oc-20a">
         <name>.debug_info</name>
         <load_address>0x107cd</load_address>
         <run_address>0x107cd</run_address>
         <size>0x170</size>
         <input_file_ref idref="fl-14a"/>
      </object_component>
      <object_component id="oc-20b">
         <name>.debug_info</name>
         <load_address>0x1093d</load_address>
         <run_address>0x1093d</run_address>
         <size>0x4e</size>
         <input_file_ref idref="fl-2"/>
      </object_component>
      <object_component id="oc-215">
         <name>.debug_info</name>
         <load_address>0x1098b</load_address>
         <run_address>0x1098b</run_address>
         <size>0x89a</size>
         <input_file_ref idref="fl-e"/>
      </object_component>
      <object_component id="oc-21b">
         <name>.debug_info</name>
         <load_address>0x11225</load_address>
         <run_address>0x11225</run_address>
         <size>0x1ea</size>
         <input_file_ref idref="fl-17"/>
      </object_component>
      <object_component id="oc-21f">
         <name>.debug_info</name>
         <load_address>0x1140f</load_address>
         <run_address>0x1140f</run_address>
         <size>0xf2</size>
         <input_file_ref idref="fl-3"/>
      </object_component>
      <object_component id="oc-22e">
         <name>.debug_info</name>
         <load_address>0x11501</load_address>
         <run_address>0x11501</run_address>
         <size>0x99</size>
         <input_file_ref idref="fl-4"/>
      </object_component>
      <object_component id="oc-23f">
         <name>.debug_info</name>
         <load_address>0x1159a</load_address>
         <run_address>0x1159a</run_address>
         <size>0x477</size>
         <input_file_ref idref="fl-15"/>
      </object_component>
      <object_component id="oc-245">
         <name>.debug_info</name>
         <load_address>0x11a11</load_address>
         <run_address>0x11a11</run_address>
         <size>0x10e</size>
         <input_file_ref idref="fl-14"/>
      </object_component>
      <object_component id="oc-255">
         <name>.debug_info</name>
         <load_address>0x11b1f</load_address>
         <run_address>0x11b1f</run_address>
         <size>0x116</size>
         <input_file_ref idref="fl-8"/>
      </object_component>
      <object_component id="oc-25c">
         <name>.debug_info</name>
         <load_address>0x11c35</load_address>
         <run_address>0x11c35</run_address>
         <size>0x13a</size>
         <input_file_ref idref="fl-158"/>
      </object_component>
      <object_component id="oc-260">
         <name>.debug_info</name>
         <load_address>0x11d6f</load_address>
         <run_address>0x11d6f</run_address>
         <size>0xd5</size>
         <input_file_ref idref="fl-155"/>
      </object_component>
      <object_component id="oc-265">
         <name>.debug_info</name>
         <load_address>0x11e44</load_address>
         <run_address>0x11e44</run_address>
         <size>0x153</size>
         <input_file_ref idref="fl-157"/>
      </object_component>
      <object_component id="oc-26b">
         <name>.debug_info</name>
         <load_address>0x11f97</load_address>
         <run_address>0x11f97</run_address>
         <size>0x160</size>
         <input_file_ref idref="fl-156"/>
      </object_component>
      <object_component id="oc-271">
         <name>.debug_info</name>
         <load_address>0x120f7</load_address>
         <run_address>0x120f7</run_address>
         <size>0x126</size>
         <input_file_ref idref="fl-151"/>
      </object_component>
      <object_component id="oc-277">
         <name>.debug_info</name>
         <load_address>0x1221d</load_address>
         <run_address>0x1221d</run_address>
         <size>0x204</size>
         <input_file_ref idref="fl-14f"/>
      </object_component>
      <object_component id="oc-278">
         <name>.debug_info</name>
         <load_address>0x12421</load_address>
         <run_address>0x12421</run_address>
         <size>0x86</size>
         <input_file_ref idref="fl-14f"/>
      </object_component>
      <object_component id="oc-27d">
         <name>.debug_info</name>
         <load_address>0x124a7</load_address>
         <run_address>0x124a7</run_address>
         <size>0x39</size>
         <input_file_ref idref="fl-14f"/>
      </object_component>
      <object_component id="oc-284">
         <name>.debug_info</name>
         <load_address>0x124e0</load_address>
         <run_address>0x124e0</run_address>
         <size>0x2c</size>
         <input_file_ref idref="fl-14a"/>
      </object_component>
      <object_component id="oc-28b">
         <name>.debug_info</name>
         <load_address>0x1250c</load_address>
         <run_address>0x1250c</run_address>
         <size>0x1f0</size>
         <input_file_ref idref="fl-14"/>
      </object_component>
      <object_component id="oc-290">
         <name>.debug_info</name>
         <load_address>0x126fc</load_address>
         <run_address>0x126fc</run_address>
         <size>0x27b</size>
         <input_file_ref idref="fl-13"/>
      </object_component>
      <object_component id="oc-294">
         <name>.debug_info</name>
         <load_address>0x12977</load_address>
         <run_address>0x12977</run_address>
         <size>0x1b4</size>
         <input_file_ref idref="fl-13"/>
      </object_component>
      <object_component id="oc-298">
         <name>.debug_info</name>
         <load_address>0x12b2b</load_address>
         <run_address>0x12b2b</run_address>
         <size>0x268</size>
         <input_file_ref idref="fl-13"/>
      </object_component>
      <object_component id="oc-29c">
         <name>.debug_info</name>
         <load_address>0x12d93</load_address>
         <run_address>0x12d93</run_address>
         <size>0x242</size>
         <input_file_ref idref="fl-13"/>
      </object_component>
      <object_component id="oc-29e">
         <name>.debug_info</name>
         <load_address>0x12fd5</load_address>
         <run_address>0x12fd5</run_address>
         <size>0x129</size>
         <input_file_ref idref="fl-e"/>
      </object_component>
      <object_component id="oc-2a1">
         <name>.debug_info</name>
         <load_address>0x130fe</load_address>
         <run_address>0x130fe</run_address>
         <size>0xd7</size>
         <input_file_ref idref="fl-e"/>
      </object_component>
      <object_component id="oc-2a5">
         <name>.debug_info</name>
         <load_address>0x131d5</load_address>
         <run_address>0x131d5</run_address>
         <size>0x137</size>
         <input_file_ref idref="fl-14d"/>
      </object_component>
      <object_component id="oc-2a9">
         <name>.debug_info</name>
         <load_address>0x1330c</load_address>
         <run_address>0x1330c</run_address>
         <size>0x267</size>
         <input_file_ref idref="fl-e"/>
      </object_component>
      <object_component id="oc-2b4">
         <name>.debug_info</name>
         <load_address>0x13573</load_address>
         <run_address>0x13573</run_address>
         <size>0x9f</size>
         <input_file_ref idref="fl-157"/>
      </object_component>
      <object_component id="oc-2b6">
         <name>.debug_info</name>
         <load_address>0x13612</load_address>
         <run_address>0x13612</run_address>
         <size>0xa6</size>
         <input_file_ref idref="fl-156"/>
      </object_component>
      <object_component id="oc-2b8">
         <name>.debug_info</name>
         <load_address>0x136b8</load_address>
         <run_address>0x136b8</run_address>
         <size>0xaf</size>
         <input_file_ref idref="fl-154"/>
      </object_component>
      <object_component id="oc-2bb">
         <name>.debug_info</name>
         <load_address>0x13767</load_address>
         <run_address>0x13767</run_address>
         <size>0xc5</size>
         <input_file_ref idref="fl-151"/>
      </object_component>
      <object_component id="oc-2be">
         <name>.debug_info</name>
         <load_address>0x1382c</load_address>
         <run_address>0x1382c</run_address>
         <size>0x46</size>
         <input_file_ref idref="fl-14f"/>
      </object_component>
      <object_component id="oc-2c7">
         <name>.debug_info</name>
         <load_address>0x13872</load_address>
         <run_address>0x13872</run_address>
         <size>0x23d</size>
         <input_file_ref idref="fl-13"/>
      </object_component>
      <object_component id="oc-2c9">
         <name>.debug_info</name>
         <load_address>0x13aaf</load_address>
         <run_address>0x13aaf</run_address>
         <size>0x47d</size>
         <input_file_ref idref="fl-13"/>
      </object_component>
      <object_component id="oc-2db">
         <name>.debug_info</name>
         <load_address>0x13f2c</load_address>
         <run_address>0x13f2c</run_address>
         <size>0xa3</size>
         <input_file_ref idref="fl-154"/>
      </object_component>
      <object_component id="oc-303">
         <name>.debug_info</name>
         <load_address>0x13fcf</load_address>
         <run_address>0x13fcf</run_address>
         <size>0xa1</size>
      </object_component>
      <object_component id="oc-f">
         <name>.debug_pubnames</name>
         <load_address>0x0</load_address>
         <run_address>0x0</run_address>
         <size>0x23</size>
         <input_file_ref idref="fl-5"/>
      </object_component>
      <object_component id="oc-12">
         <name>.debug_pubnames</name>
         <load_address>0x23</load_address>
         <run_address>0x23</run_address>
         <size>0x1f</size>
         <input_file_ref idref="fl-143"/>
      </object_component>
      <object_component id="oc-17">
         <name>.debug_pubnames</name>
         <load_address>0x42</load_address>
         <run_address>0x42</run_address>
         <size>0x2b</size>
         <input_file_ref idref="fl-144"/>
      </object_component>
      <object_component id="oc-1e">
         <name>.debug_pubnames</name>
         <load_address>0x6d</load_address>
         <run_address>0x6d</run_address>
         <size>0x25</size>
         <input_file_ref idref="fl-146"/>
      </object_component>
      <object_component id="oc-24">
         <name>.debug_pubnames</name>
         <load_address>0x92</load_address>
         <run_address>0x92</run_address>
         <size>0x2c</size>
         <input_file_ref idref="fl-145"/>
      </object_component>
      <object_component id="oc-2a">
         <name>.debug_pubnames</name>
         <load_address>0xbe</load_address>
         <run_address>0xbe</run_address>
         <size>0x1f</size>
         <input_file_ref idref="fl-5"/>
      </object_component>
      <object_component id="oc-2e">
         <name>.debug_pubnames</name>
         <load_address>0xdd</load_address>
         <run_address>0xdd</run_address>
         <size>0x4c</size>
         <input_file_ref idref="fl-5"/>
      </object_component>
      <object_component id="oc-34">
         <name>.debug_pubnames</name>
         <load_address>0x129</load_address>
         <run_address>0x129</run_address>
         <size>0x49</size>
         <input_file_ref idref="fl-c"/>
      </object_component>
      <object_component id="oc-39">
         <name>.debug_pubnames</name>
         <load_address>0x172</load_address>
         <run_address>0x172</run_address>
         <size>0xd2</size>
         <input_file_ref idref="fl-b"/>
      </object_component>
      <object_component id="oc-43">
         <name>.debug_pubnames</name>
         <load_address>0x244</load_address>
         <run_address>0x244</run_address>
         <size>0x37</size>
         <input_file_ref idref="fl-152"/>
      </object_component>
      <object_component id="oc-49">
         <name>.debug_pubnames</name>
         <load_address>0x27b</load_address>
         <run_address>0x27b</run_address>
         <size>0x21</size>
         <input_file_ref idref="fl-150"/>
      </object_component>
      <object_component id="oc-4d">
         <name>.debug_pubnames</name>
         <load_address>0x29c</load_address>
         <run_address>0x29c</run_address>
         <size>0x35</size>
         <input_file_ref idref="fl-147"/>
      </object_component>
      <object_component id="oc-52">
         <name>.debug_pubnames</name>
         <load_address>0x2d1</load_address>
         <run_address>0x2d1</run_address>
         <size>0x23</size>
         <input_file_ref idref="fl-14b"/>
      </object_component>
      <object_component id="oc-57">
         <name>.debug_pubnames</name>
         <load_address>0x2f4</load_address>
         <run_address>0x2f4</run_address>
         <size>0x1d</size>
         <input_file_ref idref="fl-148"/>
      </object_component>
      <object_component id="oc-6a">
         <name>.debug_pubnames</name>
         <load_address>0x311</load_address>
         <run_address>0x311</run_address>
         <size>0x2f</size>
         <input_file_ref idref="fl-145"/>
      </object_component>
      <object_component id="oc-7a">
         <name>.debug_pubnames</name>
         <load_address>0x340</load_address>
         <run_address>0x340</run_address>
         <size>0x246</size>
         <input_file_ref idref="fl-9"/>
      </object_component>
      <object_component id="oc-7f">
         <name>.debug_pubnames</name>
         <load_address>0x586</load_address>
         <run_address>0x586</run_address>
         <size>0x10a</size>
         <input_file_ref idref="fl-9"/>
      </object_component>
      <object_component id="oc-83">
         <name>.debug_pubnames</name>
         <load_address>0x690</load_address>
         <run_address>0x690</run_address>
         <size>0x3e</size>
         <input_file_ref idref="fl-b"/>
      </object_component>
      <object_component id="oc-95">
         <name>.debug_pubnames</name>
         <load_address>0x6ce</load_address>
         <run_address>0x6ce</run_address>
         <size>0x1e</size>
         <input_file_ref idref="fl-153"/>
      </object_component>
      <object_component id="oc-9c">
         <name>.debug_pubnames</name>
         <load_address>0x6ec</load_address>
         <run_address>0x6ec</run_address>
         <size>0x59</size>
         <input_file_ref idref="fl-2"/>
      </object_component>
      <object_component id="oc-a3">
         <name>.debug_pubnames</name>
         <load_address>0x745</load_address>
         <run_address>0x745</run_address>
         <size>0x28</size>
         <input_file_ref idref="fl-14e"/>
      </object_component>
      <object_component id="oc-a6">
         <name>.debug_pubnames</name>
         <load_address>0x76d</load_address>
         <run_address>0x76d</run_address>
         <size>0x3a</size>
         <input_file_ref idref="fl-147"/>
      </object_component>
      <object_component id="oc-c1">
         <name>.debug_pubnames</name>
         <load_address>0x7a7</load_address>
         <run_address>0x7a7</run_address>
         <size>0x72</size>
         <input_file_ref idref="fl-7"/>
      </object_component>
      <object_component id="oc-c6">
         <name>.debug_pubnames</name>
         <load_address>0x819</load_address>
         <run_address>0x819</run_address>
         <size>0x28</size>
         <input_file_ref idref="fl-9"/>
      </object_component>
      <object_component id="oc-c9">
         <name>.debug_pubnames</name>
         <load_address>0x841</load_address>
         <run_address>0x841</run_address>
         <size>0x88</size>
         <input_file_ref idref="fl-9"/>
      </object_component>
[...]
      </symbol>
      <symbol id="sm-277">
         <name>vTaskPlaceOnEventList</name>
         <value>0x5b1</value>
         <object_component_ref idref="oc-77"/>
      </symbol>
      <symbol id="sm-278">
         <name>xTaskCheckForTimeOut</name>
         <value>0x685</value>
         <object_component_ref idref="oc-77"/>
      </symbol>
      <symbol id="sm-279">
         <name>vTaskStartScheduler</name>
         <value>0x2cb</value>
         <object_component_ref idref="oc-77"/>
      </symbol>
      <symbol id="sm-27a">
         <name>vTaskDelayUntil</name>
         <value>0x20b</value>
         <object_component_ref idref="oc-77"/>
      </symbol>
      <symbol id="sm-27b">
         <name>vTaskEndScheduler</name>
         <value>0x311</value>
         <object_component_ref idref="oc-77"/>
      </symbol>
      <symbol id="sm-27c">
         <name>vTaskMissedYield</name>
         <value>0x6e9</value>
         <object_component_ref idref="oc-77"/>
      </symbol>
      <symbol id="sm-27d">
         <name>uxTaskGetNumberOfTasks</name>
         <value>0x425</value>
         <object_component_ref idref="oc-77"/>
      </symbol>
      <symbol id="sm-27e">
         <name>xTaskResumeAll</name>
         <value>0x32d</value>
         <object_component_ref idref="oc-77"/>
      </symbol>
      <symbol id="sm-27f">
         <name>xTaskGetTickCount</name>
         <value>0x3f5</value>
         <object_component_ref idref="oc-77"/>
      </symbol>
      <symbol id="sm-280">
         <name>xTaskGenericCreate</name>
         <value>0xf1</value>
         <object_component_ref idref="oc-77"/>
      </symbol>
      <symbol id="sm-281">
         <name>pxCurrentTCB</name>
         <value>0x20002990</value>
         <object_component_ref idref="oc-7d"/>
      </symbol>
      <symbol id="sm-282">
         <name>xTaskGetTickCountFromISR</name>
         <value>0x40d</value>
         <object_component_ref idref="oc-77"/>
      </symbol>
      <symbol id="sm-283">
         <name>vTaskSetTimeOutState</name>
         <value>0x661</value>
         <object_component_ref idref="oc-77"/>
      </symbol>
      <symbol id="sm-284">
         <name>vTaskIncrementTick</name>
         <value>0x43d</value>
         <object_component_ref idref="oc-77"/>
      </symbol>
      <symbol id="sm-285">
         <name>vTaskSwitchContext</name>
         <value>0x541</value>
         <object_component_ref idref="oc-77"/>
      </symbol>
      <symbol id="sm-286">
         <name>xTaskRemoveFromEventList</name>
         <value>0x5ed</value>
         <object_component_ref idref="oc-77"/>
      </symbol>
      <symbol id="sm-2ab">
         <name>vPortSetupTimerInterrupt</name>
         <value>0x2d4f</value>
         <object_component_ref idref="oc-36"/>
      </symbol>
      <symbol id="sm-2ac">
         <name>vPortEndScheduler</name>
         <value>0x2d01</value>
         <object_component_ref idref="oc-36"/>
      </symbol>
      <symbol id="sm-2ad">
         <name>xPortSysTickCount</name>
         <value>0x200029cc</value>
         <object_component_ref idref="oc-81"/>
      </symbol>
      <symbol id="sm-2ae">
         <name>xPortSysTickHandler</name>
         <value>0x2d35</value>
         <object_component_ref idref="oc-36"/>
      </symbol>
      <symbol id="sm-2af">
         <name>vPortYieldFromISR</name>
         <value>0x2d03</value>
         <object_component_ref idref="oc-36"/>
      </symbol>
      <symbol id="sm-2b0">
         <name>pxPortInitialiseStack</name>
         <value>0x2c91</value>
         <object_component_ref idref="oc-36"/>
      </symbol>
      <symbol id="sm-2b1">
         <name>vPortExitCritical</name>
         <value>0x2d1d</value>
         <object_component_ref idref="oc-36"/>
      </symbol>
      <symbol id="sm-2b2">
         <name>xPortStartScheduler</name>
         <value>0x2cd9</value>
         <object_component_ref idref="oc-36"/>
      </symbol>
      <symbol id="sm-2b3">
         <name>vPortEnterCritical</name>
         <value>0x2d0d</value>
         <object_component_ref idref="oc-36"/>
      </symbol>
      <symbol id="sm-2c1">
         <name>vPortStartFirstTask</name>
         <value>0x3067</value>
         <object_component_ref idref="oc-31"/>
      </symbol>
      <symbol id="sm-2c2">
         <name>xPortPendSVHandler</name>
         <value>0x2ff9</value>
         <object_component_ref idref="oc-31"/>
      </symbol>
      <symbol id="sm-2c3">
         <name>vPortClearInterruptMask</name>
         <value>0x3043</value>
         <object_component_ref idref="oc-31"/>
      </symbol>
      <symbol id="sm-2c4">
         <name>ulPortSetInterruptMask</name>
         <value>0x3035</value>
         <object_component_ref idref="oc-31"/>
      </symbol>
      <symbol id="sm-2c5">
         <name>vPortSVCHandler</name>
         <value>0x3049</value>
         <object_component_ref idref="oc-31"/>
      </symbol>
      <symbol id="sm-336">
         <name>RIT128x96x4StringDraw</name>
         <value>0x1729</value>
         <object_component_ref idref="oc-109"/>
      </symbol>
      <symbol id="sm-337">
         <name>RIT128x96x4DisplayOn</name>
         <value>0x1a69</value>
         <object_component_ref idref="oc-109"/>
      </symbol>
      <symbol id="sm-338">
         <name>RIT128x96x4Enable</name>
         <value>0x18f1</value>
         <object_component_ref idref="oc-109"/>
      </symbol>
      <symbol id="sm-339">
         <name>RIT128x96x4Clear</name>
         <value>0x16cd</value>
         <object_component_ref idref="oc-109"/>
      </symbol>
      <symbol id="sm-33a">
         <name>RIT128x96x4Disable</name>
         <value>0x194b</value>
         <object_component_ref idref="oc-109"/>
      </symbol>
      <symbol id="sm-33b">
         <name>RIT128x96x4DisplayOff</name>
         <value>0x1a9d</value>
         <object_component_ref idref="oc-109"/>
      </symbol>
      <symbol id="sm-33c">
         <name>RIT128x96x4ImageDraw</name>
         <value>0x1869</value>
         <object_component_ref idref="oc-109"/>
      </symbol>
      <symbol id="sm-33d">
         <name>RIT128x96x4Init</name>
         <value>0x19c5</value>
         <object_component_ref idref="oc-109"/>
      </symbol>
      <symbol id="sm-3a3">
         <name>UARTgetc</name>
         <value>0x1c45</value>
         <object_component_ref idref="oc-214"/>
      </symbol>
      <symbol id="sm-3a4">
         <name>UARTgets</name>
         <value>0x1b8d</value>
         <object_component_ref idref="oc-214"/>
      </symbol>
      <symbol id="sm-3a5">
         <name>UARTStdioConfig</name>
         <value>0x1ad5</value>
         <object_component_ref idref="oc-214"/>
      </symbol>
      <symbol id="sm-3a6">
         <name>UARTStdioInit</name>
         <value>0x1b1b</value>
         <object_component_ref idref="oc-214"/>
      </symbol>
      <symbol id="sm-3a7">
         <name>UARTStdioInitExpClk</name>
         <value>0x1b31</value>
         <object_component_ref idref="oc-214"/>
      </symbol>
      <symbol id="sm-3a8">
         <name>UARTwrite</name>
         <value>0x1b47</value>
         <object_component_ref idref="oc-214"/>
      </symbol>
      <symbol id="sm-3a9">
         <name>UARTprintf</name>
         <value>0x1c6d</value>
         <object_component_ref idref="oc-214"/>
      </symbol>
      <symbol id="sm-3e1">
         <name>UARTConfigSetExpClk</name>
         <value>0x345d</value>
         <object_component_ref idref="oc-28d"/>
      </symbol>
      <symbol id="sm-3e2">
         <name>UARTDisable</name>
         <value>0x35ed</value>
         <object_component_ref idref="oc-2c4"/>
      </symbol>
      <symbol id="sm-3e3">
         <name>UARTCharPut</name>
         <value>0x376f</value>
         <object_component_ref idref="oc-295"/>
      </symbol>
      <symbol id="sm-3e4">
         <name>UARTEnable</name>
         <value>0x366b</value>
         <object_component_ref idref="oc-291"/>
      </symbol>
      <symbol id="sm-3e5">
         <name>UARTCharGet</name>
         <value>0x3765</value>
         <object_component_ref idref="oc-299"/>
      </symbol>
      <symbol id="sm-488">
         <name>SysCtlPeripheralPresent</name>
         <value>0x3079</value>
         <object_component_ref idref="oc-289"/>
      </symbol>
      <symbol id="sm-489">
         <name>SysCtlClockSet</name>
         <value>0x2a19</value>
         <object_component_ref idref="oc-14b"/>
      </symbol>
      <symbol id="sm-48a">
         <name>SysCtlDelay</name>
         <value>0x378d</value>
         <object_component_ref idref="oc-210"/>
      </symbol>
      <symbol id="sm-48b">
         <name>SysCtlPeripheralEnable</name>
         <value>0x32ed</value>
         <object_component_ref idref="oc-fd"/>
      </symbol>
      <symbol id="sm-48c">
         <name>SysCtlClockGet</name>
         <value>0x2881</value>
         <object_component_ref idref="oc-1cd"/>
      </symbol>
      <symbol id="sm-48d">
         <name>SysCtlPeripheralDisable</name>
         <value>0x3295</value>
         <object_component_ref idref="oc-117"/>
      </symbol>
      <symbol id="sm-48e">
         <name>SysCtlPeripheralReset</name>
         <value>0x2f71</value>
         <object_component_ref idref="oc-113"/>
      </symbol>
      <symbol id="sm-4c2">
         <name>SSIDataPut</name>
         <value>0x3747</value>
         <object_component_ref idref="oc-1c2"/>
      </symbol>
      <symbol id="sm-4c3">
         <name>SSIDataGetNonBlocking</name>
         <value>0x36f1</value>
         <object_component_ref idref="oc-1dd"/>
      </symbol>
      <symbol id="sm-4c4">
         <name>SSIConfigSetExpClk</name>
         <value>0x3391</value>
         <object_component_ref idref="oc-1d1"/>
      </symbol>
      <symbol id="sm-4c5">
         <name>SSIEnable</name>
         <value>0x375b</value>
         <object_component_ref idref="oc-1d9"/>
      </symbol>
      <symbol id="sm-4c6">
         <name>SSIBusy</name>
         <value>0x3779</value>
         <object_component_ref idref="oc-1be"/>
      </symbol>
      <symbol id="sm-4c7">
         <name>SSIDisable</name>
         <value>0x3751</value>
         <object_component_ref idref="oc-1c9"/>
      </symbol>
      <symbol id="sm-513">
         <name>GPIOPinTypeGPIOInput</name>
         <value>0x36a9</value>
         <object_component_ref idref="oc-101"/>
      </symbol>
      <symbol id="sm-514">
         <name>GPIOPinTypeUART</name>
         <value>0x36df</value>
         <object_component_ref idref="oc-21a"/>
      </symbol>
      <symbol id="sm-515">
         <name>GPIOPinTypeGPIOOutput</name>
         <value>0x36bb</value>
         <object_component_ref idref="oc-11b"/>
      </symbol>
      <symbol id="sm-516">
         <name>GPIOPinRead</name>
         <value>0x3781</value>
         <object_component_ref idref="oc-10f"/>
      </symbol>
      <symbol id="sm-517">
         <name>GPIODirModeSet</name>
         <value>0x3573</value>
         <object_component_ref idref="oc-1b7"/>
      </symbol>
      <symbol id="sm-518">
         <name>GPIOPinWrite</name>
         <value>0x3787</value>
         <object_component_ref idref="oc-11f"/>
      </symbol>
      <symbol id="sm-519">
         <name>GPIOPadConfigSet</name>
         <value>0x2d79</value>
         <object_component_ref idref="oc-105"/>
      </symbol>
      <symbol id="sm-51a">
         <name>GPIOPinTypeSSI</name>
         <value>0x36cd</value>
         <object_component_ref idref="oc-1d5"/>
      </symbol>
      <symbol id="sm-557">
         <name>ADCProcessorTrigger</name>
         <value>0x3655</value>
         <object_component_ref idref="oc-133"/>
      </symbol>
      <symbol id="sm-558">
         <name>ADCSequenceEnable</name>
         <value>0x3715</value>
         <object_component_ref idref="oc-12b"/>
      </symbol>
      <symbol id="sm-559">
         <name>ADCSequenceConfigure</name>
         <value>0x35a1</value>
         <object_component_ref idref="oc-123"/>
      </symbol>
      <symbol id="sm-55a">
         <name>ADCSequenceStepConfigure</name>
         <value>0x3169</value>
         <object_component_ref idref="oc-127"/>
      </symbol>
      <symbol id="sm-55b">
         <name>ADCIntClear</name>
         <value>0x373d</value>
         <object_component_ref idref="oc-12f"/>
      </symbol>
      <symbol id="sm-55c">
         <name>ADCIntStatus</name>
         <value>0x3545</value>
         <object_component_ref idref="oc-137"/>
      </symbol>
      <symbol id="sm-55d">
         <name>ADCSequenceDataGet</name>
         <value>0x35cb</value>
         <object_component_ref idref="oc-13b"/>
      </symbol>
      <symbol id="sm-56c">
         <name>_c_int00</name>
         <value>0x34e1</value>
         <object_component_ref idref="oc-10"/>
      </symbol>
      <symbol id="sm-56d">
         <name>__stack</name>
         <value>0x20002190</value>
         <object_component_ref idref="oc-27"/>
      </symbol>
      <symbol id="sm-584">
         <name>__TI_decompress_none</name>
         <value>0x3723</value>
         <object_component_ref idref="oc-15"/>
      </symbol>
      <symbol id="sm-5a8">
         <name>__TI_decompress_rle24</name>
         <value>0x3793</value>
         <object_component_ref idref="oc-21"/>
      </symbol>
      <symbol id="sm-5c1">
         <name>__TI_zero_init</name>
         <value>0x3703</value>
         <object_component_ref idref="oc-1b"/>
      </symbol>
      <symbol id="sm-5e0">
         <name>C$$EXIT</name>
         <value>0x3419</value>
         <object_component_ref idref="oc-4a"/>
      </symbol>
      <symbol id="sm-5e1">
         <name>abort</name>
         <value>0x341d</value>
         <object_component_ref idref="oc-4a"/>
      </symbol>
      <symbol id="sm-5e2">
         <name>exit</name>
         <value>0x3425</value>
         <object_component_ref idref="oc-4a"/>
      </symbol>
      <symbol id="sm-5e3">
         <name>__TI_dtors_ptr</name>
         <value>0x200029dc</value>
         <object_component_ref idref="oc-a4"/>
      </symbol>
      <symbol id="sm-5e4">
         <name>__TI_cleanup_ptr</name>
         <value>0x200029d8</value>
         <object_component_ref idref="oc-a4"/>
      </symbol>
      <symbol id="sm-5ff">
         <name>memcpy</name>
         <value>0x2e41</value>
         <object_component_ref idref="oc-54"/>
      </symbol>
      <symbol id="sm-600">
         <name>__aeabi_memcpy</name>
         <value>0x2e41</value>
         <object_component_ref idref="oc-54"/>
      </symbol>
      <symbol id="sm-601">
         <name>__aeabi_memcpy8</name>
         <value>0x2e41</value>
         <object_component_ref idref="oc-54"/>
      </symbol>
      <symbol id="sm-602">
         <name>__aeabi_memcpy4</name>
         <value>0x2e41</value>
         <object_component_ref idref="oc-54"/>
      </symbol>
      <symbol id="sm-611">
         <name>__aeabi_memset</name>
         <value>0x30f3</value>
         <object_component_ref idref="oc-d9"/>
      </symbol>
      <symbol id="sm-612">
         <name>memset</name>
         <value>0x30f9</value>
         <object_component_ref idref="oc-d9"/>
      </symbol>
      <symbol id="sm-613">
         <name>__aeabi_memset8</name>
         <value>0x30f3</value>
         <object_component_ref idref="oc-d9"/>
      </symbol>
      <symbol id="sm-614">
         <name>__aeabi_memset4</name>
         <value>0x30f3</value>
         <object_component_ref idref="oc-d9"/>
      </symbol>
      <symbol id="sm-615">
         <name>__aeabi_memclr8</name>
         <value>0x30f1</value>
         <object_component_ref idref="oc-d9"/>
      </symbol>
      <symbol id="sm-616">
         <name>__aeabi_memclr4</name>
         <value>0x30f1</value>
         <object_component_ref idref="oc-d9"/>
      </symbol>
      <symbol id="sm-617">
         <name>__aeabi_memclr</name>
         <value>0x30f1</value>
         <object_component_ref idref="oc-d9"/>
      </symbol>
      <symbol id="sm-630">
         <name>sprintf</name>
         <value>0x31d5</value>
         <object_component_ref idref="oc-145"/>
      </symbol>
      <symbol id="sm-638">
         <name>main_func_sp</name>
         <value>0x200029e8</value>
         <object_component_ref idref="oc-50"/>
      </symbol>
      <symbol id="sm-648">
         <name>strncpy</name>
         <value>0x3515</value>
         <object_component_ref idref="oc-cd"/>
      </symbol>
      <symbol id="sm-658">
         <name>__aeabi_uidivmod</name>
         <value>0x349f</value>
         <object_component_ref idref="oc-2a3"/>
      </symbol>
      <symbol id="sm-671">
         <name>_nop</name>
         <value>0x368f</value>
         <object_component_ref idref="oc-161"/>
      </symbol>
      <symbol id="sm-672">
         <name>_lock</name>
         <value>0x200029d0</value>
         <object_component_ref idref="oc-a1"/>
      </symbol>
      <symbol id="sm-673">
         <name>_unlock</name>
         <value>0x200029d4</value>
         <object_component_ref idref="oc-a1"/>
      </symbol>
      <symbol id="sm-674">
         <name>_register_lock</name>
         <value>0x3687</value>
         <object_component_ref idref="oc-161"/>
      </symbol>
      <symbol id="sm-675">
         <name>_register_unlock</name>
         <value>0x3681</value>
         <object_component_ref idref="oc-161"/>
      </symbol>
      <symbol id="sm-6f5">
         <name>__TI_printfi_nofloat</name>
         <value>0xcd1</value>
         <object_component_ref idref="oc-203"/>
      </symbol>
      <symbol id="sm-709">
         <name>_args_main</name>
         <value>0x3625</value>
         <object_component_ref idref="oc-44"/>
      </symbol>
      <symbol id="sm-71f">
         <name>atoi</name>
         <value>0x3345</value>
         <object_component_ref idref="oc-270"/>
      </symbol>
      <symbol id="sm-73c">
         <name>__TI_auto_init</name>
         <value>0x2edd</value>
         <object_component_ref idref="oc-3f"/>
      </symbol>
      <symbol id="sm-755">
         <name>copy_in</name>
         <value>0x33d5</value>
         <object_component_ref idref="oc-92"/>
      </symbol>
      <symbol id="sm-760">
         <name>_ctypes_</name>
         <value>0x3978</value>
         <object_component_ref idref="oc-2b7"/>
      </symbol>
      <symbol id="sm-769">
         <name>__aeabi_lmul</name>
         <value>0x363d</value>
         <object_component_ref idref="oc-25f"/>
      </symbol>
      <symbol id="sm-779">
         <name>memccpy</name>
         <value>0x3609</value>
         <object_component_ref idref="oc-26a"/>
      </symbol>
      <symbol id="sm-787">
         <name>strlen</name>
         <value>0x3695</value>
         <object_component_ref idref="oc-264"/>
      </symbol>
      <symbol id="sm-7a3">
         <name>__aeabi_uldivmod</name>
         <value>0x22e9</value>
         <object_component_ref idref="oc-25a"/>
      </symbol>
      <symbol id="sm-7a4">
         <name>__TI_static_base__</name>
         <value>0x0</value>
      </symbol>
      <symbol id="sm-7a5">
         <name>__TI_args_main</name>
         <value>0x1</value>
      </symbol>
      <symbol id="sm-7a6">
         <name>SHT$$INIT_ARRAY$$Limit</name>
         <value>0x0</value>
      </symbol>
      <symbol id="sm-7a7">
         <name>SHT$$INIT_ARRAY$$Base</name>
         <value>0x0</value>
      </symbol>
   </symbol_table>
   <title>Link successful</title>
</link_info>
