******************************************************************************
                  TI ARM Linker PC v5.1.7                      
******************************************************************************
>> Linked Tue Nov 11 08:25:54 2014

OUTPUT FILE NAME:   <Task_Blinky.out>
ENTRY POINT SYMBOL: "_c_int00"  address: 00001c95


MEMORY CONFIGURATION

         name            origin    length      used     unused   attr    fill
----------------------  --------  ---------  --------  --------  ----  --------
  FLASH                 00000000   00040000  0000236e  0003dc92  R  X
  SRAM                  20000000   00010000  0000085c  0000f7a4  RW X


SEGMENT ALLOCATION MAP

run origin  load origin   length   init length attrs members
----------  ----------- ---------- ----------- ----- -------
00000000    00000000    00002370   00002370    r-x
  00000000    00000000    000000f0   000000f0    r-- .intvecs
  000000f0    000000f0    00001e04   00001e04    r-x .text
  00001ef4    00001ef4    0000041a   0000041a    r-- .const
  00002310    00002310    00000060   00000060    r-- .cinit
20000000    20000000    0000085c   00000000    rw-
  20000000    20000000    00000800   00000000    rw- .stack
  20000800    20000800    0000004c   00000000    rw- .data
  2000084c    2000084c    00000010   00000000    rw- .bss


SECTION ALLOCATION MAP

 output                                  attributes/
section   page    origin      length       input sections
--------  ----  ----------  ----------   ----------------
.intvecs   0    00000000    000000f0     
                  00000000    000000f0     new_startup_ccs.obj (.intvecs)

.init_array 
*          0    00000000    00000000     UNINITIALIZED

.text      0    000000f0    00001e04     
                  000000f0    00000754     rtsv7M3_T_le_eabi.lib : _printfi_nf.obj (.text)
                  00000844    0000020e     uartstdio.obj (.text:UARTprintf)
                  00000a52    000001f4     rtsv7M3_T_le_eabi.lib : ull_div_t2.obj (.text)
                  00000c46    00000002     new_startup_ccs.obj (.text:FaultISR)
                  00000c48    00000198     driverlib-cm3.lib : sysctl.obj (.text:SysCtlClockGet)
                  00000de0    00000144                       : sysctl.obj (.text:SysCtlClockSet)
                  00000f24    00000114     SpeakerBuzz.obj (.text:buttonExecute)
                  00001038    000000d4     rit128x96x4.obj (.text:RIT128x96x4StringDraw)
                  0000110c    000000c8     driverlib-cm3.lib : gpio.obj (.text:GPIOPadConfigSet)
                  000011d4    000000a8     SpeakerBuzz.obj (.text:SysTickInit)
                  0000127c    000000a4     rit128x96x4.obj (.text:RIT128x96x4Init)
                  00001320    0000009c     rtsv7M3_T_le_eabi.lib : memcpy_t2.obj (.text)
                  000013bc    00000094                           : auto_init.obj (.text)
                  00001450    00000088     driverlib-cm3.lib : sysctl.obj (.text:SysCtlPeripheralReset)
                  000014d8    00000078                       : sysctl.obj (.text:SysCtlPeripheralPresent)
                  00001550    00000078     rtsv7M3_T_le_eabi.lib : memset_t2.obj (.text)
                  000015c8    00000060     rit128x96x4.obj (.text:RIT128x96x4Enable)
                  00001628    00000060     rit128x96x4.obj (.text:RITWriteCommand)
                  00001688    00000060     rit128x96x4.obj (.text:RITWriteData)
                  000016e8    00000060     rtsv7M3_T_le_eabi.lib : sprintf.obj (.text)
                  00001748    0000005e                           : copy_decompress_rle.obj (.text)
                  000017a6    00000002     new_startup_ccs.obj (.text:IntDefaultHandler)
                  000017a8    0000005c     SpeakerBuzz.obj (.text:buttonInit)
                  00001804    0000005c     SpeakerBuzz.obj (.text:speakerInit)
                  00001860    00000058     driverlib-cm3.lib : sysctl.obj (.text:SysCtlPeripheralDisable)
                  000018b8    00000058                       : sysctl.obj (.text:SysCtlPeripheralEnable)
                  00001910    00000050     SpeakerBuzz.obj (.text:SpeakerBuzz_Execute)
                  00001960    0000004c     SpeakerBuzz.obj (.text:TickDisplayExecute)
                  000019ac    0000004c     rtsv7M3_T_le_eabi.lib : atoi.obj (.text)
                  000019f8    00000048     rit128x96x4.obj (.text:RIT128x96x4Clear)
                  00001a40    00000044     SpeakerBuzz.obj (.text:BlinkExecute)
                  00001a84    00000044     SpeakerBuzz.obj (.text:BlinkInit)
                  00001ac8    00000044     driverlib-cm3.lib : ssi.obj (.text:SSIConfigSetExpClk)
                  00001b0c    00000044     uartstdio.obj (.text:UARTStdioInitExpClk)
                  00001b50    00000044     rtsv7M3_T_le_eabi.lib : cpy_tbl.obj (.text)
                  00001b94    00000044                           : exit.obj (.text)
                  00001bd8    00000042     driverlib-cm3.lib : uart.obj (.text:UARTConfigSetExpClk)
                  00001c1a    00000042     rtsv7M3_T_le_eabi.lib : u_divt2.obj (.text)
                  00001c5c    00000038     uartstdio.obj (.text:UARTwrite)
                  00001c94    00000034     rtsv7M3_T_le_eabi.lib : boot.obj (.text)
                  00001cc8    0000002e     driverlib-cm3.lib : gpio.obj (.text:GPIODirModeSet)
                  00001cf6    00000002     new_startup_ccs.obj (.text:NmiSR)
                  00001cf8    00000028     SpeakerBuzz.obj (.text:TickDisplayInit)
                  00001d20    00000028     SpeakerBuzz.obj (.text:main)
                  00001d48    0000001c     driverlib-cm3.lib : uart.obj (.text:UARTDisable)
                  00001d64    0000001a     rtsv7M3_T_le_eabi.lib : memccpy.obj (.text)
                  00001d7e    00000002     --HOLE-- [fill = 0]
                  00001d80    00000018                           : args_main.obj (.text)
                  00001d98    00000018                           : ll_mul_t2.obj (.text)
                  00001db0    00000014     driverlib-cm3.lib : systick.obj (.text:SysTickEnable)
                  00001dc4    00000014                       : systick.obj (.text:SysTickIntEnable)
                  00001dd8    00000014                       : uart.obj (.text:UARTEnable)
                  00001dec    00000014     rtsv7M3_T_le_eabi.lib : _lock.obj (.text)
                  00001e00    00000014                           : strlen.obj (.text)
                  00001e14    00000012     driverlib-cm3.lib : gpio.obj (.text:GPIOPinTypeGPIOInput)
                  00001e26    00000012                       : gpio.obj (.text:GPIOPinTypeGPIOOutput)
                  00001e38    00000012                       : gpio.obj (.text:GPIOPinTypeSSI)
                  00001e4a    00000012                       : gpio.obj (.text:GPIOPinTypeUART)
                  00001e5c    00000012     rtsv7M3_T_le_eabi.lib : copy_zero_init.obj (.text:decompress:ZI)
                  00001e6e    00000002     --HOLE-- [fill = 0]
                  00001e70    00000010     SpeakerBuzz.obj (.text:SysTickIntHandler)
                  00001e80    00000010     driverlib-cm3.lib : systick.obj (.text:SysTickPeriodSet)
                  00001e90    0000000e     rtsv7M3_T_le_eabi.lib : copy_decompress_none.obj (.text:decompress:none)
                  00001e9e    0000000a     driverlib-cm3.lib : ssi.obj (.text:SSIDataPut)
                  00001ea8    0000000a                       : ssi.obj (.text:SSIDisable)
                  00001eb2    0000000a                       : ssi.obj (.text:SSIEnable)
                  00001ebc    0000000a                       : uart.obj (.text:UARTCharPut)
                  00001ec6    00000008                       : ssi.obj (.text:SSIBusy)
                  00001ece    00000008     uartstdio.obj (.text:UARTStdioInit)
                  00001ed6    00000006     driverlib-cm3.lib : gpio.obj (.text:GPIOPinRead)
                  00001edc    00000006                       : gpio.obj (.text:GPIOPinWrite)
                  00001ee2    00000006     new_startup_ccs.obj (.text:ResetISR)
                  00001ee8    00000006     driverlib-cm3.lib : sysctl.obj (.text:SysCtlDelay)
                  00001eee    00000006     rtsv7M3_T_le_eabi.lib : copy_decompress_rle.obj (.text:decompress:rle24)

.const     0    00001ef4    0000041a     
                  00001ef4    000001e0     rit128x96x4.obj (.const:g_pucFont)
                  000020d4    00000102     rtsv7M3_T_le_eabi.lib : ctype.obj (.const:.string:_ctypes_)
                  000021d6    00000002     --HOLE-- [fill = 0]
                  000021d8    0000006c     driverlib-cm3.lib : sysctl.obj (.const:g_pulXtals)
                  00002244    0000004f     rit128x96x4.obj (.const:.string:g_pucRIT128x96x4Init)
                  00002293    00000001     --HOLE-- [fill = 0]
                  00002294    00000040     driverlib-cm3.lib : sysctl.obj (.const)
                  000022d4    0000001c     uartstdio.obj (.const)
                  000022f0    00000012     uartstdio.obj (.const:.string)
                  00002302    0000000c     rit128x96x4.obj (.const:.string)

.cinit     0    00002310    00000060     
                  00002310    00000035     (.cinit..data.load) [load image, compression = rle]
                  00002345    00000003     --HOLE-- [fill = 0]
                  00002348    0000000c     (__TI_handler_table)
                  00002354    00000004     --HOLE-- [fill = 0]
                  00002358    00000008     (.cinit..bss.load) [load image, compression = zero_init]
                  00002360    00000010     (__TI_cinit_table)

.stack     0    20000000    00000800     UNINITIALIZED
                  20000000    00000800     --HOLE--

.data      0    20000800    0000004c     UNINITIALIZED
                  20000800    00000030     SpeakerBuzz.obj (.data)
                  20000830    00000008     rtsv7M3_T_le_eabi.lib : _lock.obj (.data)
                  20000838    00000008                           : exit.obj (.data)
                  20000840    00000005     uartstdio.obj (.data)
                  20000845    00000003     --HOLE--
                  20000848    00000004     rtsv7M3_T_le_eabi.lib : stkdepth_vars.obj (.data)

.bss       0    2000084c    00000010     UNINITIALIZED
                  2000084c    00000008     (.common:g_pucBuffer)
                  20000854    00000004     (.common:g_ulSSIFlags)
                  20000858    00000004     (.common:systemClock)


LINKER GENERATED COPY TABLES

__TI_cinit_table @ 00002360 records: 2, size/record: 8, table size: 16
	.data: load addr=00002310, load size=00000035 bytes, run addr=20000800, run size=0000004c bytes, compression=rle
	.bss: load addr=00002358, load size=00000008 bytes, run addr=2000084c, run size=00000010 bytes, compression=zero_init


LINKER GENERATED HANDLER TABLE

__TI_handler_table @ 00002348 records: 3, size/record: 4, table size: 12
	index: 0, handler: __TI_decompress_rle24
	index: 1, handler: __TI_decompress_none
	index: 2, handler: __TI_zero_init


GLOBAL SYMBOLS: SORTED ALPHABETICALLY BY Name 

address    name
--------   ----
00001a41   BlinkExecute
00001a85   BlinkInit
00001b95   C$$EXIT
00001cc9   GPIODirModeSet
0000110d   GPIOPadConfigSet
00001ed7   GPIOPinRead
00001e15   GPIOPinTypeGPIOInput
00001e27   GPIOPinTypeGPIOOutput
00001e39   GPIOPinTypeSSI
00001e4b   GPIOPinTypeUART
00001edd   GPIOPinWrite
000019f9   RIT128x96x4Clear
000015c9   RIT128x96x4Enable
0000127d   RIT128x96x4Init
00001039   RIT128x96x4StringDraw
00001ee3   ResetISR
UNDEFED    SHT$$INIT_ARRAY$$Base
UNDEFED    SHT$$INIT_ARRAY$$Limit
00001ec7   SSIBusy
00001ac9   SSIConfigSetExpClk
00001e9f   SSIDataPut
00001ea9   SSIDisable
00001eb3   SSIEnable
00001911   SpeakerBuzz_Execute
00000c49   SysCtlClockGet
00000de1   SysCtlClockSet
00001ee9   SysCtlDelay
00001861   SysCtlPeripheralDisable
000018b9   SysCtlPeripheralEnable
000014d9   SysCtlPeripheralPresent
00001451   SysCtlPeripheralReset
00001db1   SysTickEnable
000011d5   SysTickInit
00001dc5   SysTickIntEnable
00001e71   SysTickIntHandler
00001e81   SysTickPeriodSet
00001961   TickDisplayExecute
00001cf9   TickDisplayInit
00001ebd   UARTCharPut
00001bd9   UARTConfigSetExpClk
00001d49   UARTDisable
00001dd9   UARTEnable
00001ecf   UARTStdioInit
00001b0d   UARTStdioInitExpClk
00000845   UARTprintf
00001c5d   UARTwrite
20000800   __STACK_END
00000800   __STACK_SIZE
20000100   __STACK_TOP
00002360   __TI_CINIT_Base
00002370   __TI_CINIT_Limit
00002348   __TI_Handler_Table_Base
00002354   __TI_Handler_Table_Limit
00000001   __TI_args_main
000013bd   __TI_auto_init
20000838   __TI_cleanup_ptr
00001e91   __TI_decompress_none
00001eef   __TI_decompress_rle24
2000083c   __TI_dtors_ptr
0000053d   __TI_printfi_nofloat
00000000   __TI_static_base__
00001e5d   __TI_zero_init
00001d99   __aeabi_lmul
00001551   __aeabi_memclr
00001551   __aeabi_memclr4
00001551   __aeabi_memclr8
00001321   __aeabi_memcpy
00001321   __aeabi_memcpy4
00001321   __aeabi_memcpy8
00001553   __aeabi_memset
00001553   __aeabi_memset4
00001553   __aeabi_memset8
00001c1b   __aeabi_uidivmod
00000a53   __aeabi_uldivmod
ffffffff   __binit__
ffffffff   __c_args__
20000000   __stack
00001d81   _args_main
00001c95   _c_int00
000020d4   _ctypes_
20000830   _lock
00001dfb   _nop
00001df3   _register_lock
00001ded   _register_unlock
20000834   _unlock
00001b99   abort
000019ad   atoi
ffffffff   binit
00000f25   buttonExecute
000017a9   buttonInit
20000818   buzzFreq
00001b51   copy_in
00001ba1   exit
00000000   g_pfnVectors
00001d21   main
20000848   main_func_sp
00001d65   memccpy
00001321   memcpy
00001559   memset
20000820   speakerDelta
00001805   speakerInit
2000081c   speakerNext
000016e9   sprintf
00001e01   strlen
20000858   systemClock


GLOBAL SYMBOLS: SORTED BY Symbol Address 

address    name
--------   ----
00000000   __TI_static_base__
00000000   g_pfnVectors
00000001   __TI_args_main
0000053d   __TI_printfi_nofloat
00000800   __STACK_SIZE
00000845   UARTprintf
00000a53   __aeabi_uldivmod
00000c49   SysCtlClockGet
00000de1   SysCtlClockSet
00000f25   buttonExecute
00001039   RIT128x96x4StringDraw
0000110d   GPIOPadConfigSet
000011d5   SysTickInit
0000127d   RIT128x96x4Init
00001321   __aeabi_memcpy
00001321   __aeabi_memcpy4
00001321   __aeabi_memcpy8
00001321   memcpy
000013bd   __TI_auto_init
00001451   SysCtlPeripheralReset
000014d9   SysCtlPeripheralPresent
00001551   __aeabi_memclr
00001551   __aeabi_memclr4
00001551   __aeabi_memclr8
00001553   __aeabi_memset
00001553   __aeabi_memset4
00001553   __aeabi_memset8
00001559   memset
000015c9   RIT128x96x4Enable
000016e9   sprintf
000017a9   buttonInit
00001805   speakerInit
00001861   SysCtlPeripheralDisable
000018b9   SysCtlPeripheralEnable
00001911   SpeakerBuzz_Execute
00001961   TickDisplayExecute
000019ad   atoi
000019f9   RIT128x96x4Clear
00001a41   BlinkExecute
00001a85   BlinkInit
00001ac9   SSIConfigSetExpClk
00001b0d   UARTStdioInitExpClk
00001b51   copy_in
00001b95   C$$EXIT
00001b99   abort
00001ba1   exit
00001bd9   UARTConfigSetExpClk
00001c1b   __aeabi_uidivmod
00001c5d   UARTwrite
00001c95   _c_int00
00001cc9   GPIODirModeSet
00001cf9   TickDisplayInit
00001d21   main
00001d49   UARTDisable
00001d65   memccpy
00001d81   _args_main
00001d99   __aeabi_lmul
00001db1   SysTickEnable
00001dc5   SysTickIntEnable
00001dd9   UARTEnable
00001ded   _register_unlock
00001df3   _register_lock
00001dfb   _nop
00001e01   strlen
00001e15   GPIOPinTypeGPIOInput
00001e27   GPIOPinTypeGPIOOutput
00001e39   GPIOPinTypeSSI
00001e4b   GPIOPinTypeUART
00001e5d   __TI_zero_init
00001e71   SysTickIntHandler
00001e81   SysTickPeriodSet
00001e91   __TI_decompress_none
00001e9f   SSIDataPut
00001ea9   SSIDisable
00001eb3   SSIEnable
00001ebd   UARTCharPut
00001ec7   SSIBusy
00001ecf   UARTStdioInit
00001ed7   GPIOPinRead
00001edd   GPIOPinWrite
00001ee3   ResetISR
00001ee9   SysCtlDelay
00001eef   __TI_decompress_rle24
000020d4   _ctypes_
00002348   __TI_Handler_Table_Base
00002354   __TI_Handler_Table_Limit
00002360   __TI_CINIT_Base
00002370   __TI_CINIT_Limit
20000000   __stack
20000100   __STACK_TOP
20000800   __STACK_END
20000818   buzzFreq
2000081c   speakerNext
20000820   speakerDelta
20000830   _lock
20000834   _unlock
20000838   __TI_cleanup_ptr
2000083c   __TI_dtors_ptr
20000848   main_func_sp
20000858   systemClock
ffffffff   __binit__
ffffffff   __c_args__
ffffffff   binit
UNDEFED    SHT$$INIT_ARRAY$$Base
UNDEFED    SHT$$INIT_ARRAY$$Limit

[105 symbols]
