<?xml version="1.0"?>
<link_info>
   <banner>TI ARM Linker PC v5.1.7</banner>
   <copyright>Copyright (c) 1996-2014 Texas Instruments Incorporated</copyright>
   <link_time>0x5489e43e</link_time>
   <link_errors>0x0</link_errors>
   <output_file>FreeRTOS_Assembly.out</output_file>
   <entry_point>
      <name>_c_int00</name>
      <address>0x2cf1</address>
   </entry_point>
   <input_file_list>
      <input_file id="fl-2">
         <path>.\</path>
         <kind>object</kind>
         <file>AsmComputeX.obj</file>
         <name>AsmComputeX.obj</name>
      </input_file>
      <input_file id="fl-3">
         <path>.\</path>
         <kind>object</kind>
         <file>AsmComputeY.obj</file>
         <name>AsmComputeY.obj</name>
      </input_file>
      <input_file id="fl-4">
         <path>.\</path>
         <kind>object</kind>
         <file>Main_AsmCompute.obj</file>
         <name>Main_AsmCompute.obj</name>
      </input_file>
      <input_file id="fl-5">
         <path>.\</path>
         <kind>object</kind>
         <file>Task_AsmCompute.obj</file>
         <name>Task_AsmCompute.obj</name>
      </input_file>
      <input_file id="fl-6">
         <path>.\</path>
         <kind>object</kind>
         <file>heap_2.obj</file>
         <name>heap_2.obj</name>
      </input_file>
      <input_file id="fl-7">
         <path>.\</path>
         <kind>object</kind>
         <file>startup_ccs.obj</file>
         <name>startup_ccs.obj</name>
      </input_file>
      <input_file id="fl-8">
         <path>.\Source\</path>
         <kind>object</kind>
         <file>croutine.obj</file>
         <name>croutine.obj</name>
      </input_file>
      <input_file id="fl-9">
         <path>.\Source\</path>
         <kind>object</kind>
         <file>list.obj</file>
         <name>list.obj</name>
      </input_file>
      <input_file id="fl-a">
         <path>.\Source\</path>
         <kind>object</kind>
         <file>queue.obj</file>
         <name>queue.obj</name>
      </input_file>
      <input_file id="fl-b">
         <path>.\Source\</path>
         <kind>object</kind>
         <file>tasks.obj</file>
         <name>tasks.obj</name>
      </input_file>
      <input_file id="fl-c">
         <path>.\Source\</path>
         <kind>object</kind>
         <file>timers.obj</file>
         <name>timers.obj</name>
      </input_file>
      <input_file id="fl-d">
         <path>.\Source\portable\CCS5\ARM_CM3\</path>
         <kind>object</kind>
         <file>port.obj</file>
         <name>port.obj</name>
      </input_file>
      <input_file id="fl-e">
         <path>.\Source\portable\CCS5\ARM_CM3\</path>
         <kind>object</kind>
         <file>portasm.obj</file>
         <name>portasm.obj</name>
      </input_file>
      <input_file id="fl-f">
         <path>.\Drivers\</path>
         <kind>object</kind>
         <file>rit128x96x4.obj</file>
         <name>rit128x96x4.obj</name>
      </input_file>
      <input_file id="fl-10">
         <path>.\Drivers\</path>
         <kind>object</kind>
         <file>uartstdio.obj</file>
         <name>uartstdio.obj</name>
      </input_file>
      <input_file id="fl-15">
         <path>C:\TI_CodeComposer\StellarisWare-LM3S1968\boards\ek-lm3s1968\blinky\ccs\..\..\..\..\driverlib\ccs-cm3\Debug\</path>
         <kind>archive</kind>
         <file>driverlib-cm3.lib</file>
         <name>uart.obj</name>
      </input_file>
      <input_file id="fl-16">
         <path>C:\TI_CodeComposer\StellarisWare-LM3S1968\boards\ek-lm3s1968\blinky\ccs\..\..\..\..\driverlib\ccs-cm3\Debug\</path>
         <kind>archive</kind>
         <file>driverlib-cm3.lib</file>
         <name>sysctl.obj</name>
      </input_file>
      <input_file id="fl-17">
         <path>C:\TI_CodeComposer\StellarisWare-LM3S1968\boards\ek-lm3s1968\blinky\ccs\..\..\..\..\driverlib\ccs-cm3\Debug\</path>
         <kind>archive</kind>
         <file>driverlib-cm3.lib</file>
         <name>ssi.obj</name>
      </input_file>
      <input_file id="fl-18">
         <path>C:\TI_CodeComposer\StellarisWare-LM3S1968\boards\ek-lm3s1968\blinky\ccs\..\..\..\..\driverlib\ccs-cm3\Debug\</path>
         <kind>archive</kind>
         <file>driverlib-cm3.lib</file>
         <name>interrupt.obj</name>
      </input_file>
      <input_file id="fl-19">
         <path>C:\TI_CodeComposer\StellarisWare-LM3S1968\boards\ek-lm3s1968\blinky\ccs\..\..\..\..\driverlib\ccs-cm3\Debug\</path>
         <kind>archive</kind>
         <file>driverlib-cm3.lib</file>
         <name>gpio.obj</name>
      </input_file>
      <input_file id="fl-1a">
         <path>C:\TI_CodeComposer\StellarisWare-LM3S1968\boards\ek-lm3s1968\blinky\ccs\..\..\..\..\driverlib\ccs-cm3\Debug\</path>
         <kind>archive</kind>
         <file>driverlib-cm3.lib</file>
         <name>cpu.obj</name>
      </input_file>
      <input_file id="fl-144">
         <path>C:\TI_CodeComposer\ccsv6\tools\compiler\arm_5.1.7\lib\</path>
         <kind>archive</kind>
         <file>rtsv7M3_T_le_eabi.lib</file>
         <name>boot.obj</name>
      </input_file>
      <input_file id="fl-145">
         <path>C:\TI_CodeComposer\ccsv6\tools\compiler\arm_5.1.7\lib\</path>
         <kind>archive</kind>
         <file>rtsv7M3_T_le_eabi.lib</file>
         <name>copy_decompress_none.obj</name>
      </input_file>
      <input_file id="fl-146">
         <path>C:\TI_CodeComposer\ccsv6\tools\compiler\arm_5.1.7\lib\</path>
         <kind>archive</kind>
         <file>rtsv7M3_T_le_eabi.lib</file>
         <name>copy_decompress_rle.obj</name>
      </input_file>
      <input_file id="fl-147">
         <path>C:\TI_CodeComposer\ccsv6\tools\compiler\arm_5.1.7\lib\</path>
         <kind>archive</kind>
         <file>rtsv7M3_T_le_eabi.lib</file>
         <name>copy_zero_init.obj</name>
      </input_file>
      <input_file id="fl-148">
         <path>C:\TI_CodeComposer\ccsv6\tools\compiler\arm_5.1.7\lib\</path>
         <kind>archive</kind>
         <file>rtsv7M3_T_le_eabi.lib</file>
         <name>exit.obj</name>
      </input_file>
      <input_file id="fl-149">
         <path>C:\TI_CodeComposer\ccsv6\tools\compiler\arm_5.1.7\lib\</path>
         <kind>archive</kind>
         <file>rtsv7M3_T_le_eabi.lib</file>
         <name>memcpy_t2.obj</name>
      </input_file>
      <input_file id="fl-14a">
         <path>C:\TI_CodeComposer\ccsv6\tools\compiler\arm_5.1.7\lib\</path>
         <kind>archive</kind>
         <file>rtsv7M3_T_le_eabi.lib</file>
         <name>memset_t2.obj</name>
      </input_file>
      <input_file id="fl-14b">
         <path>C:\TI_CodeComposer\ccsv6\tools\compiler\arm_5.1.7\lib\</path>
         <kind>archive</kind>
         <file>rtsv7M3_T_le_eabi.lib</file>
         <name>sprintf.obj</name>
      </input_file>
      <input_file id="fl-14c">
         <path>C:\TI_CodeComposer\ccsv6\tools\compiler\arm_5.1.7\lib\</path>
         <kind>archive</kind>
         <file>rtsv7M3_T_le_eabi.lib</file>
         <name>stkdepth_vars.obj</name>
      </input_file>
      <input_file id="fl-14d">
         <path>C:\TI_CodeComposer\ccsv6\tools\compiler\arm_5.1.7\lib\</path>
         <kind>archive</kind>
         <file>rtsv7M3_T_le_eabi.lib</file>
         <name>strncpy.obj</name>
      </input_file>
      <input_file id="fl-14e">
         <path>C:\TI_CodeComposer\ccsv6\tools\compiler\arm_5.1.7\lib\</path>
         <kind>archive</kind>
         <file>rtsv7M3_T_le_eabi.lib</file>
         <name>u_divt2.obj</name>
      </input_file>
      <input_file id="fl-14f">
         <path>C:\TI_CodeComposer\ccsv6\tools\compiler\arm_5.1.7\lib\</path>
         <kind>archive</kind>
         <file>rtsv7M3_T_le_eabi.lib</file>
         <name>_lock.obj</name>
      </input_file>
      <input_file id="fl-150">
         <path>C:\TI_CodeComposer\ccsv6\tools\compiler\arm_5.1.7\lib\</path>
         <kind>archive</kind>
         <file>rtsv7M3_T_le_eabi.lib</file>
         <name>_printfi_nf.obj</name>
      </input_file>
      <input_file id="fl-151">
         <path>C:\TI_CodeComposer\ccsv6\tools\compiler\arm_5.1.7\lib\</path>
         <kind>archive</kind>
         <file>rtsv7M3_T_le_eabi.lib</file>
         <name>args_main.obj</name>
      </input_file>
      <input_file id="fl-152">
         <path>C:\TI_CodeComposer\ccsv6\tools\compiler\arm_5.1.7\lib\</path>
         <kind>archive</kind>
         <file>rtsv7M3_T_le_eabi.lib</file>
         <name>atoi.obj</name>
      </input_file>
      <input_file id="fl-153">
         <path>C:\TI_CodeComposer\ccsv6\tools\compiler\arm_5.1.7\lib\</path>
         <kind>archive</kind>
         <file>rtsv7M3_T_le_eabi.lib</file>
         <name>auto_init.obj</name>
      </input_file>
      <input_file id="fl-154">
         <path>C:\TI_CodeComposer\ccsv6\tools\compiler\arm_5.1.7\lib\</path>
         <kind>archive</kind>
         <file>rtsv7M3_T_le_eabi.lib</file>
         <name>cpy_tbl.obj</name>
      </input_file>
      <input_file id="fl-155">
         <path>C:\TI_CodeComposer\ccsv6\tools\compiler\arm_5.1.7\lib\</path>
         <kind>archive</kind>
         <file>rtsv7M3_T_le_eabi.lib</file>
         <name>ctype.obj</name>
      </input_file>
      <input_file id="fl-156">
         <path>C:\TI_CodeComposer\ccsv6\tools\compiler\arm_5.1.7\lib\</path>
         <kind>archive</kind>
         <file>rtsv7M3_T_le_eabi.lib</file>
         <name>ll_mul_t2.obj</name>
      </input_file>
      <input_file id="fl-157">
         <path>C:\TI_CodeComposer\ccsv6\tools\compiler\arm_5.1.7\lib\</path>
         <kind>archive</kind>
         <file>rtsv7M3_T_le_eabi.lib</file>
         <name>memccpy.obj</name>
      </input_file>
      <input_file id="fl-158">
         <path>C:\TI_CodeComposer\ccsv6\tools\compiler\arm_5.1.7\lib\</path>
         <kind>archive</kind>
         <file>rtsv7M3_T_le_eabi.lib</file>
         <name>strlen.obj</name>
      </input_file>
      <input_file id="fl-159">
         <path>C:\TI_CodeComposer\ccsv6\tools\compiler\arm_5.1.7\lib\</path>
         <kind>archive</kind>
         <file>rtsv7M3_T_le_eabi.lib</file>
         <name>ull_div_t2.obj</name>
      </input_file>
   </input_file_list>
   <object_component_list>
      <object_component id="oc-d">
         <name>.intvecs</name>
         <load_address>0x0</load_address>
         <run_address>0x0</run_address>
         <size>0xf0</size>
         <input_file_ref idref="fl-7"/>
      </object_component>
      <object_component id="oc-77">
         <name>.text</name>
         <load_address>0xf0</load_address>
         <run_address>0xf0</run_address>
         <size>0x794</size>
         <input_file_ref idref="fl-b"/>
      </object_component>
      <object_component id="oc-1f5">
         <name>.text</name>
         <load_address>0x884</load_address>
         <run_address>0x884</run_address>
         <size>0x754</size>
         <input_file_ref idref="fl-150"/>
      </object_component>
      <object_component id="oc-108">
         <name>.text</name>
         <load_address>0xfd8</load_address>
         <run_address>0xfd8</run_address>
         <size>0x510</size>
         <input_file_ref idref="fl-f"/>
      </object_component>
      <object_component id="oc-11e">
         <name>.text</name>
         <load_address>0x14e8</load_address>
         <run_address>0x14e8</run_address>
         <size>0x4a8</size>
         <input_file_ref idref="fl-10"/>
      </object_component>
      <object_component id="oc-99">
         <name>.text</name>
         <load_address>0x1990</load_address>
         <run_address>0x1990</run_address>
         <size>0x230</size>
         <input_file_ref idref="fl-4"/>
      </object_component>
      <object_component id="oc-24f">
         <name>.text</name>
         <load_address>0x1bc0</load_address>
         <run_address>0x1bc0</run_address>
         <size>0x1f4</size>
         <input_file_ref idref="fl-159"/>
      </object_component>
      <object_component id="oc-d3">
         <name>.text</name>
         <load_address>0x1db4</load_address>
         <run_address>0x1db4</run_address>
         <size>0x1b4</size>
         <input_file_ref idref="fl-6"/>
      </object_component>
      <object_component id="oc-1a6">
         <name>.text:SysCtlClockGet</name>
         <load_address>0x1f68</load_address>
         <run_address>0x1f68</run_address>
         <size>0x198</size>
         <input_file_ref idref="fl-16"/>
      </object_component>
      <object_component id="oc-136">
         <name>.text</name>
         <load_address>0x2100</load_address>
         <run_address>0x2100</run_address>
         <size>0x194</size>
         <input_file_ref idref="fl-5"/>
      </object_component>
      <object_component id="oc-132">
         <name>.text:SysCtlClockSet</name>
         <load_address>0x2294</load_address>
         <run_address>0x2294</run_address>
         <size>0x144</size>
         <input_file_ref idref="fl-16"/>
      </object_component>
      <object_component id="oc-be">
         <name>.text</name>
         <load_address>0x23d8</load_address>
         <run_address>0x23d8</run_address>
         <size>0x132</size>
         <input_file_ref idref="fl-9"/>
      </object_component>
      <object_component id="oc-36">
         <name>.text</name>
         <load_address>0x250c</load_address>
         <run_address>0x250c</run_address>
         <size>0xe8</size>
         <input_file_ref idref="fl-d"/>
      </object_component>
      <object_component id="oc-104">
         <name>.text:GPIOPadConfigSet</name>
         <load_address>0x25f4</load_address>
         <run_address>0x25f4</run_address>
         <size>0xc8</size>
         <input_file_ref idref="fl-19"/>
      </object_component>
      <object_component id="oc-54">
         <name>.text</name>
         <load_address>0x26bc</load_address>
         <run_address>0x26bc</run_address>
         <size>0x9c</size>
         <input_file_ref idref="fl-149"/>
      </object_component>
      <object_component id="oc-3f">
         <name>.text</name>
         <load_address>0x2758</load_address>
         <run_address>0x2758</run_address>
         <size>0x94</size>
         <input_file_ref idref="fl-153"/>
      </object_component>
      <object_component id="oc-112">
         <name>.text:SysCtlPeripheralReset</name>
         <load_address>0x27ec</load_address>
         <run_address>0x27ec</run_address>
         <size>0x88</size>
         <input_file_ref idref="fl-16"/>
      </object_component>
      <object_component id="oc-31">
         <name>.text</name>
         <load_address>0x2874</load_address>
         <run_address>0x2874</run_address>
         <size>0x80</size>
         <input_file_ref idref="fl-e"/>
      </object_component>
      <object_component id="oc-1cd">
         <name>.text:SysCtlPeripheralPresent</name>
         <load_address>0x28f4</load_address>
         <run_address>0x28f4</run_address>
         <size>0x78</size>
         <input_file_ref idref="fl-16"/>
      </object_component>
      <object_component id="oc-d9">
         <name>.text</name>
         <load_address>0x296c</load_address>
         <run_address>0x296c</run_address>
         <size>0x78</size>
         <input_file_ref idref="fl-14a"/>
      </object_component>
      <object_component id="oc-12c">
         <name>.text</name>
         <load_address>0x29e4</load_address>
         <run_address>0x29e4</run_address>
         <size>0x60</size>
         <input_file_ref idref="fl-14b"/>
      </object_component>
      <object_component id="oc-67">
         <name>.text</name>
         <load_address>0x2a44</load_address>
         <run_address>0x2a44</run_address>
         <size>0x5e</size>
         <input_file_ref idref="fl-146"/>
      </object_component>
      <object_component id="oc-116">
         <name>.text:SysCtlPeripheralDisable</name>
         <load_address>0x2aa4</load_address>
         <run_address>0x2aa4</run_address>
         <size>0x58</size>
         <input_file_ref idref="fl-16"/>
      </object_component>
      <object_component id="oc-fc">
         <name>.text:SysCtlPeripheralEnable</name>
         <load_address>0x2afc</load_address>
         <run_address>0x2afc</run_address>
         <size>0x58</size>
         <input_file_ref idref="fl-16"/>
      </object_component>
      <object_component id="oc-265">
         <name>.text</name>
         <load_address>0x2b54</load_address>
         <run_address>0x2b54</run_address>
         <size>0x4c</size>
         <input_file_ref idref="fl-152"/>
      </object_component>
      <object_component id="oc-1aa">
         <name>.text:SSIConfigSetExpClk</name>
         <load_address>0x2ba0</load_address>
         <run_address>0x2ba0</run_address>
         <size>0x44</size>
         <input_file_ref idref="fl-17"/>
      </object_component>
      <object_component id="oc-92">
         <name>.text</name>
         <load_address>0x2be4</load_address>
         <run_address>0x2be4</run_address>
         <size>0x44</size>
         <input_file_ref idref="fl-154"/>
      </object_component>
      <object_component id="oc-4a">
         <name>.text</name>
         <load_address>0x2c28</load_address>
         <run_address>0x2c28</run_address>
         <size>0x44</size>
         <input_file_ref idref="fl-148"/>
      </object_component>
      <object_component id="oc-1d1">
         <name>.text:UARTConfigSetExpClk</name>
         <load_address>0x2c6c</load_address>
         <run_address>0x2c6c</run_address>
         <size>0x42</size>
         <input_file_ref idref="fl-15"/>
      </object_component>
      <object_component id="oc-1e7">
         <name>.text</name>
         <load_address>0x2cae</load_address>
         <run_address>0x2cae</run_address>
         <size>0x42</size>
         <input_file_ref idref="fl-14e"/>
      </object_component>
      <object_component id="oc-10">
         <name>.text</name>
         <load_address>0x2cf0</load_address>
         <run_address>0x2cf0</run_address>
         <size>0x34</size>
         <input_file_ref idref="fl-144"/>
      </object_component>
      <object_component id="oc-cd">
         <name>.text</name>
         <load_address>0x2d24</load_address>
         <run_address>0x2d24</run_address>
         <size>0x30</size>
         <input_file_ref idref="fl-14d"/>
      </object_component>
      <object_component id="oc-190">
         <name>.text:GPIODirModeSet</name>
         <load_address>0x2d54</load_address>
         <run_address>0x2d54</run_address>
         <size>0x2e</size>
         <input_file_ref idref="fl-19"/>
      </object_component>
      <object_component id="oc-1ff">
         <name>.text</name>
         <load_address>0x2d82</load_address>
         <run_address>0x2d82</run_address>
         <size>0x22</size>
         <input_file_ref idref="fl-2"/>
      </object_component>
      <object_component id="oc-23e">
         <name>.text:UARTDisable</name>
         <load_address>0x2da4</load_address>
         <run_address>0x2da4</run_address>
         <size>0x1c</size>
         <input_file_ref idref="fl-15"/>
      </object_component>
      <object_component id="oc-25f">
         <name>.text</name>
         <load_address>0x2dc0</load_address>
         <run_address>0x2dc0</run_address>
         <size>0x1a</size>
         <input_file_ref idref="fl-157"/>
      </object_component>
      <object_component id="oc-44">
         <name>.text</name>
         <load_address>0x2ddc</load_address>
         <run_address>0x2ddc</run_address>
         <size>0x18</size>
         <input_file_ref idref="fl-151"/>
      </object_component>
      <object_component id="oc-254">
         <name>.text</name>
         <load_address>0x2df4</load_address>
         <run_address>0x2df4</run_address>
         <size>0x18</size>
         <input_file_ref idref="fl-156"/>
      </object_component>
      <object_component id="oc-1d5">
         <name>.text:UARTEnable</name>
         <load_address>0x2e0c</load_address>
         <run_address>0x2e0c</run_address>
         <size>0x14</size>
         <input_file_ref idref="fl-15"/>
      </object_component>
      <object_component id="oc-144">
         <name>.text</name>
         <load_address>0x2e20</load_address>
         <run_address>0x2e20</run_address>
         <size>0x14</size>
         <input_file_ref idref="fl-14f"/>
      </object_component>
      <object_component id="oc-259">
         <name>.text</name>
         <load_address>0x2e34</load_address>
         <run_address>0x2e34</run_address>
         <size>0x14</size>
         <input_file_ref idref="fl-158"/>
      </object_component>
      <object_component id="oc-100">
         <name>.text:GPIOPinTypeGPIOInput</name>
         <load_address>0x2e48</load_address>
         <run_address>0x2e48</run_address>
         <size>0x12</size>
         <input_file_ref idref="fl-19"/>
      </object_component>
      <object_component id="oc-124">
         <name>.text:GPIOPinTypeGPIOOutput</name>
         <load_address>0x2e5a</load_address>
         <run_address>0x2e5a</run_address>
         <size>0x12</size>
         <input_file_ref idref="fl-19"/>
      </object_component>
      <object_component id="oc-1ae">
         <name>.text:GPIOPinTypeSSI</name>
         <load_address>0x2e6c</load_address>
         <run_address>0x2e6c</run_address>
         <size>0x12</size>
         <input_file_ref idref="fl-19"/>
      </object_component>
      <object_component id="oc-11a">
         <name>.text:GPIOPinTypeUART</name>
         <load_address>0x2e7e</load_address>
         <run_address>0x2e7e</run_address>
         <size>0x12</size>
         <input_file_ref idref="fl-19"/>
      </object_component>
      <object_component id="oc-1b6">
         <name>.text:SSIDataGetNonBlocking</name>
         <load_address>0x2e90</load_address>
         <run_address>0x2e90</run_address>
         <size>0x12</size>
         <input_file_ref idref="fl-17"/>
      </object_component>
      <object_component id="oc-1b">
         <name>.text:decompress:ZI</name>
         <load_address>0x2ea2</load_address>
         <run_address>0x2ea2</run_address>
         <size>0x12</size>
         <input_file_ref idref="fl-147"/>
      </object_component>
      <object_component id="oc-15">
         <name>.text:decompress:none</name>
         <load_address>0x2eb4</load_address>
         <run_address>0x2eb4</run_address>
         <size>0xe</size>
         <input_file_ref idref="fl-145"/>
      </object_component>
      <object_component id="oc-2b">
         <name>.text</name>
         <load_address>0x2ec2</load_address>
         <run_address>0x2ec2</run_address>
         <size>0xc</size>
         <input_file_ref idref="fl-7"/>
      </object_component>
      <object_component id="oc-19b">
         <name>.text:SSIDataPut</name>
         <load_address>0x2ece</load_address>
         <run_address>0x2ece</run_address>
         <size>0xa</size>
         <input_file_ref idref="fl-17"/>
      </object_component>
      <object_component id="oc-1a2">
         <name>.text:SSIDisable</name>
         <load_address>0x2ed8</load_address>
         <run_address>0x2ed8</run_address>
         <size>0xa</size>
         <input_file_ref idref="fl-17"/>
      </object_component>
      <object_component id="oc-1b2">
         <name>.text:SSIEnable</name>
         <load_address>0x2ee2</load_address>
         <run_address>0x2ee2</run_address>
         <size>0xa</size>
         <input_file_ref idref="fl-17"/>
      </object_component>
      <object_component id="oc-1dd">
         <name>.text:UARTCharGet</name>
         <load_address>0x2eec</load_address>
         <run_address>0x2eec</run_address>
         <size>0xa</size>
         <input_file_ref idref="fl-15"/>
      </object_component>
      <object_component id="oc-1d9">
         <name>.text:UARTCharPut</name>
         <load_address>0x2ef6</load_address>
         <run_address>0x2ef6</run_address>
         <size>0xa</size>
         <input_file_ref idref="fl-15"/>
      </object_component>
      <object_component id="oc-197">
         <name>.text:SSIBusy</name>
         <load_address>0x2f00</load_address>
         <run_address>0x2f00</run_address>
         <size>0x8</size>
         <input_file_ref idref="fl-17"/>
      </object_component>
      <object_component id="oc-10e">
         <name>.text:GPIOPinRead</name>
         <load_address>0x2f08</load_address>
         <run_address>0x2f08</run_address>
         <size>0x6</size>
         <input_file_ref idref="fl-19"/>
      </object_component>
      <object_component id="oc-128">
         <name>.text:GPIOPinWrite</name>
         <load_address>0x2f0e</load_address>
         <run_address>0x2f0e</run_address>
         <size>0x6</size>
         <input_file_ref idref="fl-19"/>
      </object_component>
      <object_component id="oc-1fd">
         <name>.text:SysCtlDelay</name>
         <load_address>0x2f14</load_address>
         <run_address>0x2f14</run_address>
         <size>0x6</size>
         <input_file_ref idref="fl-16"/>
      </object_component>
      <object_component id="oc-21">
         <name>.text:decompress:rle24</name>
         <load_address>0x2f1a</load_address>
         <run_address>0x2f1a</run_address>
         <size>0x6</size>
         <input_file_ref idref="fl-146"/>
      </object_component>
      <object_component id="oc-1c1">
         <name>.const:g_pucFont</name>
         <load_address>0x2f20</load_address>
         <run_address>0x2f20</run_address>
         <size>0x1e0</size>
         <input_file_ref idref="fl-f"/>
      </object_component>
      <object_component id="oc-28e">
         <name>.const:.string:_ctypes_</name>
         <load_address>0x3100</load_address>
         <run_address>0x3100</run_address>
         <size>0x102</size>
         <input_file_ref idref="fl-155"/>
      </object_component>
      <object_component id="oc-175">
         <name>.const</name>
         <load_address>0x3202</load_address>
         <run_address>0x3202</run_address>
         <size>0x2</size>
         <input_file_ref idref="fl-6"/>
      </object_component>
      <object_component id="oc-230">
         <name>.const:g_pulXtals</name>
         <load_address>0x3204</load_address>
         <run_address>0x3204</run_address>
         <size>0x6c</size>
         <input_file_ref idref="fl-16"/>
      </object_component>
      <object_component id="oc-1c5">
         <name>.const:.string:g_pucRIT128x96x4Init</name>
         <load_address>0x3270</load_address>
         <run_address>0x3270</run_address>
         <size>0x4f</size>
         <input_file_ref idref="fl-f"/>
      </object_component>
      <object_component id="oc-188">
         <name>.const</name>
         <load_address>0x32c0</load_address>
         <run_address>0x32c0</run_address>
         <size>0x40</size>
         <input_file_ref idref="fl-16"/>
      </object_component>
      <object_component id="oc-1e1">
         <name>.const</name>
         <load_address>0x3300</load_address>
         <run_address>0x3300</run_address>
         <size>0x1c</size>
         <input_file_ref idref="fl-10"/>
      </object_component>
      <object_component id="oc-247">
         <name>.const:.string</name>
         <load_address>0x331c</load_address>
         <run_address>0x331c</run_address>
         <size>0x12</size>
         <input_file_ref idref="fl-10"/>
      </object_component>
      <object_component id="oc-1bc">
         <name>.const:.string</name>
         <load_address>0x332e</load_address>
         <run_address>0x332e</run_address>
         <size>0xc</size>
         <input_file_ref idref="fl-f"/>
      </object_component>
      <object_component id="oc-2c2">
         <name>.cinit..data.load</name>
         <load_address>0x3340</load_address>
         <run_address>0x3340</run_address>
         <size>0x20</size>
      </object_component>
      <object_component id="oc-2c0">
         <name>__TI_handler_table</name>
         <load_address>0x3360</load_address>
         <run_address>0x3360</run_address>
         <size>0xc</size>
      </object_component>
      <object_component id="oc-2c3">
         <name>.cinit..bss.load</name>
         <load_address>0x3370</load_address>
         <run_address>0x3370</run_address>
         <size>0x8</size>
      </object_component>
      <object_component id="oc-2c1">
         <name>__TI_cinit_table</name>
         <load_address>0x3378</load_address>
         <run_address>0x3378</run_address>
         <size>0x10</size>
      </object_component>
      <object_component id="oc-50">
         <name>.data</name>
         <load_address>0x200029e0</load_address>
         <run_address>0x200029e0</run_address>
         <size>0x4</size>
         <input_file_ref idref="fl-14c"/>
      </object_component>
      <object_component id="oc-7d">
         <name>.data</name>
         <load_address>0x20002988</load_address>
         <run_address>0x20002988</run_address>
         <size>0x30</size>
         <input_file_ref idref="fl-b"/>
      </object_component>
      <object_component id="oc-81">
         <name>.data</name>
         <load_address>0x200029c0</load_address>
         <run_address>0x200029c0</run_address>
         <size>0x8</size>
         <input_file_ref idref="fl-d"/>
      </object_component>
      <object_component id="oc-a1">
         <name>.data</name>
         <load_address>0x200029c8</load_address>
         <run_address>0x200029c8</run_address>
         <size>0x8</size>
         <input_file_ref idref="fl-14f"/>
      </object_component>
      <object_component id="oc-a4">
         <name>.data</name>
         <load_address>0x200029d0</load_address>
         <run_address>0x200029d0</run_address>
         <size>0x8</size>
         <input_file_ref idref="fl-148"/>
      </object_component>
      <object_component id="oc-169">
         <name>.data</name>
         <load_address>0x200029b8</load_address>
         <run_address>0x200029b8</run_address>
         <size>0x8</size>
         <input_file_ref idref="fl-6"/>
      </object_component>
      <object_component id="oc-1e4">
         <name>.data</name>
         <load_address>0x200029d8</load_address>
         <run_address>0x200029d8</run_address>
         <size>0x5</size>
         <input_file_ref idref="fl-10"/>
      </object_component>
      <object_component id="oc-28">
         <name>.bss:pulStack</name>
         <uninitialized>true</uninitialized>
         <run_address>0x20002000</run_address>
         <size>0x100</size>
         <input_file_ref idref="fl-7"/>
      </object_component>
      <object_component id="oc-c4">
         <name>.bss:pxReadyTasksLists</name>
         <uninitialized>true</uninitialized>
         <run_address>0x20002100</run_address>
         <size>0x28</size>
         <input_file_ref idref="fl-b"/>
      </object_component>
      <object_component id="oc-16f">
         <name>.bss:xHeap</name>
         <uninitialized>true</uninitialized>
         <run_address>0x20000000</run_address>
         <size>0x2000</size>
         <input_file_ref idref="fl-6"/>
      </object_component>
      <object_component id="oc-172">
         <name>.common:xStart</name>
         <uninitialized>true</uninitialized>
         <run_address>0x20002174</run_address>
         <size>0x8</size>
      </object_component>
      <object_component id="oc-174">
         <name>.common:xEnd</name>
         <uninitialized>true</uninitialized>
         <run_address>0x2000216c</run_address>
         <size>0x8</size>
      </object_component>
      <object_component id="oc-df">
         <name>.common:xDelayedTaskList1</name>
         <uninitialized>true</uninitialized>
         <run_address>0x20002128</run_address>
         <size>0x14</size>
      </object_component>
      <object_component id="oc-e0">
         <name>.common:xDelayedTaskList2</name>
         <uninitialized>true</uninitialized>
         <run_address>0x2000213c</run_address>
         <size>0x14</size>
      </object_component>
      <object_component id="oc-e1">
         <name>.common:pxDelayedTaskList</name>
         <uninitialized>true</uninitialized>
         <run_address>0x20002180</run_address>
         <size>0x4</size>
      </object_component>
      <object_component id="oc-e2">
         <name>.common:pxOverflowDelayedTaskList</name>
         <uninitialized>true</uninitialized>
         <run_address>0x20002184</run_address>
         <size>0x4</size>
      </object_component>
      <object_component id="oc-de">
         <name>.common:xPendingReadyList</name>
         <uninitialized>true</uninitialized>
         <run_address>0x20002150</run_address>
         <size>0x14</size>
      </object_component>
      <object_component id="oc-1c4">
         <name>.common:g_ulSSIFlags</name>
         <uninitialized>true</uninitialized>
         <run_address>0x2000217c</run_address>
         <size>0x4</size>
      </object_component>
      <object_component id="oc-1c0">
         <name>.common:g_pucBuffer</name>
         <uninitialized>true</uninitialized>
         <run_address>0x20002164</run_address>
         <size>0x8</size>
      </object_component>
      <object_component id="oc-27">
         <name>.stack</name>
         <uninitialized>true</uninitialized>
         <run_address>0x20002188</run_address>
         <size>0x0</size>
         <input_file_ref idref="fl-144"/>
      </object_component>
      <object_component id="oc-2c4">
         <name>.stack</name>
         <uninitialized>true</uninitialized>
         <run_address>0x20002188</run_address>
         <size>0x0</size>
      </object_component>
      <object_component id="oc-e">
         <name>.debug_info</name>
         <load_address>0x0</load_address>
         <run_address>0x0</run_address>
         <size>0xda</size>
         <input_file_ref idref="fl-7"/>
      </object_component>
      <object_component id="oc-11">
         <name>.debug_info</name>
         <load_address>0xda</load_address>
         <run_address>0xda</run_address>
         <size>0xf3</size>
         <input_file_ref idref="fl-144"/>
      </object_component>
      <object_component id="oc-16">
         <name>.debug_info</name>
         <load_address>0x1cd</load_address>
         <run_address>0x1cd</run_address>
         <size>0x194</size>
         <input_file_ref idref="fl-145"/>
      </object_component>
      <object_component id="oc-1c">
         <name>.debug_info</name>
         <load_address>0x361</load_address>
         <run_address>0x361</run_address>
         <size>0x16a</size>
         <input_file_ref idref="fl-147"/>
      </object_component>
      <object_component id="oc-22">
         <name>.debug_info</name>
         <load_address>0x4cb</load_address>
         <run_address>0x4cb</run_address>
         <size>0x18e</size>
         <input_file_ref idref="fl-146"/>
      </object_component>
      <object_component id="oc-29">
         <name>.debug_info</name>
         <load_address>0x659</load_address>
         <run_address>0x659</run_address>
         <size>0xd1</size>
         <input_file_ref idref="fl-7"/>
      </object_component>
      <object_component id="oc-2c">
         <name>.debug_info</name>
         <load_address>0x72a</load_address>
         <run_address>0x72a</run_address>
         <size>0x1e5</size>
         <input_file_ref idref="fl-7"/>
      </object_component>
      <object_component id="oc-32">
         <name>.debug_info</name>
         <load_address>0x90f</load_address>
         <run_address>0x90f</run_address>
         <size>0x152</size>
         <input_file_ref idref="fl-e"/>
      </object_component>
      <object_component id="oc-37">
         <name>.debug_info</name>
         <load_address>0xa61</load_address>
         <run_address>0xa61</run_address>
         <size>0x6ec</size>
         <input_file_ref idref="fl-d"/>
      </object_component>
      <object_component id="oc-3e">
         <name>.debug_info</name>
         <load_address>0x114d</load_address>
         <run_address>0x114d</run_address>
         <size>0x15b</size>
         <input_file_ref idref="fl-7"/>
      </object_component>
      <object_component id="oc-41">
         <name>.debug_info</name>
         <load_address>0x12a8</load_address>
         <run_address>0x12a8</run_address>
         <size>0x13d</size>
         <input_file_ref idref="fl-153"/>
      </object_component>
      <object_component id="oc-47">
         <name>.debug_info</name>
         <load_address>0x13e5</load_address>
         <run_address>0x13e5</run_address>
         <size>0x11c</size>
         <input_file_ref idref="fl-151"/>
      </object_component>
      <object_component id="oc-4b">
         <name>.debug_info</name>
         <load_address>0x1501</load_address>
         <run_address>0x1501</run_address>
         <size>0x1c2</size>
         <input_file_ref idref="fl-148"/>
      </object_component>
      <object_component id="oc-51">
         <name>.debug_info</name>
         <load_address>0x16c3</load_address>
         <run_address>0x16c3</run_address>
         <size>0xbe</size>
         <input_file_ref idref="fl-14c"/>
      </object_component>
      <object_component id="oc-56">
         <name>.debug_info</name>
         <load_address>0x1781</load_address>
         <run_address>0x1781</run_address>
         <size>0xcc</size>
         <input_file_ref idref="fl-149"/>
      </object_component>
      <object_component id="oc-5a">
         <name>.debug_info</name>
         <load_address>0x184d</load_address>
         <run_address>0x184d</run_address>
         <size>0x46</size>
         <input_file_ref idref="fl-145"/>
      </object_component>
      <object_component id="oc-5f">
         <name>.debug_info</name>
         <load_address>0x1893</load_address>
         <run_address>0x1893</run_address>
         <size>0xf2</size>
         <input_file_ref idref="fl-145"/>
      </object_component>
      <object_component id="oc-61">
         <name>.debug_info</name>
         <load_address>0x1985</load_address>
         <run_address>0x1985</run_address>
         <size>0x46</size>
         <input_file_ref idref="fl-147"/>
      </object_component>
      <object_component id="oc-66">
         <name>.debug_info</name>
         <load_address>0x19cb</load_address>
         <run_address>0x19cb</run_address>
         <size>0xad</size>
         <input_file_ref idref="fl-147"/>
      </object_component>
      <object_component id="oc-68">
         <name>.debug_info</name>
         <load_address>0x1a78</load_address>
         <run_address>0x1a78</run_address>
         <size>0x1ef</size>
         <input_file_ref idref="fl-146"/>
      </object_component>
      <object_component id="oc-6e">
         <name>.debug_info</name>
         <load_address>0x1c67</load_address>
         <run_address>0x1c67</run_address>
         <size>0xb7</size>
         <input_file_ref idref="fl-146"/>
      </object_component>
      <object_component id="oc-6f">
         <name>.debug_info</name>
         <load_address>0x1d1e</load_address>
         <run_address>0x1d1e</run_address>
         <size>0x39</size>
         <input_file_ref idref="fl-146"/>
      </object_component>
      <object_component id="oc-78">
         <name>.debug_info</name>
         <load_address>0x1d57</load_address>
         <run_address>0x1d57</run_address>
         <size>0x1954</size>
         <input_file_ref idref="fl-b"/>
      </object_component>
      <object_component id="oc-7e">
         <name>.debug_info</name>
         <load_address>0x36ab</load_address>
         <run_address>0x36ab</run_address>
         <size>0x2eb</size>
         <input_file_ref idref="fl-b"/>
      </object_component>
      <object_component id="oc-82">
         <name>.debug_info</name>
         <load_address>0x3996</load_address>
         <run_address>0x3996</run_address>
         <size>0x12c</size>
         <input_file_ref idref="fl-d"/>
      </object_component>
      <object_component id="oc-85">
         <name>.debug_info</name>
         <load_address>0x3ac2</load_address>
         <run_address>0x3ac2</run_address>
         <size>0x20c</size>
         <input_file_ref idref="fl-d"/>
      </object_component>
      <object_component id="oc-86">
         <name>.debug_info</name>
         <load_address>0x3cce</load_address>
         <run_address>0x3cce</run_address>
         <size>0x2c</size>
         <input_file_ref idref="fl-4"/>
      </object_component>
      <object_component id="oc-8b">
         <name>.debug_info</name>
         <load_address>0x3cfa</load_address>
         <run_address>0x3cfa</run_address>
         <size>0x84</size>
         <input_file_ref idref="fl-4"/>
      </object_component>
      <object_component id="oc-93">
         <name>.debug_info</name>
         <load_address>0x3d7e</load_address>
         <run_address>0x3d7e</run_address>
         <size>0x14b</size>
         <input_file_ref idref="fl-154"/>
      </object_component>
      <object_component id="oc-9a">
         <name>.debug_info</name>
         <load_address>0x3ec9</load_address>
         <run_address>0x3ec9</run_address>
         <size>0x602</size>
         <input_file_ref idref="fl-4"/>
      </object_component>
      <object_component id="oc-a0">
         <name>.debug_info</name>
         <load_address>0x44cb</load_address>
         <run_address>0x44cb</run_address>
         <size>0x11b</size>
         <input_file_ref idref="fl-151"/>
      </object_component>
      <object_component id="oc-a2">
         <name>.debug_info</name>
         <load_address>0x45e6</load_address>
         <run_address>0x45e6</run_address>
         <size>0xc8</size>
         <input_file_ref idref="fl-14f"/>
      </object_component>
      <object_component id="oc-a5">
         <name>.debug_info</name>
         <load_address>0x46ae</load_address>
         <run_address>0x46ae</run_address>
         <size>0xeb</size>
         <input_file_ref idref="fl-148"/>
      </object_component>
      <object_component id="oc-a8">
         <name>.debug_info</name>
         <load_address>0x4799</load_address>
         <run_address>0x4799</run_address>
         <size>0x146</size>
         <input_file_ref idref="fl-148"/>
      </object_component>
      <object_component id="oc-ad">
         <name>.debug_info</name>
         <load_address>0x48df</load_address>
         <run_address>0x48df</run_address>
         <size>0x2c</size>
         <input_file_ref idref="fl-145"/>
      </object_component>
      <object_component id="oc-b4">
         <name>.debug_info</name>
         <load_address>0x490b</load_address>
         <run_address>0x490b</run_address>
         <size>0x2c</size>
         <input_file_ref idref="fl-147"/>
      </object_component>
      <object_component id="oc-bf">
         <name>.debug_info</name>
         <load_address>0x4937</load_address>
         <run_address>0x4937</run_address>
         <size>0x48d</size>
         <input_file_ref idref="fl-9"/>
      </object_component>
      <object_component id="oc-c5">
         <name>.debug_info</name>
         <load_address>0x4dc4</load_address>
         <run_address>0x4dc4</run_address>
         <size>0xe4</size>
         <input_file_ref idref="fl-b"/>
      </object_component>
      <object_component id="oc-c8">
         <name>.debug_info</name>
         <load_address>0x4ea8</load_address>
         <run_address>0x4ea8</run_address>
         <size>0x658</size>
         <input_file_ref idref="fl-b"/>
      </object_component>
      <object_component id="oc-ce">
         <name>.debug_info</name>
         <load_address>0x5500</load_address>
         <run_address>0x5500</run_address>
         <size>0x182</size>
         <input_file_ref idref="fl-14d"/>
      </object_component>
      <object_component id="oc-d4">
         <name>.debug_info</name>
         <load_address>0x5682</load_address>
         <run_address>0x5682</run_address>
         <size>0x474</size>
         <input_file_ref idref="fl-6"/>
      </object_component>
      <object_component id="oc-da">
         <name>.debug_info</name>
         <load_address>0x5af6</load_address>
         <run_address>0x5af6</run_address>
         <size>0xfc</size>
         <input_file_ref idref="fl-14a"/>
      </object_component>
      <object_component id="oc-e4">
         <name>.debug_info</name>
         <load_address>0x5bf2</load_address>
         <run_address>0x5bf2</run_address>
         <size>0x2c</size>
         <input_file_ref idref="fl-4"/>
      </object_component>
      <object_component id="oc-ef">
         <name>.debug_info</name>
         <load_address>0x5c1e</load_address>
         <run_address>0x5c1e</run_address>
         <size>0x14c</size>
         <input_file_ref idref="fl-4"/>
      </object_component>
      <object_component id="oc-f4">
         <name>.debug_info</name>
         <load_address>0x5d6a</load_address>
         <run_address>0x5d6a</run_address>
         <size>0x1e3</size>
         <input_file_ref idref="fl-4"/>
      </object_component>
      <object_component id="oc-f9">
         <name>.debug_info</name>
         <load_address>0x5f4d</load_address>
         <run_address>0x5f4d</run_address>
         <size>0x650</size>
         <input_file_ref idref="fl-4"/>
      </object_component>
      <object_component id="oc-fb">
         <name>.debug_info</name>
         <load_address>0x659d</load_address>
         <run_address>0x659d</run_address>
         <size>0x148</size>
         <input_file_ref idref="fl-154"/>
      </object_component>
      <object_component id="oc-fe">
         <name>.debug_info</name>
         <load_address>0x66e5</load_address>
         <run_address>0x66e5</run_address>
         <size>0x1ea</size>
         <input_file_ref idref="fl-16"/>
      </object_component>
      <object_component id="oc-101">
         <name>.debug_info</name>
         <load_address>0x68cf</load_address>
         <run_address>0x68cf</run_address>
         <size>0x1f4</size>
         <input_file_ref idref="fl-19"/>
      </object_component>
      <object_component id="oc-105">
         <name>.debug_info</name>
         <load_address>0x6ac3</load_address>
         <run_address>0x6ac3</run_address>
         <size>0x25a</size>
         <input_file_ref idref="fl-19"/>
      </object_component>
      <object_component id="oc-109">
         <name>.debug_info</name>
         <load_address>0x6d1d</load_address>
         <run_address>0x6d1d</run_address>
         <size>0xcb3</size>
         <input_file_ref idref="fl-f"/>
      </object_component>
      <object_component id="oc-10f">
         <name>.debug_info</name>
         <load_address>0x79d0</load_address>
         <run_address>0x79d0</run_address>
         <size>0x1e4</size>
         <input_file_ref idref="fl-19"/>
      </object_component>
      <object_component id="oc-114">
         <name>.debug_info</name>
         <load_address>0x7bb4</load_address>
         <run_address>0x7bb4</run_address>
         <size>0x325</size>
         <input_file_ref idref="fl-16"/>
      </object_component>
      <object_component id="oc-118">
         <name>.debug_info</name>
         <load_address>0x7ed9</load_address>
         <run_address>0x7ed9</run_address>
         <size>0x1ec</size>
         <input_file_ref idref="fl-16"/>
      </object_component>
      <object_component id="oc-11b">
         <name>.debug_info</name>
         <load_address>0x80c5</load_address>
         <run_address>0x80c5</run_address>
         <size>0x1ea</size>
         <input_file_ref idref="fl-19"/>
      </object_component>
      <object_component id="oc-11f">
         <name>.debug_info</name>
         <load_address>0x82af</load_address>
         <run_address>0x82af</run_address>
         <size>0x89a</size>
         <input_file_ref idref="fl-10"/>
      </object_component>
      <object_component id="oc-125">
         <name>.debug_info</name>
         <load_address>0x8b49</load_address>
         <run_address>0x8b49</run_address>
         <size>0x1f6</size>
         <input_file_ref idref="fl-19"/>
      </object_component>
      <object_component id="oc-129">
         <name>.debug_info</name>
         <load_address>0x8d3f</load_address>
         <run_address>0x8d3f</run_address>
         <size>0x208</size>
         <input_file_ref idref="fl-19"/>
      </object_component>
      <object_component id="oc-12d">
         <name>.debug_info</name>
         <load_address>0x8f47</load_address>
         <run_address>0x8f47</run_address>
         <size>0x2b5</size>
         <input_file_ref idref="fl-14b"/>
      </object_component>
      <object_component id="oc-133">
         <name>.debug_info</name>
         <load_address>0x91fc</load_address>
         <run_address>0x91fc</run_address>
         <size>0x2e4</size>
         <input_file_ref idref="fl-16"/>
      </object_component>
      <object_component id="oc-137">
         <name>.debug_info</name>
         <load_address>0x94e0</load_address>
         <run_address>0x94e0</run_address>
         <size>0x299</size>
         <input_file_ref idref="fl-5"/>
      </object_component>
      <object_component id="oc-13f">
         <name>.debug_info</name>
         <load_address>0x9779</load_address>
         <run_address>0x9779</run_address>
         <size>0x5e</size>
         <input_file_ref idref="fl-151"/>
      </object_component>
      <object_component id="oc-145">
         <name>.debug_info</name>
         <load_address>0x97d7</load_address>
         <run_address>0x97d7</run_address>
         <size>0x1d4</size>
         <input_file_ref idref="fl-14f"/>
      </object_component>
      <object_component id="oc-14c">
         <name>.debug_info</name>
         <load_address>0x99ab</load_address>
         <run_address>0x99ab</run_address>
         <size>0xd9</size>
         <input_file_ref idref="fl-14f"/>
      </object_component>
      <object_component id="oc-153">
         <name>.debug_info</name>
         <load_address>0x9a84</load_address>
         <run_address>0x9a84</run_address>
         <size>0x139</size>
         <input_file_ref idref="fl-9"/>
      </object_component>
      <object_component id="oc-158">
         <name>.debug_info</name>
         <load_address>0x9bbd</load_address>
         <run_address>0x9bbd</run_address>
         <size>0x39</size>
         <input_file_ref idref="fl-b"/>
      </object_component>
      <object_component id="oc-15d">
         <name>.debug_info</name>
         <load_address>0x9bf6</load_address>
         <run_address>0x9bf6</run_address>
         <size>0xb2</size>
         <input_file_ref idref="fl-b"/>
      </object_component>
      <object_component id="oc-162">
         <name>.debug_info</name>
         <load_address>0x9ca8</load_address>
         <run_address>0x9ca8</run_address>
         <size>0xc8</size>
         <input_file_ref idref="fl-b"/>
      </object_component>
      <object_component id="oc-168">
         <name>.debug_info</name>
         <load_address>0x9d70</load_address>
         <run_address>0x9d70</run_address>
         <size>0xab</size>
         <input_file_ref idref="fl-14d"/>
      </object_component>
      <object_component id="oc-16a">
         <name>.debug_info</name>
         <load_address>0x9e1b</load_address>
         <run_address>0x9e1b</run_address>
         <size>0xe2</size>
         <input_file_ref idref="fl-6"/>
      </object_component>
      <object_component id="oc-16d">
         <name>.debug_info</name>
         <load_address>0x9efd</load_address>
         <run_address>0x9efd</run_address>
         <size>0x1fc</size>
         <input_file_ref idref="fl-6"/>
      </object_component>
      <object_component id="oc-170">
         <name>.debug_info</name>
         <load_address>0xa0f9</load_address>
         <run_address>0xa0f9</run_address>
         <size>0xc6</size>
         <input_file_ref idref="fl-6"/>
      </object_component>
      <object_component id="oc-176">
         <name>.debug_info</name>
         <load_address>0xa1bf</load_address>
         <run_address>0xa1bf</run_address>
         <size>0xda</size>
         <input_file_ref idref="fl-6"/>
      </object_component>
      <object_component id="oc-179">
         <name>.debug_info</name>
         <load_address>0xa299</load_address>
         <run_address>0xa299</run_address>
         <size>0x110</size>
         <input_file_ref idref="fl-6"/>
      </object_component>
      <object_component id="oc-183">
         <name>.debug_info</name>
         <load_address>0xa3a9</load_address>
         <run_address>0xa3a9</run_address>
         <size>0xcd</size>
         <input_file_ref idref="fl-154"/>
      </object_component>
      <object_component id="oc-189">
         <name>.debug_info</name>
         <load_address>0xa476</load_address>
         <run_address>0xa476</run_address>
         <size>0x1b8</size>
         <input_file_ref idref="fl-16"/>
      </object_component>
      <object_component id="oc-18b">
         <name>.debug_info</name>
         <load_address>0xa62e</load_address>
         <run_address>0xa62e</run_address>
         <size>0x84</size>
         <input_file_ref idref="fl-15"/>
      </object_component>
      <object_component id="oc-18f">
         <name>.debug_info</name>
         <load_address>0xa6b2</load_address>
         <run_address>0xa6b2</run_address>
         <size>0x4cc</size>
         <input_file_ref idref="fl-16"/>
      </object_component>
      <object_component id="oc-191">
         <name>.debug_info</name>
         <load_address>0xab7e</load_address>
         <run_address>0xab7e</run_address>
         <size>0x214</size>
         <input_file_ref idref="fl-19"/>
      </object_component>
      <object_component id="oc-196">
         <name>.debug_info</name>
         <load_address>0xad92</load_address>
         <run_address>0xad92</run_address>
         <size>0x471</size>
         <input_file_ref idref="fl-19"/>
      </object_component>
      <object_component id="oc-198">
         <name>.debug_info</name>
         <load_address>0xb203</load_address>
         <run_address>0xb203</run_address>
         <size>0x1af</size>
         <input_file_ref idref="fl-17"/>
      </object_component>
      <object_component id="oc-19c">
         <name>.debug_info</name>
         <load_address>0xb3b2</load_address>
         <run_address>0xb3b2</run_address>
         <size>0x261</size>
         <input_file_ref idref="fl-17"/>
      </object_component>
      <object_component id="oc-1a0">
         <name>.debug_info</name>
         <load_address>0xb613</load_address>
         <run_address>0xb613</run_address>
         <size>0x3fd</size>
         <input_file_ref idref="fl-f"/>
      </object_component>
      <object_component id="oc-1a3">
         <name>.debug_info</name>
         <load_address>0xba10</load_address>
         <run_address>0xba10</run_address>
         <size>0x1b1</size>
         <input_file_ref idref="fl-17"/>
      </object_component>
      <object_component id="oc-1a7">
         <name>.debug_info</name>
         <load_address>0xbbc1</load_address>
         <run_address>0xbbc1</run_address>
         <size>0x1ea</size>
         <input_file_ref idref="fl-16"/>
      </object_component>
      <object_component id="oc-1ab">
         <name>.debug_info</name>
         <load_address>0xbdab</load_address>
         <run_address>0xbdab</run_address>
         <size>0x396</size>
         <input_file_ref idref="fl-17"/>
      </object_component>
      <object_component id="oc-1af">
         <name>.debug_info</name>
         <load_address>0xc141</load_address>
         <run_address>0xc141</run_address>
         <size>0x1e8</size>
         <input_file_ref idref="fl-19"/>
      </object_component>
      <object_component id="oc-1b3">
         <name>.debug_info</name>
         <load_address>0xc329</load_address>
         <run_address>0xc329</run_address>
         <size>0x1af</size>
         <input_file_ref idref="fl-17"/>
      </object_component>
      <object_component id="oc-1b7">
         <name>.debug_info</name>
         <load_address>0xc4d8</load_address>
         <run_address>0xc4d8</run_address>
         <size>0x1f9</size>
         <input_file_ref idref="fl-17"/>
      </object_component>
      <object_component id="oc-1bd">
         <name>.debug_info</name>
         <load_address>0xc6d1</load_address>
         <run_address>0xc6d1</run_address>
         <size>0x149</size>
         <input_file_ref idref="fl-f"/>
      </object_component>
      <object_component id="oc-1c2">
         <name>.debug_info</name>
         <load_address>0xc81a</load_address>
         <run_address>0xc81a</run_address>
         <size>0xdb</size>
         <input_file_ref idref="fl-f"/>
      </object_component>
      <object_component id="oc-1c6">
         <name>.debug_info</name>
         <load_address>0xc8f5</load_address>
         <run_address>0xc8f5</run_address>
         <size>0xf1</size>
         <input_file_ref idref="fl-f"/>
      </object_component>
      <object_component id="oc-1cf">
         <name>.debug_info</name>
         <load_address>0xc9e6</load_address>
         <run_address>0xc9e6</run_address>
         <size>0x1f0</size>
         <input_file_ref idref="fl-16"/>
      </object_component>
      <object_component id="oc-1d4">
         <name>.debug_info</name>
         <load_address>0xcbd6</load_address>
         <run_address>0xcbd6</run_address>
         <size>0x27b</size>
         <input_file_ref idref="fl-15"/>
      </object_component>
      <object_component id="oc-1d8">
         <name>.debug_info</name>
         <load_address>0xce51</load_address>
         <run_address>0xce51</run_address>
         <size>0x1b4</size>
         <input_file_ref idref="fl-15"/>
      </object_component>
      <object_component id="oc-1dc">
         <name>.debug_info</name>
         <load_address>0xd005</load_address>
         <run_address>0xd005</run_address>
         <size>0x268</size>
         <input_file_ref idref="fl-15"/>
      </object_component>
      <object_component id="oc-1e0">
         <name>.debug_info</name>
         <load_address>0xd26d</load_address>
         <run_address>0xd26d</run_address>
         <size>0x242</size>
         <input_file_ref idref="fl-15"/>
      </object_component>
      <object_component id="oc-1e2">
         <name>.debug_info</name>
         <load_address>0xd4af</load_address>
         <run_address>0xd4af</run_address>
         <size>0x129</size>
         <input_file_ref idref="fl-10"/>
      </object_component>
      <object_component id="oc-1e5">
         <name>.debug_info</name>
         <load_address>0xd5d8</load_address>
         <run_address>0xd5d8</run_address>
         <size>0xd7</size>
         <input_file_ref idref="fl-10"/>
      </object_component>
      <object_component id="oc-1e9">
         <name>.debug_info</name>
         <load_address>0xd6af</load_address>
         <run_address>0xd6af</run_address>
         <size>0x137</size>
         <input_file_ref idref="fl-14e"/>
      </object_component>
      <object_component id="oc-1ed">
         <name>.debug_info</name>
         <load_address>0xd7e6</load_address>
         <run_address>0xd7e6</run_address>
         <size>0x267</size>
         <input_file_ref idref="fl-10"/>
      </object_component>
      <object_component id="oc-1ee">
         <name>.debug_info</name>
         <load_address>0xda4d</load_address>
         <run_address>0xda4d</run_address>
         <size>0x4e</size>
         <input_file_ref idref="fl-4"/>
      </object_component>
      <object_component id="oc-1f6">
         <name>.debug_info</name>
         <load_address>0xda9b</load_address>
         <run_address>0xda9b</run_address>
         <size>0x684</size>
         <input_file_ref idref="fl-150"/>
      </object_component>
      <object_component id="oc-1fc">
         <name>.debug_info</name>
         <load_address>0xe11f</load_address>
         <run_address>0xe11f</run_address>
         <size>0x170</size>
         <input_file_ref idref="fl-14b"/>
      </object_component>
      <object_component id="oc-200">
         <name>.debug_info</name>
         <load_address>0xe28f</load_address>
         <run_address>0xe28f</run_address>
         <size>0xeb</size>
         <input_file_ref idref="fl-2"/>
      </object_component>
      <object_component id="oc-205">
         <name>.debug_info</name>
         <load_address>0xe37a</load_address>
         <run_address>0xe37a</run_address>
         <size>0x1bf</size>
         <input_file_ref idref="fl-5"/>
      </object_component>
      <object_component id="oc-211">
         <name>.debug_info</name>
         <load_address>0xe539</load_address>
         <run_address>0xe539</run_address>
         <size>0x99</size>
         <input_file_ref idref="fl-6"/>
      </object_component>
      <object_component id="oc-21e">
         <name>.debug_info</name>
         <load_address>0xe5d2</load_address>
         <run_address>0xe5d2</run_address>
         <size>0x2c</size>
         <input_file_ref idref="fl-15"/>
      </object_component>
      <object_component id="oc-226">
         <name>.debug_info</name>
         <load_address>0xe5fe</load_address>
         <run_address>0xe5fe</run_address>
         <size>0x477</size>
         <input_file_ref idref="fl-17"/>
      </object_component>
      <object_component id="oc-22a">
         <name>.debug_info</name>
         <load_address>0xea75</load_address>
         <run_address>0xea75</run_address>
         <size>0x2c</size>
         <input_file_ref idref="fl-4"/>
      </object_component>
      <object_component id="oc-231">
         <name>.debug_info</name>
         <load_address>0xeaa1</load_address>
         <run_address>0xeaa1</run_address>
         <size>0x10e</size>
         <input_file_ref idref="fl-16"/>
      </object_component>
      <object_component id="oc-241">
         <name>.debug_info</name>
         <load_address>0xebaf</load_address>
         <run_address>0xebaf</run_address>
         <size>0x23d</size>
         <input_file_ref idref="fl-15"/>
      </object_component>
      <object_component id="oc-243">
         <name>.debug_info</name>
         <load_address>0xedec</load_address>
         <run_address>0xedec</run_address>
         <size>0x47d</size>
         <input_file_ref idref="fl-15"/>
      </object_component>
      <object_component id="oc-250">
         <name>.debug_info</name>
         <load_address>0xf269</load_address>
         <run_address>0xf269</run_address>
         <size>0x13a</size>
         <input_file_ref idref="fl-159"/>
      </object_component>
      <object_component id="oc-256">
         <name>.debug_info</name>
         <load_address>0xf3a3</load_address>
         <run_address>0xf3a3</run_address>
         <size>0xd5</size>
         <input_file_ref idref="fl-156"/>
      </object_component>
      <object_component id="oc-25a">
         <name>.debug_info</name>
         <load_address>0xf478</load_address>
         <run_address>0xf478</run_address>
         <size>0x153</size>
         <input_file_ref idref="fl-158"/>
      </object_component>
      <object_component id="oc-260">
         <name>.debug_info</name>
         <load_address>0xf5cb</load_address>
         <run_address>0xf5cb</run_address>
         <size>0x160</size>
         <input_file_ref idref="fl-157"/>
      </object_component>
      <object_component id="oc-266">
         <name>.debug_info</name>
         <load_address>0xf72b</load_address>
         <run_address>0xf72b</run_address>
         <size>0x126</size>
         <input_file_ref idref="fl-152"/>
      </object_component>
      <object_component id="oc-26c">
         <name>.debug_info</name>
         <load_address>0xf851</load_address>
         <run_address>0xf851</run_address>
         <size>0x204</size>
         <input_file_ref idref="fl-150"/>
      </object_component>
      <object_component id="oc-26d">
         <name>.debug_info</name>
         <load_address>0xfa55</load_address>
         <run_address>0xfa55</run_address>
         <size>0x86</size>
         <input_file_ref idref="fl-150"/>
      </object_component>
      <object_component id="oc-272">
         <name>.debug_info</name>
         <load_address>0xfadb</load_address>
         <run_address>0xfadb</run_address>
         <size>0x39</size>
         <input_file_ref idref="fl-150"/>
      </object_component>
      <object_component id="oc-279">
         <name>.debug_info</name>
         <load_address>0xfb14</load_address>
         <run_address>0xfb14</run_address>
         <size>0x2c</size>
         <input_file_ref idref="fl-14b"/>
      </object_component>
      <object_component id="oc-28b">
         <name>.debug_info</name>
         <load_address>0xfb40</load_address>
         <run_address>0xfb40</run_address>
         <size>0x9f</size>
         <input_file_ref idref="fl-158"/>
      </object_component>
      <object_component id="oc-28d">
         <name>.debug_info</name>
         <load_address>0xfbdf</load_address>
         <run_address>0xfbdf</run_address>
         <size>0xa6</size>
         <input_file_ref idref="fl-157"/>
      </object_component>
      <object_component id="oc-28f">
         <name>.debug_info</name>
         <load_address>0xfc85</load_address>
         <run_address>0xfc85</run_address>
         <size>0xaf</size>
         <input_file_ref idref="fl-155"/>
      </object_component>
      <object_component id="oc-292">
         <name>.debug_info</name>
         <load_address>0xfd34</load_address>
         <run_address>0xfd34</run_address>
         <size>0xc5</size>
         <input_file_ref idref="fl-152"/>
      </object_component>
      <object_component id="oc-295">
         <name>.debug_info</name>
         <load_address>0xfdf9</load_address>
         <run_address>0xfdf9</run_address>
         <size>0x46</size>
         <input_file_ref idref="fl-150"/>
      </object_component>
      <object_component id="oc-2a0">
         <name>.debug_info</name>
         <load_address>0xfe3f</load_address>
         <run_address>0xfe3f</run_address>
         <size>0xa3</size>
         <input_file_ref idref="fl-155"/>
      </object_component>
      <object_component id="oc-2c5">
         <name>.debug_info</name>
         <load_address>0xfee2</load_address>
         <run_address>0xfee2</run_address>
         <size>0xa1</size>
      </object_component>
      <object_component id="oc-f">
         <name>.debug_pubnames</name>
         <load_address>0x0</load_address>
         <run_address>0x0</run_address>
         <size>0x23</size>
         <input_file_ref idref="fl-7"/>
      </object_component>
      <object_component id="oc-12">
         <name>.debug_pubnames</name>
         <load_address>0x23</load_address>
         <run_address>0x23</run_address>
         <size>0x1f</size>
         <input_file_ref idref="fl-144"/>
      </object_component>
      <object_component id="oc-18">
         <name>.debug_pubnames</name>
         <load_address>0x42</load_address>
         <run_address>0x42</run_address>
         <size>0x2b</size>
         <input_file_ref idref="fl-145"/>
      </object_component>
      <object_component id="oc-1e">
         <name>.debug_pubnames</name>
         <load_address>0x6d</load_address>
         <run_address>0x6d</run_address>
         <size>0x25</size>
         <input_file_ref idref="fl-147"/>
      </object_component>
      <object_component id="oc-24">
         <name>.debug_pubnames</name>
         <load_address>0x92</load_address>
         <run_address>0x92</run_address>
         <size>0x2c</size>
         <input_file_ref idref="fl-146"/>
      </object_component>
      <object_component id="oc-2a">
         <name>.debug_pubnames</name>
         <load_address>0xbe</load_address>
         <run_address>0xbe</run_address>
         <size>0x1f</size>
         <input_file_ref idref="fl-7"/>
      </object_component>
      <object_component id="oc-2e">
         <name>.debug_pubnames</name>
         <load_address>0xdd</load_address>
         <run_address>0xdd</run_address>
         <size>0x4c</size>
         <input_file_ref idref="fl-7"/>
      </object_component>
      <object_component id="oc-34">
         <name>.debug_pubnames</name>
         <load_address>0x129</load_address>
         <run_address>0x129</run_address>
         <size>0x49</size>
         <input_file_ref idref="fl-e"/>
      </object_component>
      <object_component id="oc-39">
         <name>.debug_pubnames</name>
         <load_address>0x172</load_address>
         <run_address>0x172</run_address>
         <size>0xd2</size>
         <input_file_ref idref="fl-d"/>
      </object_component>
      <object_component id="oc-43">
         <name>.debug_pubnames</name>
         <load_address>0x244</load_address>
         <run_address>0x244</run_address>
         <size>0x37</size>
         <input_file_ref idref="fl-153"/>
      </object_component>
      <object_component id="oc-49">
         <name>.debug_pubnames</name>
         <load_address>0x27b</load_address>
         <run_address>0x27b</run_address>
         <size>0x21</size>
         <input_file_ref idref="fl-151"/>
      </object_component>
      <object_component id="oc-4d">
         <name>.debug_pubnames</name>
         <load_address>0x29c</load_address>
         <run_address>0x29c</run_address>
         <size>0x35</size>
         <input_file_ref idref="fl-148"/>
      </object_component>
      <object_component id="oc-52">
         <name>.debug_pubnames</name>
         <load_address>0x2d1</load_address>
         <run_address>0x2d1</run_address>
         <size>0x23</size>
         <input_file_ref idref="fl-14c"/>
      </object_component>
      <object_component id="oc-58">
         <name>.debug_pubnames</name>
         <load_address>0x2f4</load_address>
         <run_address>0x2f4</run_address>
         <size>0x1d</size>
         <input_file_ref idref="fl-149"/>
      </object_component>
      <object_component id="oc-6a">
         <name>.debug_pubnames</name>
         <load_address>0x311</load_address>
         <run_address>0x311</run_address>
         <size>0x2f</size>
         <input_file_ref idref="fl-146"/>
      </object_component>
      <object_component id="oc-7a">
         <name>.debug_pubnames</name>
         <load_address>0x340</load_address>
         <run_address>0x340</run_address>
         <size>0x246</size>
         <input_file_ref idref="fl-b"/>
      </object_component>
      <object_component id="oc-7f">
         <name>.debug_pubnames</name>
         <load_address>0x586</load_address>
         <run_address>0x586</run_address>
         <size>0x10a</size>
         <input_file_ref idref="fl-b"/>
      </object_component>
      <object_component id="oc-83">
         <name>.debug_pubnames</name>
         <load_address>0x690</load_address>
         <run_address>0x690</run_address>
         <size>0x3e</size>
         <input_file_ref idref="fl-d"/>
      </object_component>
      <object_component id="oc-95">
         <name>.debug_pubnames</name>
         <load_address>0x6ce</load_address>
         <run_address>0x6ce</run_address>
         <size>0x1e</size>
         <input_file_ref idref="fl-154"/>
      </object_component>
      <object_component id="oc-9c">
         <name>.debug_pubnames</name>
         <load_address>0x6ec</load_address>
         <run_address>0x6ec</run_address>
         <size>0x42</size>
         <input_file_ref idref="fl-4"/>
      </object_component>
      <object_component id="oc-a3">
         <name>.debug_pubnames</name>
         <load_address>0x72e</load_address>
         <run_address>0x72e</run_address>
         <size>0x28</size>
         <input_file_ref idref="fl-14f"/>
      </object_component>
      <object_component id="oc-a6">
         <name>.debug_pubnames</name>
         <load_address>0x756</load_address>
         <run_address>0x756</run_address>
         <size>0x3a</size>
         <input_file_ref idref="fl-148"/>
      </object_component>
      <object_component id="oc-c1">
         <name>.debug_pubnames</name>
         <load_address>0x790</load_address>
         <run_address>0x790</run_address>
         <size>0x72</size>
         <input_file_ref idref="fl-9"/>
      </object_component>
      <object_component id="oc-c6">
         <name>.debug_pubnames</name>
         <load_address>0x802</load_address>
         <run_address>0x802</run_address>
         <size>0x28</size>
         <input_file_ref idref="fl-b"/>
      </object_component>
      <object_component id="oc-c9">
         <name>.debug_pubnames</name>
         <load_address>0x82a</load_address>
         <run_address>0x82a</run_address>
         <size>0x88</size>
         <input_file_ref idref="fl-b"/>
      </object_component>
      <object_component id="oc-d0">
         <name>.debug_pubnames</name>
         <load_address>0x8b2</load_address>
         <run_address>0x8b2</run_address>
         <size>0x1e</size>
         <input_file_ref idref="fl-14d"/>
      </object_component>
      <object_component id="oc-d6">
         <name>.debug_pubnames</name>
         <load_address>0x8d0</load_address>
         <run_address>0x8d0</run_address>
         <size>0x64</size>
         <input_file_ref idref="fl-6"/>
      </object_component>
      <object_component id="oc-dc">
         <name>.debug_pubnames</name>
         <load_address>0x934</load_address>
         <run_address>0x934</run_address>
         <size>0x37</size>
         <input_file_ref idref="fl-14a"/>
      </object_component>
      <object_component id="oc-10b">
         <name>.debug_pubnames</name>
         <load_address>0x96b</load_address>
         <run_address>0x96b</run_address>
         <size>0xf3</size>
         <input_file_ref idref="fl-f"/>
      </object_component>
      <object_component id="oc-121">
         <name>.debug_pubnames</name>
         <load_address>0xa5e</load_address>
         <run_address>0xa5e</run_address>
         <size>0x87</size>
         <input_file_ref idref="fl-10"/>
      </object_component>
      <object_component id="oc-12f">
         <name>.debug_pubnames</name>
         <load_address>0xae5</load_address>
         <run_address>0xae5</run_address>
         <size>0x32</size>
         <input_file_ref idref="fl-14b"/>
      </object_component>
      <object_component id="oc-139">
         <name>.debug_pubnames</name>
         <load_address>0xb17</load_address>
         <run_address>0xb17</run_address>
         <size>0x26</size>
         <input_file_ref idref="fl-5"/>
      </object_component>
      <object_component id="oc-147">
         <name>.debug_pubnames</name>
         <load_address>0xb3d</load_address>
         <run_address>0xb3d</run_address>
         <size>0x43</size>
         <input_file_ref idref="fl-14f"/>
      </object_component>
      <object_component id="oc-16b">
         <name>.debug_pubnames</name>
         <load_address>0xb80</load_address>
         <run_address>0xb80</run_address>
         <size>0x2a</size>
         <input_file_ref idref="fl-6"/>
      </object_component>
      <object_component id="oc-16e">
         <name>.debug_pubnames</name>
         <load_address>0xbaa</load_address>
         <run_address>0xbaa</run_address>
         <size>0x26</size>
         <input_file_ref idref="fl-6"/>
      </object_component>
      <object_component id="oc-171">
         <name>.debug_pubnames</name>
         <load_address>0xbd0</load_address>
         <run_address>0xbd0</run_address>
         <size>0x1c</size>
         <input_file_ref idref="fl-6"/>
      </object_component>
      <object_component id="oc-177">
         <name>.debug_pubnames</name>
         <load_address>0xbec</load_address>
         <run_address>0xbec</run_address>
         <size>0x26</size>
         <input_file_ref idref="fl-6"/>
      </object_component>
      <object_component id="oc-1a1">
         <name>.debug_pubnames</name>
         <load_address>0xc12</load_address>
         <run_address>0xc12</run_address>
         <size>0x33</size>
         <input_file_ref idref="fl-f"/>
      </object_component>
      <object_component id="oc-1be">
         <name>.debug_pubnames</name>
         <load_address>0xc45</load_address>
         <run_address>0xc45</run_address>
         <size>0x54</size>
         <input_file_ref idref="fl-f"/>
      </object_component>
      <object_component id="oc-1c3">
         <name>.debug_pubnames</name>
         <load_address>0xc99</load_address>
         <run_address>0xc99</run_address>
         <size>0x20</size>
         <input_file_ref idref="fl-f"/>
      </object_component>
      <object_component id="oc-1c7">
         <name>.debug_pubnames</name>
         <load_address>0xcb9</load_address>
         <run_address>0xcb9</run_address>
         <size>0x2b</size>
         <input_file_ref idref="fl-f"/>
      </object_component>
      <object_component id="oc-1e3">
         <name>.debug_pubnames</name>
         <load_address>0xce4</load_address>
         <run_address>0xce4</run_address>
         <size>0x42</size>
         <input_file_ref idref="fl-10"/>
      </object_component>
      <object_component id="oc-1e6">
         <name>.debug_pubnames</name>
         <load_address>0xd26</load_address>
         <run_address>0xd26</run_address>
         <size>0x1f</size>
         <input_file_ref idref="fl-10"/>
      </object_component>
      <object_component id="oc-1eb">
         <name>.debug_pubnames</name>
         <load_address>0xd45</load_address>
         <run_address>0xd45</run_address>
         <size>0x39</size>
         <input_file_ref idref="fl-14e"/>
      </object_component>
      <object_component id="oc-1f8">
         <name>.debug_pubnames</name>
         <load_address>0xd7e</load_address>
         <run_address>0xd7e</run_address>
         <size>0x45</size>
         <input_file_ref idref="fl-150"/>
      </object_component>
      <object_component id="oc-202">
         <name>.debug_pubnames</name>
         <load_address>0xdc3</load_address>
         <run_address>0xdc3</run_address>
         <size>0x31</size>
         <input_file_ref idref="fl-2"/>
      </object_component>
      <object_component id="oc-252">
         <name>.debug_pubnames</name>
         <load_address>0xdf4</load_address>
         <run_address>0xdf4</run_address>
         <size>0x39</size>
         <input_file_ref idref="fl-159"/>
[...]
         <object_component_ref idref="oc-d"/>
      </symbol>
      <symbol id="sm-118">
         <name>uxListRemove</name>
         <value>0x24c3</value>
         <object_component_ref idref="oc-be"/>
      </symbol>
      <symbol id="sm-119">
         <name>vListInsert</name>
         <value>0x245d</value>
         <object_component_ref idref="oc-be"/>
      </symbol>
      <symbol id="sm-11a">
         <name>vListInitialiseItem</name>
         <value>0x2409</value>
         <object_component_ref idref="oc-be"/>
      </symbol>
      <symbol id="sm-11b">
         <name>vListInsertEnd</name>
         <value>0x2419</value>
         <object_component_ref idref="oc-be"/>
      </symbol>
      <symbol id="sm-11c">
         <name>vListInitialise</name>
         <value>0x23d9</value>
         <object_component_ref idref="oc-be"/>
      </symbol>
      <symbol id="sm-1e8">
         <name>vTaskDelay</name>
         <value>0x291</value>
         <object_component_ref idref="oc-77"/>
      </symbol>
      <symbol id="sm-1e9">
         <name>vTaskSuspendAll</name>
         <value>0x323</value>
         <object_component_ref idref="oc-77"/>
      </symbol>
      <symbol id="sm-1ea">
         <name>vTaskPlaceOnEventList</name>
         <value>0x5b1</value>
         <object_component_ref idref="oc-77"/>
      </symbol>
      <symbol id="sm-1eb">
         <name>xTaskCheckForTimeOut</name>
         <value>0x685</value>
         <object_component_ref idref="oc-77"/>
      </symbol>
      <symbol id="sm-1ec">
         <name>vTaskStartScheduler</name>
         <value>0x2cb</value>
         <object_component_ref idref="oc-77"/>
      </symbol>
      <symbol id="sm-1ed">
         <name>vTaskDelayUntil</name>
         <value>0x20b</value>
         <object_component_ref idref="oc-77"/>
      </symbol>
      <symbol id="sm-1ee">
         <name>vTaskEndScheduler</name>
         <value>0x311</value>
         <object_component_ref idref="oc-77"/>
      </symbol>
      <symbol id="sm-1ef">
         <name>vTaskMissedYield</name>
         <value>0x6e9</value>
         <object_component_ref idref="oc-77"/>
      </symbol>
      <symbol id="sm-1f0">
         <name>uxTaskGetNumberOfTasks</name>
         <value>0x425</value>
         <object_component_ref idref="oc-77"/>
      </symbol>
      <symbol id="sm-1f1">
         <name>xTaskResumeAll</name>
         <value>0x32d</value>
         <object_component_ref idref="oc-77"/>
      </symbol>
      <symbol id="sm-1f2">
         <name>xTaskGetTickCount</name>
         <value>0x3f5</value>
         <object_component_ref idref="oc-77"/>
      </symbol>
      <symbol id="sm-1f3">
         <name>xTaskGenericCreate</name>
         <value>0xf1</value>
         <object_component_ref idref="oc-77"/>
      </symbol>
      <symbol id="sm-1f4">
         <name>pxCurrentTCB</name>
         <value>0x20002988</value>
         <object_component_ref idref="oc-7d"/>
      </symbol>
      <symbol id="sm-1f5">
         <name>xTaskGetTickCountFromISR</name>
         <value>0x40d</value>
         <object_component_ref idref="oc-77"/>
      </symbol>
      <symbol id="sm-1f6">
         <name>vTaskSetTimeOutState</name>
         <value>0x661</value>
         <object_component_ref idref="oc-77"/>
      </symbol>
      <symbol id="sm-1f7">
         <name>vTaskIncrementTick</name>
         <value>0x43d</value>
         <object_component_ref idref="oc-77"/>
      </symbol>
      <symbol id="sm-1f8">
         <name>vTaskSwitchContext</name>
         <value>0x541</value>
         <object_component_ref idref="oc-77"/>
      </symbol>
      <symbol id="sm-1f9">
         <name>xTaskRemoveFromEventList</name>
         <value>0x5ed</value>
         <object_component_ref idref="oc-77"/>
      </symbol>
      <symbol id="sm-21e">
         <name>vPortSetupTimerInterrupt</name>
         <value>0x25cb</value>
         <object_component_ref idref="oc-36"/>
      </symbol>
      <symbol id="sm-21f">
         <name>vPortEndScheduler</name>
         <value>0x257d</value>
         <object_component_ref idref="oc-36"/>
      </symbol>
      <symbol id="sm-220">
         <name>xPortSysTickCount</name>
         <value>0x200029c4</value>
         <object_component_ref idref="oc-81"/>
      </symbol>
      <symbol id="sm-221">
         <name>xPortSysTickHandler</name>
         <value>0x25b1</value>
         <object_component_ref idref="oc-36"/>
      </symbol>
      <symbol id="sm-222">
         <name>vPortYieldFromISR</name>
         <value>0x257f</value>
         <object_component_ref idref="oc-36"/>
      </symbol>
      <symbol id="sm-223">
         <name>pxPortInitialiseStack</name>
         <value>0x250d</value>
         <object_component_ref idref="oc-36"/>
      </symbol>
      <symbol id="sm-224">
         <name>vPortExitCritical</name>
         <value>0x2599</value>
         <object_component_ref idref="oc-36"/>
      </symbol>
      <symbol id="sm-225">
         <name>xPortStartScheduler</name>
         <value>0x2555</value>
         <object_component_ref idref="oc-36"/>
      </symbol>
      <symbol id="sm-226">
         <name>vPortEnterCritical</name>
         <value>0x2589</value>
         <object_component_ref idref="oc-36"/>
      </symbol>
      <symbol id="sm-234">
         <name>vPortStartFirstTask</name>
         <value>0x28e3</value>
         <object_component_ref idref="oc-31"/>
      </symbol>
      <symbol id="sm-235">
         <name>xPortPendSVHandler</name>
         <value>0x2875</value>
         <object_component_ref idref="oc-31"/>
      </symbol>
      <symbol id="sm-236">
         <name>vPortClearInterruptMask</name>
         <value>0x28bf</value>
         <object_component_ref idref="oc-31"/>
      </symbol>
      <symbol id="sm-237">
         <name>ulPortSetInterruptMask</name>
         <value>0x28b1</value>
         <object_component_ref idref="oc-31"/>
      </symbol>
      <symbol id="sm-238">
         <name>vPortSVCHandler</name>
         <value>0x28c5</value>
         <object_component_ref idref="oc-31"/>
      </symbol>
      <symbol id="sm-2a9">
         <name>RIT128x96x4StringDraw</name>
         <value>0x113d</value>
         <object_component_ref idref="oc-108"/>
      </symbol>
      <symbol id="sm-2aa">
         <name>RIT128x96x4DisplayOn</name>
         <value>0x147d</value>
         <object_component_ref idref="oc-108"/>
      </symbol>
      <symbol id="sm-2ab">
         <name>RIT128x96x4Enable</name>
         <value>0x1305</value>
         <object_component_ref idref="oc-108"/>
      </symbol>
      <symbol id="sm-2ac">
         <name>RIT128x96x4Clear</name>
         <value>0x10e1</value>
         <object_component_ref idref="oc-108"/>
      </symbol>
      <symbol id="sm-2ad">
         <name>RIT128x96x4Disable</name>
         <value>0x135f</value>
         <object_component_ref idref="oc-108"/>
      </symbol>
      <symbol id="sm-2ae">
         <name>RIT128x96x4DisplayOff</name>
         <value>0x14b1</value>
         <object_component_ref idref="oc-108"/>
      </symbol>
      <symbol id="sm-2af">
         <name>RIT128x96x4ImageDraw</name>
         <value>0x127d</value>
         <object_component_ref idref="oc-108"/>
      </symbol>
      <symbol id="sm-2b0">
         <name>RIT128x96x4Init</name>
         <value>0x13d9</value>
         <object_component_ref idref="oc-108"/>
      </symbol>
      <symbol id="sm-316">
         <name>UARTgetc</name>
         <value>0x1659</value>
         <object_component_ref idref="oc-11e"/>
      </symbol>
      <symbol id="sm-317">
         <name>UARTgets</name>
         <value>0x15a1</value>
         <object_component_ref idref="oc-11e"/>
      </symbol>
      <symbol id="sm-318">
         <name>UARTStdioConfig</name>
         <value>0x14e9</value>
         <object_component_ref idref="oc-11e"/>
      </symbol>
      <symbol id="sm-319">
         <name>UARTStdioInit</name>
         <value>0x152f</value>
         <object_component_ref idref="oc-11e"/>
      </symbol>
      <symbol id="sm-31a">
         <name>UARTStdioInitExpClk</name>
         <value>0x1545</value>
         <object_component_ref idref="oc-11e"/>
      </symbol>
      <symbol id="sm-31b">
         <name>UARTwrite</name>
         <value>0x155b</value>
         <object_component_ref idref="oc-11e"/>
      </symbol>
      <symbol id="sm-31c">
         <name>UARTprintf</name>
         <value>0x1681</value>
         <object_component_ref idref="oc-11e"/>
      </symbol>
      <symbol id="sm-354">
         <name>UARTConfigSetExpClk</name>
         <value>0x2c6d</value>
         <object_component_ref idref="oc-1d1"/>
      </symbol>
      <symbol id="sm-355">
         <name>UARTDisable</name>
         <value>0x2da5</value>
         <object_component_ref idref="oc-23e"/>
      </symbol>
      <symbol id="sm-356">
         <name>UARTCharPut</name>
         <value>0x2ef7</value>
         <object_component_ref idref="oc-1d9"/>
      </symbol>
      <symbol id="sm-357">
         <name>UARTEnable</name>
         <value>0x2e0d</value>
         <object_component_ref idref="oc-1d5"/>
      </symbol>
      <symbol id="sm-358">
         <name>UARTCharGet</name>
         <value>0x2eed</value>
         <object_component_ref idref="oc-1dd"/>
      </symbol>
      <symbol id="sm-3fb">
         <name>SysCtlPeripheralPresent</name>
         <value>0x28f5</value>
         <object_component_ref idref="oc-1cd"/>
      </symbol>
      <symbol id="sm-3fc">
         <name>SysCtlClockSet</name>
         <value>0x2295</value>
         <object_component_ref idref="oc-132"/>
      </symbol>
      <symbol id="sm-3fd">
         <name>SysCtlDelay</name>
         <value>0x2f15</value>
         <object_component_ref idref="oc-1fd"/>
      </symbol>
      <symbol id="sm-3fe">
         <name>SysCtlPeripheralEnable</name>
         <value>0x2afd</value>
         <object_component_ref idref="oc-fc"/>
      </symbol>
      <symbol id="sm-3ff">
         <name>SysCtlClockGet</name>
         <value>0x1f69</value>
         <object_component_ref idref="oc-1a6"/>
      </symbol>
      <symbol id="sm-400">
         <name>SysCtlPeripheralDisable</name>
         <value>0x2aa5</value>
         <object_component_ref idref="oc-116"/>
      </symbol>
      <symbol id="sm-401">
         <name>SysCtlPeripheralReset</name>
         <value>0x27ed</value>
         <object_component_ref idref="oc-112"/>
      </symbol>
      <symbol id="sm-435">
         <name>SSIDataPut</name>
         <value>0x2ecf</value>
         <object_component_ref idref="oc-19b"/>
      </symbol>
      <symbol id="sm-436">
         <name>SSIDataGetNonBlocking</name>
         <value>0x2e91</value>
         <object_component_ref idref="oc-1b6"/>
      </symbol>
      <symbol id="sm-437">
         <name>SSIConfigSetExpClk</name>
         <value>0x2ba1</value>
         <object_component_ref idref="oc-1aa"/>
      </symbol>
      <symbol id="sm-438">
         <name>SSIEnable</name>
         <value>0x2ee3</value>
         <object_component_ref idref="oc-1b2"/>
      </symbol>
      <symbol id="sm-439">
         <name>SSIBusy</name>
         <value>0x2f01</value>
         <object_component_ref idref="oc-197"/>
      </symbol>
      <symbol id="sm-43a">
         <name>SSIDisable</name>
         <value>0x2ed9</value>
         <object_component_ref idref="oc-1a2"/>
      </symbol>
      <symbol id="sm-486">
         <name>GPIOPinTypeGPIOInput</name>
         <value>0x2e49</value>
         <object_component_ref idref="oc-100"/>
      </symbol>
      <symbol id="sm-487">
         <name>GPIOPinTypeUART</name>
         <value>0x2e7f</value>
         <object_component_ref idref="oc-11a"/>
      </symbol>
      <symbol id="sm-488">
         <name>GPIOPinTypeGPIOOutput</name>
         <value>0x2e5b</value>
         <object_component_ref idref="oc-124"/>
      </symbol>
      <symbol id="sm-489">
         <name>GPIOPinRead</name>
         <value>0x2f09</value>
         <object_component_ref idref="oc-10e"/>
      </symbol>
      <symbol id="sm-48a">
         <name>GPIODirModeSet</name>
         <value>0x2d55</value>
         <object_component_ref idref="oc-190"/>
      </symbol>
      <symbol id="sm-48b">
         <name>GPIOPinWrite</name>
         <value>0x2f0f</value>
         <object_component_ref idref="oc-128"/>
      </symbol>
      <symbol id="sm-48c">
         <name>GPIOPadConfigSet</name>
         <value>0x25f5</value>
         <object_component_ref idref="oc-104"/>
      </symbol>
      <symbol id="sm-48d">
         <name>GPIOPinTypeSSI</name>
         <value>0x2e6d</value>
         <object_component_ref idref="oc-1ae"/>
      </symbol>
      <symbol id="sm-49d">
         <name>_c_int00</name>
         <value>0x2cf1</value>
         <object_component_ref idref="oc-10"/>
      </symbol>
      <symbol id="sm-49e">
         <name>__stack</name>
         <value>0x20002188</value>
         <object_component_ref idref="oc-27"/>
      </symbol>
      <symbol id="sm-4b5">
         <name>__TI_decompress_none</name>
         <value>0x2eb5</value>
         <object_component_ref idref="oc-15"/>
      </symbol>
      <symbol id="sm-4d9">
         <name>__TI_decompress_rle24</name>
         <value>0x2f1b</value>
         <object_component_ref idref="oc-21"/>
      </symbol>
      <symbol id="sm-4f2">
         <name>__TI_zero_init</name>
         <value>0x2ea3</value>
         <object_component_ref idref="oc-1b"/>
      </symbol>
      <symbol id="sm-511">
         <name>C$$EXIT</name>
         <value>0x2c29</value>
         <object_component_ref idref="oc-4a"/>
      </symbol>
      <symbol id="sm-512">
         <name>abort</name>
         <value>0x2c2d</value>
         <object_component_ref idref="oc-4a"/>
      </symbol>
      <symbol id="sm-513">
         <name>exit</name>
         <value>0x2c35</value>
         <object_component_ref idref="oc-4a"/>
      </symbol>
      <symbol id="sm-514">
         <name>__TI_dtors_ptr</name>
         <value>0x200029d4</value>
         <object_component_ref idref="oc-a4"/>
      </symbol>
      <symbol id="sm-515">
         <name>__TI_cleanup_ptr</name>
         <value>0x200029d0</value>
         <object_component_ref idref="oc-a4"/>
      </symbol>
      <symbol id="sm-530">
         <name>memcpy</name>
         <value>0x26bd</value>
         <object_component_ref idref="oc-54"/>
      </symbol>
      <symbol id="sm-531">
         <name>__aeabi_memcpy</name>
         <value>0x26bd</value>
         <object_component_ref idref="oc-54"/>
      </symbol>
      <symbol id="sm-532">
         <name>__aeabi_memcpy8</name>
         <value>0x26bd</value>
         <object_component_ref idref="oc-54"/>
      </symbol>
      <symbol id="sm-533">
         <name>__aeabi_memcpy4</name>
         <value>0x26bd</value>
         <object_component_ref idref="oc-54"/>
      </symbol>
      <symbol id="sm-542">
         <name>__aeabi_memset</name>
         <value>0x296f</value>
         <object_component_ref idref="oc-d9"/>
      </symbol>
      <symbol id="sm-543">
         <name>memset</name>
         <value>0x2975</value>
         <object_component_ref idref="oc-d9"/>
      </symbol>
      <symbol id="sm-544">
         <name>__aeabi_memset8</name>
         <value>0x296f</value>
         <object_component_ref idref="oc-d9"/>
      </symbol>
      <symbol id="sm-545">
         <name>__aeabi_memset4</name>
         <value>0x296f</value>
         <object_component_ref idref="oc-d9"/>
      </symbol>
      <symbol id="sm-546">
         <name>__aeabi_memclr8</name>
         <value>0x296d</value>
         <object_component_ref idref="oc-d9"/>
      </symbol>
      <symbol id="sm-547">
         <name>__aeabi_memclr4</name>
         <value>0x296d</value>
         <object_component_ref idref="oc-d9"/>
      </symbol>
      <symbol id="sm-548">
         <name>__aeabi_memclr</name>
         <value>0x296d</value>
         <object_component_ref idref="oc-d9"/>
      </symbol>
      <symbol id="sm-561">
         <name>sprintf</name>
         <value>0x29e5</value>
         <object_component_ref idref="oc-12c"/>
      </symbol>
      <symbol id="sm-569">
         <name>main_func_sp</name>
         <value>0x200029e0</value>
         <object_component_ref idref="oc-50"/>
      </symbol>
      <symbol id="sm-579">
         <name>strncpy</name>
         <value>0x2d25</value>
         <object_component_ref idref="oc-cd"/>
      </symbol>
      <symbol id="sm-589">
         <name>__aeabi_uidivmod</name>
         <value>0x2caf</value>
         <object_component_ref idref="oc-1e7"/>
      </symbol>
      <symbol id="sm-5a2">
         <name>_nop</name>
         <value>0x2e2f</value>
         <object_component_ref idref="oc-144"/>
      </symbol>
      <symbol id="sm-5a3">
         <name>_lock</name>
         <value>0x200029c8</value>
         <object_component_ref idref="oc-a1"/>
      </symbol>
      <symbol id="sm-5a4">
         <name>_unlock</name>
         <value>0x200029cc</value>
         <object_component_ref idref="oc-a1"/>
      </symbol>
      <symbol id="sm-5a5">
         <name>_register_lock</name>
         <value>0x2e27</value>
         <object_component_ref idref="oc-144"/>
      </symbol>
      <symbol id="sm-5a6">
         <name>_register_unlock</name>
         <value>0x2e21</value>
         <object_component_ref idref="oc-144"/>
      </symbol>
      <symbol id="sm-626">
         <name>__TI_printfi_nofloat</name>
         <value>0xcd1</value>
         <object_component_ref idref="oc-1f5"/>
      </symbol>
      <symbol id="sm-63a">
         <name>_args_main</name>
         <value>0x2ddd</value>
         <object_component_ref idref="oc-44"/>
      </symbol>
      <symbol id="sm-650">
         <name>atoi</name>
         <value>0x2b55</value>
         <object_component_ref idref="oc-265"/>
      </symbol>
      <symbol id="sm-66d">
         <name>__TI_auto_init</name>
         <value>0x2759</value>
         <object_component_ref idref="oc-3f"/>
      </symbol>
      <symbol id="sm-686">
         <name>copy_in</name>
         <value>0x2be5</value>
         <object_component_ref idref="oc-92"/>
      </symbol>
      <symbol id="sm-691">
         <name>_ctypes_</name>
         <value>0x3100</value>
         <object_component_ref idref="oc-28e"/>
      </symbol>
      <symbol id="sm-69a">
         <name>__aeabi_lmul</name>
         <value>0x2df5</value>
         <object_component_ref idref="oc-254"/>
      </symbol>
      <symbol id="sm-6aa">
         <name>memccpy</name>
         <value>0x2dc1</value>
         <object_component_ref idref="oc-25f"/>
      </symbol>
      <symbol id="sm-6b8">
         <name>strlen</name>
         <value>0x2e35</value>
         <object_component_ref idref="oc-259"/>
      </symbol>
      <symbol id="sm-6d4">
         <name>__aeabi_uldivmod</name>
         <value>0x1bc1</value>
         <object_component_ref idref="oc-24f"/>
      </symbol>
      <symbol id="sm-6d5">
         <name>__TI_static_base__</name>
         <value>0x0</value>
      </symbol>
      <symbol id="sm-6d6">
         <name>__TI_args_main</name>
         <value>0x1</value>
      </symbol>
      <symbol id="sm-6d7">
         <name>SHT$$INIT_ARRAY$$Limit</name>
         <value>0x0</value>
      </symbol>
      <symbol id="sm-6d8">
         <name>SHT$$INIT_ARRAY$$Base</name>
         <value>0x0</value>
      </symbol>
   </symbol_table>
   <title>Link successful</title>
</link_info>
