******************************************************************************
                  TI ARM Linker PC v5.1.7                      
******************************************************************************
>> Linked Thu Dec 11 12:36:46 2014

OUTPUT FILE NAME:   <FreeRTOS_Assembly.out>
ENTRY POINT SYMBOL: "_c_int00"  address: 00002cf1


MEMORY CONFIGURATION

         name            origin    length      used     unused   attr    fill
----------------------  --------  ---------  --------  --------  ----  --------
  FLASH                 00000000   00040000  00003382  0003cc7e  R  X
  SRAM                  20000000   00010000  000029e4  0000d61c  RW X


SEGMENT ALLOCATION MAP

run origin  load origin   length   init length attrs members
----------  ----------- ---------- ----------- ----- -------
00000000    00000000    00003388   00003388    r-x
  00000000    00000000    000000f0   000000f0    r-- .intvecs
  000000f0    000000f0    00002e30   00002e30    r-x .text
  00002f20    00002f20    0000041a   0000041a    r-- .const
  00003340    00003340    00000048   00000048    r-- .cinit
20000000    20000000    000029e4   00000000    rw-
  20000000    20000000    00002188   00000000    rw- .bss
  20002188    20002188    00000800   00000000    rw- .stack
  20002988    20002988    0000005c   00000000    rw- .data


SECTION ALLOCATION MAP

 output                                  attributes/
section   page    origin      length       input sections
--------  ----  ----------  ----------   ----------------
.intvecs   0    00000000    000000f0     
                  00000000    000000f0     startup_ccs.obj (.intvecs)

.text      0    000000f0    00002e30     
                  000000f0    00000794     tasks.obj (.text)
                  00000884    00000754     rtsv7M3_T_le_eabi.lib : _printfi_nf.obj (.text)
                  00000fd8    00000510     rit128x96x4.obj (.text)
                  000014e8    000004a8     uartstdio.obj (.text)
                  00001990    00000230     Main_AsmCompute.obj (.text)
                  00001bc0    000001f4     rtsv7M3_T_le_eabi.lib : ull_div_t2.obj (.text)
                  00001db4    000001b4     heap_2.obj (.text)
                  00001f68    00000198     driverlib-cm3.lib : sysctl.obj (.text:SysCtlClockGet)
                  00002100    00000194     Task_AsmCompute.obj (.text)
                  00002294    00000144     driverlib-cm3.lib : sysctl.obj (.text:SysCtlClockSet)
                  000023d8    00000132     list.obj (.text)
                  0000250a    00000002     --HOLE-- [fill = 0]
                  0000250c    000000e8     port.obj (.text)
                  000025f4    000000c8     driverlib-cm3.lib : gpio.obj (.text:GPIOPadConfigSet)
                  000026bc    0000009c     rtsv7M3_T_le_eabi.lib : memcpy_t2.obj (.text)
                  00002758    00000094                           : auto_init.obj (.text)
                  000027ec    00000088     driverlib-cm3.lib : sysctl.obj (.text:SysCtlPeripheralReset)
                  00002874    00000080     portasm.obj (.text)
                  000028f4    00000078     driverlib-cm3.lib : sysctl.obj (.text:SysCtlPeripheralPresent)
                  0000296c    00000078     rtsv7M3_T_le_eabi.lib : memset_t2.obj (.text)
                  000029e4    00000060                           : sprintf.obj (.text)
                  00002a44    0000005e                           : copy_decompress_rle.obj (.text)
                  00002aa2    00000002     --HOLE-- [fill = 0]
                  00002aa4    00000058     driverlib-cm3.lib : sysctl.obj (.text:SysCtlPeripheralDisable)
                  00002afc    00000058                       : sysctl.obj (.text:SysCtlPeripheralEnable)
                  00002b54    0000004c     rtsv7M3_T_le_eabi.lib : atoi.obj (.text)
                  00002ba0    00000044     driverlib-cm3.lib : ssi.obj (.text:SSIConfigSetExpClk)
                  00002be4    00000044     rtsv7M3_T_le_eabi.lib : cpy_tbl.obj (.text)
                  00002c28    00000044                           : exit.obj (.text)
                  00002c6c    00000042     driverlib-cm3.lib : uart.obj (.text:UARTConfigSetExpClk)
                  00002cae    00000042     rtsv7M3_T_le_eabi.lib : u_divt2.obj (.text)
                  00002cf0    00000034                           : boot.obj (.text)
                  00002d24    00000030                           : strncpy.obj (.text)
                  00002d54    0000002e     driverlib-cm3.lib : gpio.obj (.text:GPIODirModeSet)
                  00002d82    00000022     AsmComputeX.obj (.text)
                  00002da4    0000001c     driverlib-cm3.lib : uart.obj (.text:UARTDisable)
                  00002dc0    0000001a     rtsv7M3_T_le_eabi.lib : memccpy.obj (.text)
                  00002dda    00000002     --HOLE-- [fill = 0]
                  00002ddc    00000018                           : args_main.obj (.text)
                  00002df4    00000018                           : ll_mul_t2.obj (.text)
                  00002e0c    00000014     driverlib-cm3.lib : uart.obj (.text:UARTEnable)
                  00002e20    00000014     rtsv7M3_T_le_eabi.lib : _lock.obj (.text)
                  00002e34    00000014                           : strlen.obj (.text)
                  00002e48    00000012     driverlib-cm3.lib : gpio.obj (.text:GPIOPinTypeGPIOInput)
                  00002e5a    00000012                       : gpio.obj (.text:GPIOPinTypeGPIOOutput)
                  00002e6c    00000012                       : gpio.obj (.text:GPIOPinTypeSSI)
                  00002e7e    00000012                       : gpio.obj (.text:GPIOPinTypeUART)
                  00002e90    00000012                       : ssi.obj (.text:SSIDataGetNonBlocking)
                  00002ea2    00000012     rtsv7M3_T_le_eabi.lib : copy_zero_init.obj (.text:decompress:ZI)
                  00002eb4    0000000e                           : copy_decompress_none.obj (.text:decompress:none)
                  00002ec2    0000000c     startup_ccs.obj (.text)
                  00002ece    0000000a     driverlib-cm3.lib : ssi.obj (.text:SSIDataPut)
                  00002ed8    0000000a                       : ssi.obj (.text:SSIDisable)
                  00002ee2    0000000a                       : ssi.obj (.text:SSIEnable)
                  00002eec    0000000a                       : uart.obj (.text:UARTCharGet)
                  00002ef6    0000000a                       : uart.obj (.text:UARTCharPut)
                  00002f00    00000008                       : ssi.obj (.text:SSIBusy)
                  00002f08    00000006                       : gpio.obj (.text:GPIOPinRead)
                  00002f0e    00000006                       : gpio.obj (.text:GPIOPinWrite)
                  00002f14    00000006                       : sysctl.obj (.text:SysCtlDelay)
                  00002f1a    00000006     rtsv7M3_T_le_eabi.lib : copy_decompress_rle.obj (.text:decompress:rle24)

.const     0    00002f20    0000041a     
                  00002f20    000001e0     rit128x96x4.obj (.const:g_pucFont)
                  00003100    00000102     rtsv7M3_T_le_eabi.lib : ctype.obj (.const:.string:_ctypes_)
                  00003202    00000002     heap_2.obj (.const)
                  00003204    0000006c     driverlib-cm3.lib : sysctl.obj (.const:g_pulXtals)
                  00003270    0000004f     rit128x96x4.obj (.const:.string:g_pucRIT128x96x4Init)
                  000032bf    00000001     --HOLE-- [fill = 0]
                  000032c0    00000040     driverlib-cm3.lib : sysctl.obj (.const)
                  00003300    0000001c     uartstdio.obj (.const)
                  0000331c    00000012     uartstdio.obj (.const:.string)
                  0000332e    0000000c     rit128x96x4.obj (.const:.string)

.cinit     0    00003340    00000048     
                  00003340    00000020     (.cinit..data.load) [load image, compression = rle]
                  00003360    0000000c     (__TI_handler_table)
                  0000336c    00000004     --HOLE-- [fill = 0]
                  00003370    00000008     (.cinit..bss.load) [load image, compression = zero_init]
                  00003378    00000010     (__TI_cinit_table)

.bss       0    20000000    00002188     UNINITIALIZED
                  20000000    00002000     heap_2.obj (.bss:xHeap)
                  20002000    00000100     startup_ccs.obj (.bss:pulStack)
                  20002100    00000028     tasks.obj (.bss:pxReadyTasksLists)
                  20002128    00000014     (.common:xDelayedTaskList1)
                  2000213c    00000014     (.common:xDelayedTaskList2)
                  20002150    00000014     (.common:xPendingReadyList)
                  20002164    00000008     (.common:g_pucBuffer)
                  2000216c    00000008     (.common:xEnd)
                  20002174    00000008     (.common:xStart)
                  2000217c    00000004     (.common:g_ulSSIFlags)
                  20002180    00000004     (.common:pxDelayedTaskList)
                  20002184    00000004     (.common:pxOverflowDelayedTaskList)

.stack     0    20002188    00000800     UNINITIALIZED
                  20002188    00000800     --HOLE--

.data      0    20002988    0000005c     UNINITIALIZED
                  20002988    00000030     tasks.obj (.data)
                  200029b8    00000008     heap_2.obj (.data)
                  200029c0    00000008     port.obj (.data)
                  200029c8    00000008     rtsv7M3_T_le_eabi.lib : _lock.obj (.data)
                  200029d0    00000008                           : exit.obj (.data)
                  200029d8    00000005     uartstdio.obj (.data)
                  200029dd    00000003     --HOLE--
                  200029e0    00000004     rtsv7M3_T_le_eabi.lib : stkdepth_vars.obj (.data)


LINKER GENERATED COPY TABLES

__TI_cinit_table @ 00003378 records: 2, size/record: 8, table size: 16
	.data: load addr=00003340, load size=00000020 bytes, run addr=20002988, run size=0000005c bytes, compression=rle
	.bss: load addr=00003370, load size=00000008 bytes, run addr=20000000, run size=00002188 bytes, compression=zero_init


LINKER GENERATED HANDLER TABLE

__TI_handler_table @ 00003360 records: 3, size/record: 4, table size: 12
	index: 0, handler: __TI_decompress_rle24
	index: 1, handler: __TI_decompress_none
	index: 2, handler: __TI_zero_init


GLOBAL SYMBOLS: SORTED ALPHABETICALLY BY Name 

address    name
--------   ----
00002d83   AsmCompute
00001a13   BlinkLED
00002c29   C$$EXIT
00001a5b   Display
00002d55   GPIODirModeSet
000025f5   GPIOPadConfigSet
00002f09   GPIOPinRead
00002e49   GPIOPinTypeGPIOInput
00002e5b   GPIOPinTypeGPIOOutput
00002e6d   GPIOPinTypeSSI
00002e7f   GPIOPinTypeUART
00002f0f   GPIOPinWrite
00001991   PrintInit
000010e1   RIT128x96x4Clear
0000135f   RIT128x96x4Disable
000014b1   RIT128x96x4DisplayOff
0000147d   RIT128x96x4DisplayOn
00001305   RIT128x96x4Enable
0000127d   RIT128x96x4ImageDraw
000013d9   RIT128x96x4Init
0000113d   RIT128x96x4StringDraw
00002ec3   ResetISR
UNDEFED    SHT$$INIT_ARRAY$$Base
UNDEFED    SHT$$INIT_ARRAY$$Limit
00002f01   SSIBusy
00002ba1   SSIConfigSetExpClk
00002e91   SSIDataGetNonBlocking
00002ecf   SSIDataPut
00002ed9   SSIDisable
00002ee3   SSIEnable
00001f69   SysCtlClockGet
00002295   SysCtlClockSet
00002f15   SysCtlDelay
00002aa5   SysCtlPeripheralDisable
00002afd   SysCtlPeripheralEnable
000028f5   SysCtlPeripheralPresent
000027ed   SysCtlPeripheralReset
00002101   Task_AsmCompute
00002eed   UARTCharGet
00002ef7   UARTCharPut
00002c6d   UARTConfigSetExpClk
00002da5   UARTDisable
00002e0d   UARTEnable
000014e9   UARTStdioConfig
0000152f   UARTStdioInit
00001545   UARTStdioInitExpClk
00001659   UARTgetc
000015a1   UARTgets
00001681   UARTprintf
0000155b   UARTwrite
20002988   __STACK_END
00000800   __STACK_SIZE
20002288   __STACK_TOP
00003378   __TI_CINIT_Base
00003388   __TI_CINIT_Limit
00003360   __TI_Handler_Table_Base
0000336c   __TI_Handler_Table_Limit
00000001   __TI_args_main
00002759   __TI_auto_init
200029d0   __TI_cleanup_ptr
00002eb5   __TI_decompress_none
00002f1b   __TI_decompress_rle24
200029d4   __TI_dtors_ptr
00000cd1   __TI_printfi_nofloat
00000000   __TI_static_base__
00002ea3   __TI_zero_init
00002df5   __aeabi_lmul
0000296d   __aeabi_memclr
0000296d   __aeabi_memclr4
0000296d   __aeabi_memclr8
000026bd   __aeabi_memcpy
000026bd   __aeabi_memcpy4
000026bd   __aeabi_memcpy8
0000296f   __aeabi_memset
0000296f   __aeabi_memset4
0000296f   __aeabi_memset8
00002caf   __aeabi_uidivmod
00001bc1   __aeabi_uldivmod
ffffffff   __binit__
ffffffff   __c_args__
20002188   __stack
00002ddd   _args_main
00002cf1   _c_int00
00003100   _ctypes_
200029c8   _lock
00002e2f   _nop
00002e27   _register_lock
00002e21   _register_unlock
200029cc   _unlock
00002c2d   abort
00002b55   atoi
ffffffff   binit
00002be5   copy_in
00002c35   exit
00000000   g_pfnVectors
00001a9d   main
200029e0   main_func_sp
00002dc1   memccpy
000026bd   memcpy
00002975   memset
00001db5   pvPortMalloc
20002988   pxCurrentTCB
0000250d   pxPortInitialiseStack
000029e5   sprintf
00002e35   strlen
00002d25   strncpy
000028b1   ulPortSetInterruptMask
000024c3   uxListRemove
00000425   uxTaskGetNumberOfTasks
000023d9   vListInitialise
00002409   vListInitialiseItem
0000245d   vListInsert
00002419   vListInsertEnd
000028bf   vPortClearInterruptMask
0000257d   vPortEndScheduler
00002589   vPortEnterCritical
00002599   vPortExitCritical
00001edd   vPortFree
00001f45   vPortInitialiseBlocks
000028c5   vPortSVCHandler
000025cb   vPortSetupTimerInterrupt
000028e3   vPortStartFirstTask
0000257f   vPortYieldFromISR
00000291   vTaskDelay
0000020b   vTaskDelayUntil
00000311   vTaskEndScheduler
0000043d   vTaskIncrementTick
000006e9   vTaskMissedYield
000005b1   vTaskPlaceOnEventList
00000661   vTaskSetTimeOutState
000002cb   vTaskStartScheduler
00000323   vTaskSuspendAll
00000541   vTaskSwitchContext
00001f3f   xPortGetFreeHeapSize
00002875   xPortPendSVHandler
00002555   xPortStartScheduler
200029c4   xPortSysTickCount
000025b1   xPortSysTickHandler
00000685   xTaskCheckForTimeOut
000000f1   xTaskGenericCreate
000003f5   xTaskGetTickCount
0000040d   xTaskGetTickCountFromISR
000005ed   xTaskRemoveFromEventList
0000032d   xTaskResumeAll


GLOBAL SYMBOLS: SORTED BY Symbol Address 

address    name
--------   ----
00000000   __TI_static_base__
00000000   g_pfnVectors
00000001   __TI_args_main
000000f1   xTaskGenericCreate
0000020b   vTaskDelayUntil
00000291   vTaskDelay
000002cb   vTaskStartScheduler
00000311   vTaskEndScheduler
00000323   vTaskSuspendAll
0000032d   xTaskResumeAll
000003f5   xTaskGetTickCount
0000040d   xTaskGetTickCountFromISR
00000425   uxTaskGetNumberOfTasks
0000043d   vTaskIncrementTick
00000541   vTaskSwitchContext
000005b1   vTaskPlaceOnEventList
000005ed   xTaskRemoveFromEventList
00000661   vTaskSetTimeOutState
00000685   xTaskCheckForTimeOut
000006e9   vTaskMissedYield
00000800   __STACK_SIZE
00000cd1   __TI_printfi_nofloat
000010e1   RIT128x96x4Clear
0000113d   RIT128x96x4StringDraw
0000127d   RIT128x96x4ImageDraw
00001305   RIT128x96x4Enable
0000135f   RIT128x96x4Disable
000013d9   RIT128x96x4Init
0000147d   RIT128x96x4DisplayOn
000014b1   RIT128x96x4DisplayOff
000014e9   UARTStdioConfig
0000152f   UARTStdioInit
00001545   UARTStdioInitExpClk
0000155b   UARTwrite
000015a1   UARTgets
00001659   UARTgetc
00001681   UARTprintf
00001991   PrintInit
00001a13   BlinkLED
00001a5b   Display
00001a9d   main
00001bc1   __aeabi_uldivmod
00001db5   pvPortMalloc
00001edd   vPortFree
00001f3f   xPortGetFreeHeapSize
00001f45   vPortInitialiseBlocks
00001f69   SysCtlClockGet
00002101   Task_AsmCompute
00002295   SysCtlClockSet
000023d9   vListInitialise
00002409   vListInitialiseItem
00002419   vListInsertEnd
0000245d   vListInsert
000024c3   uxListRemove
0000250d   pxPortInitialiseStack
00002555   xPortStartScheduler
0000257d   vPortEndScheduler
0000257f   vPortYieldFromISR
00002589   vPortEnterCritical
00002599   vPortExitCritical
000025b1   xPortSysTickHandler
000025cb   vPortSetupTimerInterrupt
000025f5   GPIOPadConfigSet
000026bd   __aeabi_memcpy
000026bd   __aeabi_memcpy4
000026bd   __aeabi_memcpy8
000026bd   memcpy
00002759   __TI_auto_init
000027ed   SysCtlPeripheralReset
00002875   xPortPendSVHandler
000028b1   ulPortSetInterruptMask
000028bf   vPortClearInterruptMask
000028c5   vPortSVCHandler
000028e3   vPortStartFirstTask
000028f5   SysCtlPeripheralPresent
0000296d   __aeabi_memclr
0000296d   __aeabi_memclr4
0000296d   __aeabi_memclr8
0000296f   __aeabi_memset
0000296f   __aeabi_memset4
0000296f   __aeabi_memset8
00002975   memset
000029e5   sprintf
00002aa5   SysCtlPeripheralDisable
00002afd   SysCtlPeripheralEnable
00002b55   atoi
00002ba1   SSIConfigSetExpClk
00002be5   copy_in
00002c29   C$$EXIT
00002c2d   abort
00002c35   exit
00002c6d   UARTConfigSetExpClk
00002caf   __aeabi_uidivmod
00002cf1   _c_int00
00002d25   strncpy
00002d55   GPIODirModeSet
00002d83   AsmCompute
00002da5   UARTDisable
00002dc1   memccpy
00002ddd   _args_main
00002df5   __aeabi_lmul
00002e0d   UARTEnable
00002e21   _register_unlock
00002e27   _register_lock
00002e2f   _nop
00002e35   strlen
00002e49   GPIOPinTypeGPIOInput
00002e5b   GPIOPinTypeGPIOOutput
00002e6d   GPIOPinTypeSSI
00002e7f   GPIOPinTypeUART
00002e91   SSIDataGetNonBlocking
00002ea3   __TI_zero_init
00002eb5   __TI_decompress_none
00002ec3   ResetISR
00002ecf   SSIDataPut
00002ed9   SSIDisable
00002ee3   SSIEnable
00002eed   UARTCharGet
00002ef7   UARTCharPut
00002f01   SSIBusy
00002f09   GPIOPinRead
00002f0f   GPIOPinWrite
00002f15   SysCtlDelay
00002f1b   __TI_decompress_rle24
00003100   _ctypes_
00003360   __TI_Handler_Table_Base
0000336c   __TI_Handler_Table_Limit
00003378   __TI_CINIT_Base
00003388   __TI_CINIT_Limit
20002188   __stack
20002288   __STACK_TOP
20002988   __STACK_END
20002988   pxCurrentTCB
200029c4   xPortSysTickCount
200029c8   _lock
200029cc   _unlock
200029d0   __TI_cleanup_ptr
200029d4   __TI_dtors_ptr
200029e0   main_func_sp
ffffffff   __binit__
ffffffff   __c_args__
ffffffff   binit
UNDEFED    SHT$$INIT_ARRAY$$Base
UNDEFED    SHT$$INIT_ARRAY$$Limit

[144 symbols]
